 FingerStrokeAssistance_xpc

 Timestamp is 58ba1479 (Fri Mar 03 17:12:25 2017)

 Preferred load address is 10000000

 Start         Length     Name                   Class
 0001:00000000 00040f3eH .text$mn                CODE
 0002:00000000 00000104H .CRT$XCA                DATA
 0002:00000104 00000104H .CRT$XCZ                DATA
 0002:00000208 00000104H .CRT$XIA                DATA
 0002:0000030c 00000118H .CRT$XIC                DATA
 0002:00000424 00000104H .CRT$XIZ                DATA
 0002:00000528 00000104H .CRT$XPA                DATA
 0002:0000062c 00000109H .CRT$XPX                DATA
 0002:00000738 00000104H .CRT$XPXA               DATA
 0002:0000083c 00000104H .CRT$XPZ                DATA
 0002:00000940 00000104H .CRT$XTA                DATA
 0002:00000a44 00000104H .CRT$XTZ                DATA
 0002:00000b50 00013b24H .rdata                  DATA
 0002:00014674 000001bbH .rdata$debug            DATA
 0002:00014830 0000010eH .rdata$sxdata           DATA
 0002:00014940 00000104H .rtc$IAA                DATA
 0002:00014a44 00000104H .rtc$IZZ                DATA
 0002:00014b48 00000104H .rtc$TAA                DATA
 0002:00014c4c 00000104H .rtc$TZZ                DATA
 0002:00014d50 00000991H .xdata$x                DATA
 0002:000156f0 00000226H .edata                  DATA
 0003:00000000 00002e3fH .data                   DATA
 0003:00002e40 00016584H .bss                    DATA
 0004:00000000 000001b0H .idata$5                DATA
 0004:000001b0 00000014H .idata$2                DATA
 0004:000001c4 00000014H .idata$3                DATA
 0004:000001d8 000001b0H .idata$4                DATA
 0004:00000388 0000076bH .idata$6                DATA

  Address         Publics by Value              Rva+Base       Lib:Object

 0000:00000000       ___guard_fids_count        00000000     <absolute>
 0000:00000000       ___guard_fids_table        00000000     <absolute>
 0000:00000000       __except_list              00000000     <absolute>
 0000:00000000       ___guard_flags             00000000     <absolute>
 0000:00000003       ___safe_se_handler_count   00000003     <absolute>
 0000:00000000       ___ImageBase               10000000     <linker-defined>
 0001:00000460       _FingerStrokeAssi_MATLABFunction 10001460 f   FingerStrokeAssistance.obj
 0001:000004c0       _FingerStrokeAssistance    100014c0 f   FingerStrokeAssistance.obj
 0001:00001680       _FingerStrokeAssistance_gainramp 10002680 f   FingerStrokeAssistance.obj
 0001:00004670       _MdlInitialize             10005670 f   FingerStrokeAssistance.obj
 0001:00004680       _MdlInitializeSampleTimes  10005680 f   FingerStrokeAssistance.obj
 0001:00004690       _MdlInitializeSizes        10005690 f   FingerStrokeAssistance.obj
 0001:000046a0       _MdlOutputs                100056a0 f   FingerStrokeAssistance.obj
 0001:000046b0       _MdlStart                  100056b0 f   FingerStrokeAssistance.obj
 0001:000046c0       _MdlTerminate              100056c0 f   FingerStrokeAssistance.obj
 0001:00004720       _MdlUpdate                 10005720 f   FingerStrokeAssistance.obj
 0001:00004730       _rt_powd_snf               10005730 f   FingerStrokeAssistance.obj
 0001:000049c0       _rt_roundd_snf             100059c0 f   FingerStrokeAssistance.obj
 0001:00004ac0       _FingerStrokeAssistance_GetCAPIStaticMap 10005ac0 f   FingerStrokeAssistance_capi.obj
 0001:00004ad0       _FingerStrokeAssistance_InitializeDataMapInfo 10005ad0 f   FingerStrokeAssistance_capi.obj
 0001:00004b60       _TgtConnBackgroundTask     10005b60 f   FingerStrokeAssistance_tgtconn.obj
 0001:00004b70       _TgtConnInit               10005b70 f   FingerStrokeAssistance_tgtconn.obj
 0001:00004b90       _TgtConnPostStep           10005b90 f   FingerStrokeAssistance_tgtconn.obj
 0001:00004ba0       _TgtConnPreStep            10005ba0 f   FingerStrokeAssistance_tgtconn.obj
 0001:00004bb0       _TgtConnTerm               10005bb0 f   FingerStrokeAssistance_tgtconn.obj
 0001:00004bc0       _rtGetInf                  10005bc0 f   rtGetInf.obj
 0001:00004bf0       _rtGetInfF                 10005bf0 f   rtGetInf.obj
 0001:00004c10       _rtGetMinusInf             10005c10 f   rtGetInf.obj
 0001:00004c40       _rtGetMinusInfF            10005c40 f   rtGetInf.obj
 0001:00004c60       _rtGetNaN                  10005c60 f   rtGetNaN.obj
 0001:00004c90       _rtGetNaNF                 10005c90 f   rtGetNaN.obj
 0001:000055c0       _rt_CreateLogVar           100065c0 f   rt_logging.obj
 0001:00005650       _rt_CreateLogVarWithConvert 10006650 f   rt_logging.obj
 0001:00005fd0       _rt_CreateStructLogVar     10006fd0 f   rt_logging.obj
 0001:00006d40       _rt_GetMxIdFromDTypeId     10007d40 f   rt_logging.obj
 0001:00006d70       _rt_GetMxIdFromDTypeIdForRSim 10007d70 f   rt_logging.obj
 0001:000096b0       _rt_StartDataLogging       1000a6b0 f   rt_logging.obj
 0001:00009b70       _rt_StartDataLoggingWithStartTime 1000ab70 f   rt_logging.obj
 0001:0000a4d0       _rt_StopDataLogging        1000b4d0 f   rt_logging.obj
 0001:0000a4f0       _rt_StopDataLoggingImpl    1000b4f0 f   rt_logging.obj
 0001:0000a810       _rt_UpdateLogVar           1000b810 f   rt_logging.obj
 0001:0000bbd0       _rt_UpdateStructLogVar     1000cbd0 f   rt_logging.obj
 0001:0000bc60       _rt_UpdateTXXFYLogVars     1000cc60 f   rt_logging.obj
 0001:0000bfa0       _rt_UpdateTXYLogVars       1000cfa0 f   rt_logging.obj
 0001:0000c1f0       _rt_CleanUpForStateLogWithMMI 1000d1f0 f   rt_logging_mmi.obj
 0001:0000c300       _rt_FillStateSigInfoFromMMI 1000d300 f   rt_logging_mmi.obj
 0001:0000c6b0       _rt_mxCreateCharMatrixFromStrings 1000d6b0 f   rt_matrx.obj
 0001:0000c800       _rt_mxCreateDoubleMatrix   1000d800 f   rt_matrx.obj
 0001:0000c860       _rt_mxCreateNumericArray   1000d860 f   rt_matrx.obj
 0001:0000c8e0       _rt_mxCreateString         1000d8e0 f   rt_matrx.obj
 0001:0000c970       _rt_mxDuplicateArray       1000d970 f   rt_matrx.obj
 0001:0000c9d0       _rt_mxGetDimensions        1000d9d0 f   rt_matrx.obj
 0001:0000ca10       _rt_mxGetEps               1000da10 f   rt_matrx.obj
 0001:0000ca20       _rt_mxGetString            1000da20 f   rt_matrx.obj
 0001:0000caa0       _rtIsInf                   1000daa0 f   rt_nonfinite.obj
 0001:0000cae0       _rtIsInfF                  1000dae0 f   rt_nonfinite.obj
 0001:0000cb20       _rtIsNaN                   1000db20 f   rt_nonfinite.obj
 0001:0000cb40       _rtIsNaNF                  1000db40 f   rt_nonfinite.obj
 0001:0000cb60       _rt_InitInfAndNaN          1000db60 f   rt_nonfinite.obj
 0001:0000cbc0       _rtPrintfNoOp              1000dbc0 f   rt_printf.obj
 0001:0000cbd0       _rt_ZCFcn                  1000dbd0 f   rt_zcfcn.obj
 0001:0000cc90       _rtwCAPI_CountSysRan       1000dc90 f   rtw_modelmap_utils.obj
 0001:0000cd30       _rtwCAPI_EncodePath        1000dd30 f   rtw_modelmap_utils.obj
 0001:0000ce20       _rtwCAPI_FillSysRan        1000de20 f   rtw_modelmap_utils.obj
 0001:0000cf10       _rtwCAPI_FreeFullPaths     1000df10 f   rtw_modelmap_utils.obj
 0001:0000cfa0       _rtwCAPI_GetFullStateBlockPath 1000dfa0 f   rtw_modelmap_utils.obj
 0001:0000d150       _rtwCAPI_GetNumContStateRecords 1000e150 f   rtw_modelmap_utils.obj
 0001:0000d210       _rtwCAPI_GetNumSigLogRecords 1000e210 f   rtw_modelmap_utils.obj
 0001:0000d260       _rtwCAPI_GetNumSigLogRecordsForRTWLogging 1000e260 f   rtw_modelmap_utils.obj
 0001:0000d2f0       _rtwCAPI_GetNumStateRecords 1000e2f0 f   rtw_modelmap_utils.obj
 0001:0000d340       _rtwCAPI_GetNumStateRecordsForRTWLogging 1000e340 f   rtw_modelmap_utils.obj
 0001:0000d3d0       _rtwCAPI_GetSigAddrFromMap 1000e3d0 f   rtw_modelmap_utils.obj
 0001:0000d490       _rtwCAPI_GetSigLogRecordInfo 1000e490 f   rtw_modelmap_utils.obj
 0001:0000d8c0       _rtwCAPI_GetStateRecordInfo 1000e8c0 f   rtw_modelmap_utils.obj
 0001:0000dd70       _rtwCAPI_GetStateWidth     1000ed70 f   rtw_modelmap_utils.obj
 0001:0000ddd0       _rtwCAPI_HasStates         1000edd0 f   rtw_modelmap_utils.obj
 0001:0000de40       _rtwCAPI_UpdateFullPaths   1000ee40 f   rtw_modelmap_utils.obj
 0001:0000e020       _DllMain@12                1000f020 f   xpctarget.obj
 0001:0000e030       _FingerStrokeAssistance_ChangeStepSize 1000f030 f   xpctarget.obj
 0001:0000e080       _SLRTSetErrorStatus        1000f080 f   xpctarget.obj
 0001:0000e0a0       _changeStepSize            1000f0a0 f   xpctarget.obj
 0001:0000e0f0       _getDLMVersion             1000f0f0 f   xpctarget.obj
 0001:0000e100       _getRefMdlPath             1000f100 f   xpctarget.obj
 0001:0000e180       _getRefMdlSignalNumber     1000f180 f   xpctarget.obj
 0001:0000e230       _getrlmdlinfo              1000f230 f   xpctarget.obj
 0001:0000e410       _updateDiscreteEvents      1000f410 f   xpctarget.obj
 0001:0000e420       _getNumRef                 1000f420 f   appmappingData.obj
 0001:0000e430       _encnipcim                 1000f430 f   encnipcim.obj
 0001:0000ea60       _danipcim                  1000fa60 f   danipcim.obj
 0001:0000f200       _adnipcim                  10010200 f   adnipcim.obj
 0001:0000fc30       _niMIdentify               10010c30 f   xpcionim.obj
 0001:0000fdb0       _niM_AISetup               10010db0 f   xpcionim.obj
 0001:000101c0       _niM_AO_Setup              100111c0 f   xpcionim.obj
 0001:00010350       _niM_Cont_Pulse_Train_Generation 10011350 f   xpcionim.obj
 0001:00010490       _niM_Counter_Reset_All     10011490 f   xpcionim.obj
 0001:00010540       _niM_CtrArm                10011540 f   xpcionim.obj
 0001:00010560       _niM_CtrDisarm             10011560 f   xpcionim.obj
 0001:00010580       _niM_CtrReadArm            10011580 f   xpcionim.obj
 0001:000105a0       _niM_CtrReadDisarm         100115a0 f   xpcionim.obj
 0001:000105c0       _niM_PeriodConfigure       100115c0 f   xpcionim.obj
 0001:00010730       _niM_Private_Data          10011730 f   xpcionim.obj
 0001:00010d10       _niM_SetPFIFilter          10011d10 f   xpcionim.obj
 0001:00010d90       _niM_SetPFI_DO             10011d90 f   xpcionim.obj
 0001:00010de0       _niM_SetPFI_Select         10011de0 f   xpcionim.obj
 0001:00010e60       _niM_aiConfigureChannel    10011e60 f   xpcionim.obj
 0001:00010ed0       _niM_aiGetScalingCoefficients 10011ed0 f   xpcionim.obj
 0001:000110b0       _niM_aiPolynomialScaler    100120b0 f   xpcionim.obj
 0001:000111d0       _niM_analogTriggerReset    100121d0 f   xpcionim.obj
 0001:00011220       _niM_aoConfigureDAC        10012220 f   xpcionim.obj
 0001:00011270       _niM_aoGetScalingCoefficients 10012270 f   xpcionim.obj
 0001:00011320       _niM_aoLinearScaler        10012320 f   xpcionim.obj
 0001:00011350       _niM_configureTimebase     10012350 f   xpcionim.obj
 0001:00011370       _niM_eepromReadMSeries     10012370 f   xpcionim.obj
 0001:00011440       _niM_pllReset              10012440 f   xpcionim.obj
 0001:00011470       _niM_resetCtr              10012470 f   xpcionim.obj
 0001:00011490       _niM_whichBank             10012490 f   xpcionim.obj
 0001:000114d0       _niMconfig                 100124d0 f   xpcionim.obj
 0001:00011570       _GetPCIDeviceFull          10012570 f   xpcruntime:xpcimports.obj
 0001:000115a0       _ShowPCIDevice             100125a0 f   xpcruntime:xpcimports.obj
 0001:00011c10       _xpcGetPciConfigAtSlot     10012c10 f   xpcruntime:xpcimports.obj
 0001:00011e90       _xpcInitProcs              10012e90 f   xpcruntime:xpcimports.obj
 0001:000129f0       _xpceuploadevent           100139f0 f   xpcruntime:xpcimports.obj
 0001:000129f1       __heap_alloc               100139f1 f i LIBCMT:malloc.obj
 0001:00012a2e       _malloc                    10013a2e f   LIBCMT:malloc.obj
 0001:00012ac0       __get_printf_count_output  10013ac0 f   LIBCMT:printf.obj
 0001:00012ad5       __printf_l                 10013ad5 f   LIBCMT:printf.obj
 0001:00012aec       __printf_p                 10013aec f   LIBCMT:printf.obj
 0001:00012b02       __printf_p_l               10013b02 f   LIBCMT:printf.obj
 0001:00012b19       __printf_s_l               10013b19 f   LIBCMT:printf.obj
 0001:00012b30       __set_printf_count_output  10013b30 f   LIBCMT:printf.obj
 0001:00012b58       _printf                    10013b58 f   LIBCMT:printf.obj
 0001:00012c07       _printf_s                  10013c07 f   LIBCMT:printf.obj
 0001:00012c1d       ___libm_sse2_pow           10013c1d f   LIBCMT:pow_sse2.obj
 0001:000136a0       _ceil                      100146a0 f   LIBCMT:ceil_pentium4.obj
 0001:000136e0       __ceil_pentium4            100146e0 f   LIBCMT:ceil_pentium4.obj
 0001:000137c0       _memset                    100147c0 f   LIBCMT:memset.obj
 0001:00013850       __fpmath                   10014850 f   LIBCMT:fpinit.obj
 0001:00013867       ___setfflag                10014867 f   LIBCMT:fpinit.obj
 0001:0001387a       __cfltcvt_init             1001487a f   LIBCMT:fpinit.obj
 0001:000138da       ___raise_securityfailure   100148da f   LIBCMT:gs_report.obj
 0001:00013917       ___report_gsfailure        10014917 f   LIBCMT:gs_report.obj
 0001:00013a12       ___report_rangecheckfailure 10014a12 f   LIBCMT:gs_report.obj
 0001:00013a1e       ___report_securityfailure  10014a1e f   LIBCMT:gs_report.obj
 0001:00013aee       ___report_securityfailureEx 10014aee f   LIBCMT:gs_report.obj
 0001:00013c04       ___copy_path_to_wide_string 10014c04 f   LIBCMT:crt0dat.obj
 0001:00013cb6       ___copy_to_char            10014cb6 f   LIBCMT:crt0dat.obj
 0001:00013d6b       ___crtCorExitProcess       10014d6b f   LIBCMT:crt0dat.obj
 0001:00013d9f       ___crtExitProcess          10014d9f f   LIBCMT:crt0dat.obj
 0001:00013db5       ___freeCrtMemory           10014db5 f   LIBCMT:crt0dat.obj
 0001:00013ec2       __amsg_exit                10014ec2 f   LIBCMT:crt0dat.obj
 0001:00013ede       __c_exit                   10014ede f   LIBCMT:crt0dat.obj
 0001:00013eed       __cexit                    10014eed f   LIBCMT:crt0dat.obj
 0001:00013efc       __cinit                    10014efc f   LIBCMT:crt0dat.obj
 0001:00013f80       __exit                     10014f80 f   LIBCMT:crt0dat.obj
 0001:00013f94       __exit_app                 10014f94 f   LIBCMT:crt0dat.obj
 0001:00013fa2       __get_pgmptr               10014fa2 f   LIBCMT:crt0dat.obj
 0001:00013fd1       __get_wpgmptr              10014fd1 f   LIBCMT:crt0dat.obj
 0001:00014000       __init_pointers            10015000 f   LIBCMT:crt0dat.obj
 0001:0001406e       __initterm_e               1001506e f   LIBCMT:crt0dat.obj
 0001:00014090       __lockexit                 10015090 f   LIBCMT:crt0dat.obj
 0001:00014099       __unlockexit               10015099 f   LIBCMT:crt0dat.obj
 0001:000141d1       _exit                      100151d1 f   LIBCMT:crt0dat.obj
 0001:000141e5       _calloc                    100151e5 f   LIBCMT:calloc.obj
 0001:00014225       _free                      10015225 f   LIBCMT:free.obj
 0001:0001425d       _realloc                   1001525d f   LIBCMT:realloc.obj
 0001:00014310       _memmove                   10015310 f   LIBCMT:memmove.obj
 0001:00014960       _strchr                    10015960 f   LIBCMT:strchr.obj
 0001:000149ce       ___from_strstr_to_strchr   100159ce     LIBCMT:strchr.obj
 0001:00014a90       _strncat                   10015a90 f   LIBCMT:strncat.obj
 0001:00014bd0       _strncpy                   10015bd0 f   LIBCMT:strncpy.obj
 0001:00014cf4       ___initstdio               10015cf4 f   LIBCMT:_file.obj
 0001:00014d67       ___endstdio                10015d67 f   LIBCMT:_file.obj
 0001:00014d8e       ___iob_func                10015d8e f   LIBCMT:_file.obj
 0001:00014d94       __lock_file                10015d94 f   LIBCMT:_file.obj
 0001:00014dd3       __lock_file2               10015dd3 f   LIBCMT:_file.obj
 0001:00014e03       __unlock_file              10015e03 f   LIBCMT:_file.obj
 0001:00014e3d       __unlock_file2             10015e3d f   LIBCMT:_file.obj
 0001:00014e6a       __fclose_nolock            10015e6a f   LIBCMT:fclose.obj
 0001:00014ed6       _fclose                    10015ed6 f   LIBCMT:fclose.obj
 0001:00014f4d       __fsopen                   10015f4d f   LIBCMT:fopen.obj
 0001:00015011       _fopen                     10016011 f   LIBCMT:fopen.obj
 0001:00015026       _fopen_s                   10016026 f   LIBCMT:fopen.obj
 0001:0001506b       __fprintf_l                1001606b f   LIBCMT:fprintf.obj
 0001:00015085       __fprintf_p                10016085 f   LIBCMT:fprintf.obj
 0001:0001509e       __fprintf_p_l              1001609e f   LIBCMT:fprintf.obj
 0001:000150b8       __fprintf_s_l              100160b8 f   LIBCMT:fprintf.obj
 0001:000150d2       _fprintf                   100160d2 f   LIBCMT:fprintf.obj
 0001:000151e4       _fprintf_s                 100161e4 f   LIBCMT:fprintf.obj
 0001:000151fd       __fread_nolock             100161fd f   LIBCMT:fread.obj
 0001:00015218       __fread_nolock_s           10016218 f   LIBCMT:fread.obj
 0001:000153dd       _fread                     100163dd f   LIBCMT:fread.obj
 0001:000153f8       _fread_s                   100163f8 f   LIBCMT:fread.obj
 0001:00015489       __fwrite_nolock            10016489 f   LIBCMT:fwrite.obj
 0001:000155e2       _fwrite                    100165e2 f   LIBCMT:fwrite.obj
 0001:00015664       __unlink                   10016664 f   LIBCMT:unlink.obj
 0001:0001566d       _remove                    1001666d f   LIBCMT:unlink.obj
 0001:000156af       _rewind                    100166af f   LIBCMT:rewind.obj
 0001:0001576e       __scprintf                 1001676e f   LIBCMT:sprintf.obj
 0001:00015781       __scprintf_l               10016781 f   LIBCMT:sprintf.obj
 0001:00015798       __scprintf_p               10016798 f   LIBCMT:sprintf.obj
 0001:000157ab       __scprintf_p_l             100167ab f   LIBCMT:sprintf.obj
 0001:000157c2       __snprintf_s               100167c2 f   LIBCMT:sprintf.obj
 0001:000157e1       __snprintf_s_l             100167e1 f   LIBCMT:sprintf.obj
 0001:00015801       __sprintf_l                10016801 f   LIBCMT:sprintf.obj
 0001:0001581b       __sprintf_p                1001681b f   LIBCMT:sprintf.obj
 0001:00015837       __sprintf_p_l              10016837 f   LIBCMT:sprintf.obj
 0001:00015854       __sprintf_s_l              10016854 f   LIBCMT:sprintf.obj
 0001:00015871       _sprintf                   10016871 f   LIBCMT:sprintf.obj
 0001:000158f5       _sprintf_s                 100168f5 f   LIBCMT:sprintf.obj
 0001:00015911       _ldexp                     10016911 f   LIBCMT:ldexp.obj
 0001:00015afd       @__security_check_cookie@4 10016afd f   LIBCMT:secchk.obj
 0001:00015b10       __ftoui3                   10016b10 f   LIBCMT:ftol3.obj
 0001:00015b1f       __ftoul3                   10016b1f f   LIBCMT:ftol3.obj
 0001:00015b2e       __ftol3                    10016b2e f   LIBCMT:ftol3.obj
 0001:00015b3b       __ftol3_NaN                10016b3b f   LIBCMT:ftol3.obj
 0001:00015b53       __ftol3_work               10016b53 f   LIBCMT:ftol3.obj
 0001:00015bd9       __ftol3_common             10016bd9 f   LIBCMT:ftol3.obj
 0001:00015c9b       __ftol3_arg_error          10016c9b f   LIBCMT:ftol3.obj
 0001:00015cad       __ftol3_except             10016cad f   LIBCMT:ftol3.obj
 0001:00015cef       __dtoui3                   10016cef f   LIBCMT:ftol3.obj
 0001:00015cfe       __dtoul3                   10016cfe f   LIBCMT:ftol3.obj
 0001:00015d0d       __dtol3                    10016d0d f   LIBCMT:ftol3.obj
 0001:00015d1a       __dtol3_NaN                10016d1a f   LIBCMT:ftol3.obj
 0001:00015d37       __dtol3_work               10016d37 f   LIBCMT:ftol3.obj
 0001:00015e1c       __ultod3                   10016e1c f   LIBCMT:ftol3.obj
 0001:00015ead       __ltod3                    10016ead f   LIBCMT:ftol3.obj
 0001:00015ee0       _memcpy                    10016ee0 f   LIBCMT:memcpy.obj
 0001:00016524       ___isa_available_init      10017524 f   LIBCMT:cpu_disp.obj
 0001:0001669d       __invoke_watson_if_error   1001769d f i LIBCMT:wassert.obj
 0001:000166bd       __wassert                  100176bd f   LIBCMT:wassert.obj
 0001:00016d61       __CRT_INIT@12              10017d61 f   LIBCMT:dllcrt0.obj
 0001:00016ed3       __DllMainCRTStartup@12     10017ed3 f   LIBCMT:dllcrt0.obj
 0001:00017004       ___DllXcptFilter           10018004 f   LIBCMT:dllcrt0.obj
 0001:00017029       ?_query_new_handler@@YAP6AHI@ZXZ 10018029 f   LIBCMT:handler.obj
 0001:00017036       ?_set_new_handler@@YAP6AHI@ZH@Z 10018036 f   LIBCMT:handler.obj
 0001:0001703f       ?_set_new_handler@@YAP6AHI@ZP6AHI@Z@Z 1001803f f   LIBCMT:handler.obj
 0001:00017074       __callnewh                 10018074 f   LIBCMT:handler.obj
 0001:0001709a       __initp_heap_handler       1001809a f   LIBCMT:handler.obj
 0001:000170a7       __FF_MSGBANNER             100180a7 f   LIBCMT:crt0msg.obj
 0001:000170e0       __GET_RTERRMSG             100180e0 f   LIBCMT:crt0msg.obj
 0001:00017104       __NMSG_WRITE               10018104 f   LIBCMT:crt0msg.obj
 0001:000172c1       ___doserrno                100182c1 f   LIBCMT:dosmap.obj
 0001:000172d4       __dosmaperr                100182d4 f   LIBCMT:dosmap.obj
 0001:000172f5       __errno                    100182f5 f   LIBCMT:dosmap.obj
 0001:00017308       __get_doserrno             10018308 f   LIBCMT:dosmap.obj
 0001:0001732b       __get_errno                1001832b f   LIBCMT:dosmap.obj
 0001:0001734e       __get_errno_from_oserr     1001834e f   LIBCMT:dosmap.obj
 0001:0001738f       __set_doserrno             1001838f f   LIBCMT:dosmap.obj
 0001:000173ae       __set_errno                100183ae f   LIBCMT:dosmap.obj
 0001:000173cd       __get_heap_handle          100183cd f   LIBCMT:heapinit.obj
 0001:000173d3       __heap_init                100183d3 f   LIBCMT:heapinit.obj
 0001:000173e8       __heap_term                100183e8 f   LIBCMT:heapinit.obj
 0001:000173f0       ?_invalid_parameter@@YAXPBG00II@Z 100183f0 f   LIBCMT:invarg.obj
 0001:000173f5       ?_invoke_watson@@YAXPBG00II@Z 100183f5 f   LIBCMT:invarg.obj
 0001:0001740d       __call_reportfault         1001840d f   LIBCMT:invarg.obj
 0001:00017532       __get_invalid_parameter_handler 10018532 f   LIBCMT:invarg.obj
 0001:0001753f       __initp_misc_invarg        1001853f f   LIBCMT:invarg.obj
 0001:0001754c       __invalid_parameter        1001854c f   LIBCMT:invarg.obj
 0001:00017577       __invalid_parameter_noinfo 10018577 f   LIBCMT:invarg.obj
 0001:00017587       __invalid_parameter_noinfo_noreturn 10018587 f   LIBCMT:invarg.obj
 0001:000175a2       __invoke_watson            100185a2 f   LIBCMT:invarg.obj
 0001:000175cd       __set_invalid_parameter_handler 100185cd f   LIBCMT:invarg.obj
 0001:000175f2       __vprintf_l                100185f2 f   LIBCMT:vprintf.obj
 0001:0001760d       __vprintf_p                1001860d f   LIBCMT:vprintf.obj
 0001:00017627       __vprintf_p_l              10018627 f   LIBCMT:vprintf.obj
 0001:00017642       __vprintf_s_l              10018642 f   LIBCMT:vprintf.obj
 0001:0001765d       _vprintf                   1001865d f   LIBCMT:vprintf.obj
 0001:00017677       _vprintf_helper            10018677 f   LIBCMT:vprintf.obj
 0001:00017704       _vprintf_s                 10018704 f   LIBCMT:vprintf.obj
 0001:0001771e       __ftbuf                    1001871e f   LIBCMT:_sftbuf.obj
 0001:0001774f       __stbuf                    1001874f f   LIBCMT:_sftbuf.obj
 0001:000177f5       ??0_LocaleUpdate@@QAE@PAUlocaleinfo_struct@@@Z 100187f5 f i LIBCMT:output.obj
 0001:0001787d       ??1_LocaleUpdate@@QAE@XZ   1001887d f i LIBCMT:output.obj
 0001:0001788b       ?GetLocaleT@_LocaleUpdate@@QAEPAUlocaleinfo_struct@@XZ 1001888b f i LIBCMT:output.obj
 0001:0001788e       __output_l                 1001888e f   LIBCMT:output.obj
 0001:0001840e       _get_int64_arg             1001940e f i LIBCMT:output.obj
 0001:00018421       _get_int_arg               10019421 f i LIBCMT:output.obj
 0001:00018431       _get_short_arg             10019431 f i LIBCMT:output.obj
 0001:00018530       __SEH_prolog4              10019530 f   LIBCMT:sehprolg4.obj
 0001:00018575       __SEH_epilog4              10019575 f   LIBCMT:sehprolg4.obj
 0001:000185d0       __except_handler4          100195d0 f   LIBCMT:chandler4.obj
 0001:00018764       ___libm_error_support      10019764 f   LIBCMT:libm_error.obj
 0001:00018a4c       ___libm_setusermatherr     10019a4c f   LIBCMT:libm_error.obj
 0001:00018a78       __sse2_mathfcns_init       10019a78 f   LIBCMT:mathfcns.obj
 0001:00018a87       __set_SSE2_enable          10019a87 f   LIBCMT:mathfcns.obj
 0001:00018aa6       __ceil_default             10019aa6 f   LIBCMT:ceil.obj
 0001:00018b7d       __VEC_memset               10019b7d f   LIBCMT:p4_memset.obj
 0001:00018c45       ?strrchr@@YAPADPADH@Z      10019c45 f i LIBCMT:cvt.obj
 0001:00018c4e       __cfltcvt                  10019c4e f   LIBCMT:cvt.obj
 0001:00018c6f       __cfltcvt_l                10019c6f f   LIBCMT:cvt.obj
 0001:00018cf5       __cftoa                    10019cf5 f   LIBCMT:cvt.obj
 0001:00018d13       __cftoa_l                  10019d13 f   LIBCMT:cvt.obj
 0001:0001906f       __cftoe                    1001a06f f   LIBCMT:cvt.obj
 0001:000191de       __cftoe_l                  1001a1de f   LIBCMT:cvt.obj
 0001:000192ac       __cftof                    1001a2ac f   LIBCMT:cvt.obj
 0001:000193b3       __cftof_l                  1001a3b3 f   LIBCMT:cvt.obj
 0001:00019474       __cftog                    1001a474 f   LIBCMT:cvt.obj
 0001:00019492       __cftog_l                  1001a492 f   LIBCMT:cvt.obj
 0001:00019591       __cropzeros                1001a591 f   LIBCMT:cvt.obj
 0001:000195a2       __cropzeros_l              1001a5a2 f   LIBCMT:cvt.obj
 0001:00019622       __fassign                  1001a622 f   LIBCMT:cvt.obj
 0001:0001963a       __fassign_l                1001a63a f   LIBCMT:cvt.obj
 0001:0001967c       __forcdecpt                1001a67c f   LIBCMT:cvt.obj
 0001:0001968d       __forcdecpt_l              1001a68d f   LIBCMT:cvt.obj
 0001:00019701       __positive                 1001a701 f   LIBCMT:cvt.obj
 0001:00019743       __setdefaultprecision      1001a743 f   LIBCMT:fp8.obj
 0001:0001976a       __initp_misc_cfltcvt_tab   1001a76a f   LIBCMT:cmiscdat.obj
 0001:00019789       __crt_debugger_hook        1001a789 f   LIBCMT:dbghook.obj
 0001:000197be       ___crtCloseThreadpoolTimer 1001a7be f   LIBCMT:winapisupp.obj
 0001:000197d5       ___crtCloseThreadpoolWait  1001a7d5 f   LIBCMT:winapisupp.obj
 0001:000197ec       ___crtCreateEventExW       1001a7ec f   LIBCMT:winapisupp.obj
 0001:00019827       ___crtCreateSemaphoreExW   1001a827 f   LIBCMT:winapisupp.obj
 0001:00019861       ___crtCreateSymbolicLinkW  1001a861 f   LIBCMT:winapisupp.obj
 0001:0001988a       ___crtCreateThreadpoolTimer 1001a88a f   LIBCMT:winapisupp.obj
 0001:000198ab       ___crtCreateThreadpoolWait 1001a8ab f   LIBCMT:winapisupp.obj
 0001:000198cc       ___crtFlsAlloc             1001a8cc f   LIBCMT:winapisupp.obj
 0001:000198ea       ___crtFlsFree              1001a8ea f   LIBCMT:winapisupp.obj
 0001:00019909       ___crtFlsGetValue          1001a909 f   LIBCMT:winapisupp.obj
 0001:00019928       ___crtFlsSetValue          1001a928 f   LIBCMT:winapisupp.obj
 0001:0001994a       ___crtFlushProcessWriteBuffers 1001a94a f   LIBCMT:winapisupp.obj
 0001:0001995a       ___crtFreeLibraryWhenCallbackReturns 1001a95a f   LIBCMT:winapisupp.obj
 0001:00019974       ___crtGetCurrentProcessorNumber 1001a974 f   LIBCMT:winapisupp.obj
 0001:00019986       ___crtGetFileInformationByHandleEx 1001a986 f   LIBCMT:winapisupp.obj
 0001:000199b2       ___crtGetLogicalProcessorInformation 1001a9b2 f   LIBCMT:winapisupp.obj
 0001:000199d8       ___crtGetShowWindowMode    1001a9d8 f   LIBCMT:winapisupp.obj
 0001:000199fb       ___crtGetTickCount64       1001a9fb f   LIBCMT:winapisupp.obj
 0001:00019a13       ___crtInitializeCriticalSectionEx 1001aa13 f   LIBCMT:winapisupp.obj
 0001:00019a41       ___crtIsPackagedApp        1001aa41 f   LIBCMT:winapisupp.obj
 0001:00019a81       ___crtLoadWinApiPointers   1001aa81 f   LIBCMT:winapisupp.obj
 0001:00019d0c       ___crtSetFileInformationByHandle 1001ad0c f   LIBCMT:winapisupp.obj
 0001:00019d38       ___crtSetThreadStackGuarantee 1001ad38 f   LIBCMT:winapisupp.obj
 0001:00019d53       ___crtSetThreadpoolTimer   1001ad53 f   LIBCMT:winapisupp.obj
 0001:00019d73       ___crtSetThreadpoolWait    1001ad73 f   LIBCMT:winapisupp.obj
 0001:00019d90       ___crtSetUnhandledExceptionFilter 1001ad90 f   LIBCMT:winapisupp.obj
 0001:00019d9e       ___crtSleep                1001ad9e f   LIBCMT:winapisupp.obj
 0001:00019dac       ___crtTerminateProcess     1001adac f   LIBCMT:winapisupp.obj
 0001:00019dc1       ___crtUnhandledException   1001adc1 f   LIBCMT:winapisupp.obj
 0001:00019dd7       ___crtWaitForThreadpoolTimerCallbacks 1001add7 f   LIBCMT:winapisupp.obj
 0001:00019df1       __RTC_Initialize           1001adf1 f   LIBCMT:initsect.obj
 0001:00019e11       __RTC_Terminate            1001ae11 f   LIBCMT:initsect.obj
 0001:00019e31       __lock                     1001ae31 f   LIBCMT:mlock.obj
 0001:00019e65       __lockerr_exit             1001ae65 f   LIBCMT:mlock.obj
 0001:00019e85       __mtdeletelocks            1001ae85 f   LIBCMT:mlock.obj
 0001:00019ed9       __mtinitlocknum            1001aed9 f   LIBCMT:mlock.obj
 0001:00019f82       __mtinitlocks              1001af82 f   LIBCMT:mlock.obj
 0001:00019fbb       __unlock                   1001afbb f   LIBCMT:mlock.obj
 0001:00019fd0       __FindPESection            1001afd0 f   LIBCMT:pesect.obj
 0001:0001a020       __IsNonwritableInCurrentImage 1001b020 f   LIBCMT:pesect.obj
 0001:0001a0e0       __ValidateImageBase        1001b0e0 f   LIBCMT:pesect.obj
 0001:0001a111       ___onexitinit              1001b111 f   LIBCMT:onexit.obj
 0001:0001a140       __onexit                   1001b140 f   LIBCMT:onexit.obj
 0001:0001a23c       _atexit                    1001b23c f   LIBCMT:onexit.obj
 0001:0001a251       __calloc_crt               1001b251 f   LIBCMT:crtheap.obj
 0001:0001a299       __malloc_crt               1001b299 f   LIBCMT:crtheap.obj
 0001:0001a2e0       __realloc_crt              1001b2e0 f   LIBCMT:crtheap.obj
 0001:0001a32a       __recalloc_crt             1001b32a f   LIBCMT:crtheap.obj
 0001:0001a378       __set_malloc_crt_max_wait  1001b378 f   LIBCMT:crtheap.obj
 0001:0001a38b       _wait_a_bit                1001b38b f i LIBCMT:crtheap.obj
 0001:0001a3af       ?_inconsistency@@YAXXZ     1001b3af f   LIBCMT:hooks.obj
 0001:0001a3e7       ?terminate@@YAXXZ          1001b3e7 f   LIBCMT:hooks.obj
 0001:0001a41b       ?unexpected@@YAXXZ         1001b41b f   LIBCMT:hooks.obj
 0001:0001a42e       __initp_eh_hooks           1001b42e f   LIBCMT:hooks.obj
 0001:0001a43f       ___getlocaleinfo           1001b43f f   LIBCMT:inithelp.obj
 0001:0001a618       __initp_misc_purevirt      1001b618 f   LIBCMT:inithelp.obj
 0001:0001a625       ___fpecode                 1001b625 f   LIBCMT:winsig.obj
 0001:0001a62e       ___get_sigabrt             1001b62e f   LIBCMT:winsig.obj
 0001:0001a63b       ___pxcptinfoptrs           1001b63b f   LIBCMT:winsig.obj
 0001:0001a644       __initp_misc_winsig        1001b644 f   LIBCMT:winsig.obj
 0001:0001a705       _raise                     1001b705 f   LIBCMT:winsig.obj
 0001:0001a8fa       _signal                    1001b8fa f   LIBCMT:winsig.obj
 0001:0001ab51       __initp_misc_rand_s        1001bb51 f   LIBCMT:rand_s.obj
 0001:0001ab5e       _rand_s                    1001bb5e f   LIBCMT:rand_s.obj
 0001:0001ac64       ___initmbctable            1001bc64 f   LIBCMT:mbctype.obj
 0001:0001af1b       ___updatetmbcinfo          1001bf1b f   LIBCMT:mbctype.obj
 0001:0001afc1       __getmbcp                  1001bfc1 f   LIBCMT:mbctype.obj
 0001:0001aff2       __setmbcp                  1001bff2 f   LIBCMT:mbctype.obj
 0001:0001b19a       __setmbcp_nolock           1001c19a f   LIBCMT:mbctype.obj
 0001:0001b385       __calloc_impl              1001c385 f   LIBCMT:calloc_impl.obj
 0001:0001b3ff       __fcloseall                1001c3ff f   LIBCMT:closeall.obj
 0001:0001b49c       __fflush_nolock            1001c49c f   LIBCMT:fflush.obj
 0001:0001b4e2       __flush                    1001c4e2 f   LIBCMT:fflush.obj
 0001:0001b546       __flushall                 1001c546 f   LIBCMT:fflush.obj
 0001:0001b54f       _fflush                    1001c54f f   LIBCMT:fflush.obj
 0001:0001b68c       __fileno                   1001c68c f   LIBCMT:fileno.obj
 0001:0001b6b0       __close                    1001c6b0 f   LIBCMT:close.obj
 0001:0001b78b       __close_nolock             1001c78b f   LIBCMT:close.obj
 0001:0001b825       __freebuf                  1001c825 f   LIBCMT:_freebuf.obj
 0001:0001b855       __getstream                1001c855 f   LIBCMT:stream.obj
 0001:0001b974       __openfile                 1001c974 f   LIBCMT:_open.obj
 0001:0001bbf0       __local_unwind4            1001cbf0 f   LIBCMT:exsup4.obj
 0001:0001bcc6       __seh_longjmp_unwind4@4    1001ccc6 f   LIBCMT:exsup4.obj
 0001:0001bce2       @_EH4_CallFilterFunc@8     1001cce2 f   LIBCMT:exsup4.obj
 0001:0001bcf9       @_EH4_TransferToHandler@8  1001ccf9 f   LIBCMT:exsup4.obj
 0001:0001bd12       @_EH4_GlobalUnwind2@8      1001cd12 f   LIBCMT:exsup4.obj
 0001:0001bd2b       @_EH4_LocalUnwind@16       1001cd2b f   LIBCMT:exsup4.obj
 0001:0001bd42       __vfprintf_l               1001cd42 f   LIBCMT:vfprintf.obj
 0001:0001bd60       __vfprintf_p               1001cd60 f   LIBCMT:vfprintf.obj
 0001:0001bd7d       __vfprintf_p_l             1001cd7d f   LIBCMT:vfprintf.obj
 0001:0001bd9b       __vfprintf_s_l             1001cd9b f   LIBCMT:vfprintf.obj
 0001:0001bdb9       _vfprintf                  1001cdb9 f   LIBCMT:vfprintf.obj
 0001:0001bdd6       _vfprintf_helper           1001cdd6 f   LIBCMT:vfprintf.obj
 0001:0001bee7       _vfprintf_s                1001cee7 f   LIBCMT:vfprintf.obj
 0001:0001bf04       __ioinit                   1001cf04 f   LIBCMT:ioinit.obj
 0001:0001c1b8       __ioterm                   1001d1b8 f   LIBCMT:ioinit.obj
 0001:0001c20a       __filbuf                   1001d20a f   LIBCMT:_filbuf.obj
 0001:0001c32b       _memcpy_s                  1001d32b f   LIBCMT:memcpy_s.obj
 0001:0001c3aa       __read                     1001d3aa f   LIBCMT:read.obj
 0001:0001c4be       __read_nolock              1001d4be f   LIBCMT:read.obj
 0001:0001cc4f       __flsbuf                   1001dc4f f   LIBCMT:_flsbuf.obj
 0001:0001cd9e       __write                    1001dd9e f   LIBCMT:write.obj
 0001:0001ce8d       __write_nolock             1001de8d f   LIBCMT:write.obj
 0001:0001d6f2       __wremove                  1001e6f2 f   LIBCMT:wunlink.obj
 0001:0001d720       __wunlink                  1001e720 f   LIBCMT:wunlink.obj
 0001:0001d729       __lseek                    1001e729 f   LIBCMT:lseek.obj
 0001:0001d818       __lseek_nolock             1001e818 f   LIBCMT:lseek.obj
 0001:0001d8bf       __vscprintf                1001e8bf f   LIBCMT:vsprintf.obj
 0001:0001d8d9       __vscprintf_helper         1001e8d9 f   LIBCMT:vsprintf.obj
 0001:0001d935       __vscprintf_l              1001e935 f   LIBCMT:vsprintf.obj
 0001:0001d950       __vscprintf_p              1001e950 f   LIBCMT:vsprintf.obj
 0001:0001d96a       __vscprintf_p_l            1001e96a f   LIBCMT:vsprintf.obj
 0001:0001d985       __vsprintf_l               1001e985 f   LIBCMT:vsprintf.obj
 0001:0001da09       _vsprintf                  1001ea09 f   LIBCMT:vsprintf.obj
 0001:0001da21       __vsnprintf_c              1001ea21 f   LIBCMT:vsnprnc.obj
 0001:0001da48       __vsnprintf_c_l            1001ea48 f   LIBCMT:vsnprnc.obj
 0001:0001da70       __vsnprintf_helper         1001ea70 f   LIBCMT:vsnprnc.obj
 0001:0001db3a       __vsnprintf_s              1001eb3a f   LIBCMT:vsnprnc.obj
 0001:0001db58       __vsnprintf_s_l            1001eb58 f   LIBCMT:vsnprnc.obj
 0001:0001dc58       __vsprintf_p               1001ec58 f   LIBCMT:vsnprnc.obj
 0001:0001dc7f       __vsprintf_p_l             1001ec7f f   LIBCMT:vsnprnc.obj
 0001:0001dca7       __vsprintf_s_l             1001eca7 f   LIBCMT:vsnprnc.obj
 0001:0001dd1c       _vsprintf_s                1001ed1c f   LIBCMT:vsnprnc.obj
 0001:0001dd37       __chgsign                  1001ed37 f   LIBCMT:ieeemisc.obj
 0001:0001dd64       __chgsignf                 1001ed64 f   LIBCMT:ieeemisc.obj
 0001:0001dd85       __copysign                 1001ed85 f   LIBCMT:ieeemisc.obj
 0001:0001ddad       __copysignf                1001edad f   LIBCMT:ieeemisc.obj
 0001:0001ddc9       __finite                   1001edc9 f   LIBCMT:ieeemisc.obj
 0001:0001dde1       __fpclass                  1001ede1 f   LIBCMT:ieeemisc.obj
 0001:0001de7d       __isnan                    1001ee7d f   LIBCMT:ieeemisc.obj
 0001:0001deb0       __logb                     1001eeb0 f   LIBCMT:ieeemisc.obj
 0001:0001df91       __nextafter                1001ef91 f   LIBCMT:ieeemisc.obj
 0001:0001e231       __scalb                    1001f231 f   LIBCMT:ieeemisc.obj
 0001:0001e249       __add_exp                  1001f249 f   LIBCMT:util.obj
 0001:0001e278       __decomp                   1001f278 f   LIBCMT:util.obj
 0001:0001e34a       __get_exp                  1001f34a f   LIBCMT:util.obj
 0001:0001e363       __set_bexp                 1001f363 f   LIBCMT:util.obj
 0001:0001e38c       __set_exp                  1001f38c f   LIBCMT:util.obj
 0001:0001e3bb       __sptype                   1001f3bb f   LIBCMT:util.obj
 0001:0001e416       __errcode                  1001f416 f   LIBCMT:fpexcept.obj
 0001:0001e448       __except1                  1001f448 f   LIBCMT:fpexcept.obj
 0001:0001e510       __except2                  1001f510 f   LIBCMT:fpexcept.obj
 0001:0001e610       __handle_exc               1001f610 f   LIBCMT:fpexcept.obj
 0001:0001e7ee       __handle_qnan1             1001f7ee f   LIBCMT:fpexcept.obj
 0001:0001e83e       __handle_qnan2             1001f83e f   LIBCMT:fpexcept.obj
 0001:0001e89e       __raise_exc                1001f89e f   LIBCMT:fpexcept.obj
 0001:0001e8bf       __raise_exc_ex             1001f8bf f   LIBCMT:fpexcept.obj
 0001:0001eba4       __raise_excf               1001fba4 f   LIBCMT:fpexcept.obj
 0001:0001ebc5       __set_errno_from_matherr   1001fbc5 f   LIBCMT:fpexcept.obj
 0001:0001ebf2       __umatherr                 1001fbf2 f   LIBCMT:fpexcept.obj
 0001:0001ec92       ___clrfp_sse2              1001fc92 f   LIBCMT:fpctrl.obj
 0001:0001ecb3       ___ctrlfp_sse2             1001fcb3 f   LIBCMT:fpctrl.obj
 0001:0001ecec       ___fclrf_sse2              1001fcec f   LIBCMT:fpctrl.obj
 0001:0001ed09       ___get_fpsr_sse2           1001fd09 f   LIBCMT:fpctrl.obj
 0001:0001ed25       ___set_fpsr_sse2           1001fd25 f   LIBCMT:fpctrl.obj
 0001:0001ed9b       ___set_statfp_sse2         1001fd9b f   LIBCMT:fpctrl.obj
 0001:0001edb4       ___statfp_sse2             1001fdb4 f   LIBCMT:fpctrl.obj
 0001:0001edc9       __clrfp                    1001fdc9 f   LIBCMT:fpctrl.obj
 0001:0001edda       __ctrlfp                   1001fdda f   LIBCMT:fpctrl.obj
 0001:0001ee05       __set_statfp               1001fe05 f   LIBCMT:fpctrl.obj
 0001:0001ee5d       __statfp                   1001fe5d f   LIBCMT:fpctrl.obj
 0001:0001ee6d       _wcscat_s                  1001fe6d f   LIBCMT:wcscat_s.obj
 0001:0001eed9       _wcscpy_s                  1001fed9 f   LIBCMT:wcscpy_s.obj
 0001:0001ef35       _wcslen                    1001ff35 f   LIBCMT:wcslen.obj
 0001:0001ef4e       _wcsncat_s                 1001ff4e f   LIBCMT:wcsncat_s.obj
 0001:0001f01c       __set_abort_behavior       1002001c f   LIBCMT:abort.obj
 0001:0001f03b       _abort                     1002003b f   LIBCMT:abort.obj
 0001:0001f07e       ___set_app_type            1002007e f   LIBCMT:errmode.obj
 0001:0001f08b       __set_error_mode           1002008b f   LIBCMT:errmode.obj
 0001:0001f1e7       __i64tow_s                 100201e7 f   LIBCMT:xtows.obj
 0001:0001f218       __itow_s                   10020218 f   LIBCMT:xtows.obj
 0001:0001f241       __ltow_s                   10020241 f   LIBCMT:xtows.obj
 0001:0001f26b       __ui64tow_s                1002026b f   LIBCMT:xtows.obj
 0001:0001f286       __ultow_s                  10020286 f   LIBCMT:xtows.obj
 0001:0001f391       _setvbuf                   10020391 f   LIBCMT:setvbuf.obj
 0001:0001f497       __fwprintf_l               10020497 f   LIBCMT:fwprintf.obj
 0001:0001f4b1       __fwprintf_p               100204b1 f   LIBCMT:fwprintf.obj
 0001:0001f4ca       __fwprintf_p_l             100204ca f   LIBCMT:fwprintf.obj
 0001:0001f4e4       __fwprintf_s_l             100204e4 f   LIBCMT:fwprintf.obj
 0001:0001f4fe       _fwprintf                  100204fe f   LIBCMT:fwprintf.obj
 0001:0001f592       _fwprintf_s                10020592 f   LIBCMT:fwprintf.obj
 0001:0001f5ab       __vsnwprintf_s             100205ab f   LIBCMT:vswprnc.obj
 0001:0001f5c9       __vsnwprintf_s_l           100205c9 f   LIBCMT:vswprnc.obj
 0001:0001f6cd       __vswprintf_c              100206cd f   LIBCMT:vswprnc.obj
 0001:0001f6f4       __vswprintf_c_l            100206f4 f   LIBCMT:vswprnc.obj
 0001:0001f71c       __vswprintf_helper         1002071c f   LIBCMT:vswprnc.obj
 0001:0001f817       __vswprintf_p              10020817 f   LIBCMT:vswprnc.obj
 0001:0001f83e       __vswprintf_p_l            1002083e f   LIBCMT:vswprnc.obj
 0001:0001f866       __vswprintf_s_l            10020866 f   LIBCMT:vswprnc.obj
 0001:0001f8dd       _vswprintf_s               100208dd f   LIBCMT:vswprnc.obj
 0001:0001f8f8       ___crtMessageBoxW          100208f8 f   LIBCMT:crtmboxw.obj
 0001:0001fade       ___crtMessageBoxWaitThreadW@4 10020ade f   LIBCMT:crtmboxw.obj
 0001:0001fafc       __XcptFilter               10020afc f   LIBCMT:winxfltr.obj
 0001:0001fc57       ___CppXcptFilter           10020c57 f   LIBCMT:winxfltr.obj
 0001:0001fca9       ___get_flsindex            10020ca9 f   LIBCMT:tidtable.obj
 0001:0001fcaf       ___threadhandle            10020caf f   LIBCMT:tidtable.obj
 0001:0001fcb5       ___threadid                10020cb5 f   LIBCMT:tidtable.obj
 0001:0001fcbb       __freefls@4                10020cbb f   LIBCMT:tidtable.obj
 0001:0001fdf0       __freeptd                  10020df0 f   LIBCMT:tidtable.obj
 0001:0001fe26       __getptd                   10020e26 f   LIBCMT:tidtable.obj
 0001:0001fe3e       __getptd_noexit            10020e3e f   LIBCMT:tidtable.obj
 0001:0001fead       __initptd                  10020ead f   LIBCMT:tidtable.obj
 0001:0001ff60       __mtinit                   10020f60 f   LIBCMT:tidtable.obj
 0001:0001ffd6       __mtterm                   10020fd6 f   LIBCMT:tidtable.obj
 0001:0001fff3       __set_pgmptr               10020ff3 f i LIBCMT:stdargv.obj
 0001:00020000       __setargv                  10021000 f   LIBCMT:stdargv.obj
 0001:0002022f       __setenvp                  1002122f f   LIBCMT:stdenvp.obj
 0001:00020310       ___security_init_cookie    10021310 f   LIBCMT:gs_support.obj
 0001:000203ac       ___crtGetEnvironmentStringsA 100213ac f   LIBCMT:a_env.obj
 0001:00020440       _strlen                    10021440 f   LIBCMT:strlen.obj
 0001:000204cb       _wcsncpy_s                 100214cb f   LIBCMT:wcsncpy_s.obj
 0001:00020589       __output_s_l               10021589 f   LIBCMT:outputs.obj
 0001:00021211       __output_p_l               10022211 f   LIBCMT:outputp.obj
 0001:00022549       __validate_param_reuseA    10023549 f   LIBCMT:outputp.obj
 0001:0002267f       _get_crtdouble_arg         1002367f f i LIBCMT:outputp.obj
 0001:0002277e       __isatty                   1002377e f   LIBCMT:isatty.obj
 0001:000227d2       ___addlocaleref            100237d2 f   LIBCMT:localref.obj
 0001:00022867       ___freetlocinfo            10023867 f   LIBCMT:localref.obj
 0001:000229c1       ___removelocaleref         100239c1 f   LIBCMT:localref.obj
 0001:00022a61       ___updatetlocinfo          10023a61 f   LIBCMT:localref.obj
 0001:00022ae1       __updatetlocinfoEx_nolock  10023ae1 f   LIBCMT:localref.obj
 0001:00022b2c       ___iswcsym                 10023b2c f i LIBCMT:_wctype.obj
 0001:00022b50       ___iswcsymf                10023b50 f i LIBCMT:_wctype.obj
 0001:00022b74       __isleadbyte_l             10023b74 f i LIBCMT:_wctype.obj
 0001:00022bae       __iswalnum_l               10023bae f i LIBCMT:_wctype.obj
 0001:00022bc2       __iswalpha_l               10023bc2 f i LIBCMT:_wctype.obj
 0001:00022bd6       __iswblank_l               10023bd6 f i LIBCMT:_wctype.obj
 0001:00022bf1       __iswcntrl_l               10023bf1 f i LIBCMT:_wctype.obj
 0001:00022c02       __iswcsym_l                10023c02 f i LIBCMT:_wctype.obj
 0001:00022c26       __iswcsymf_l               10023c26 f i LIBCMT:_wctype.obj
 0001:00022c4a       __iswdigit_l               10023c4a f i LIBCMT:_wctype.obj
 0001:00022c5b       __iswgraph_l               10023c5b f i LIBCMT:_wctype.obj
 0001:00022c6f       __iswlower_l               10023c6f f i LIBCMT:_wctype.obj
 0001:00022c80       __iswprint_l               10023c80 f i LIBCMT:_wctype.obj
 0001:00022c94       __iswpunct_l               10023c94 f i LIBCMT:_wctype.obj
 0001:00022ca5       __iswspace_l               10023ca5 f i LIBCMT:_wctype.obj
 0001:00022cb6       __iswupper_l               10023cb6 f i LIBCMT:_wctype.obj
 0001:00022cc7       __iswxdigit_l              10023cc7 f i LIBCMT:_wctype.obj
 0001:00022cdb       _isleadbyte                10023cdb f i LIBCMT:_wctype.obj
 0001:00022cec       _iswalnum                  10023cec f i LIBCMT:_wctype.obj
 0001:00022d00       _iswalpha                  10023d00 f i LIBCMT:_wctype.obj
 0001:00022d14       _iswascii                  10023d14 f i LIBCMT:_wctype.obj
 0001:00022d26       _iswblank                  10023d26 f i LIBCMT:_wctype.obj
 0001:00022d41       _iswcntrl                  10023d41 f i LIBCMT:_wctype.obj
 0001:00022d52       _iswdigit                  10023d52 f i LIBCMT:_wctype.obj
 0001:00022d63       _iswgraph                  10023d63 f i LIBCMT:_wctype.obj
 0001:00022d77       _iswlower                  10023d77 f i LIBCMT:_wctype.obj
 0001:00022d88       _iswprint                  10023d88 f i LIBCMT:_wctype.obj
 0001:00022d9c       _iswpunct                  10023d9c f i LIBCMT:_wctype.obj
 0001:00022dad       _iswspace                  10023dad f i LIBCMT:_wctype.obj
 0001:00022dbe       _iswupper                  10023dbe f i LIBCMT:_wctype.obj
 0001:00022dcf       _iswxdigit                 10023dcf f i LIBCMT:_wctype.obj
 0001:00022de3       __wctomb_l                 10023de3 f   LIBCMT:wctomb.obj
 0001:00022e32       __wctomb_s_l               10023e32 f   LIBCMT:wctomb.obj
 0001:00022f56       _wctomb                    10023f56 f   LIBCMT:wctomb.obj
 0001:00022f89       _wctomb_s                  10023f89 f   LIBCMT:wctomb.obj
 0001:00022fb0       __aulldvrm                 10023fb0 f   LIBCMT:ulldvrm.obj
 0001:00023045       __matherr                  10024045 f   LIBCMT:matherr.obj
 0001:00023048       __frnd                     10024048 f   LIBCMT:frnd.obj
 0001:0002305c       ___isascii                 1002405c f i LIBCMT:_ctype.obj
 0001:0002306c       ___iscsym                  1002406c f i LIBCMT:_ctype.obj
 0001:0002308c       ___iscsymf                 1002408c f i LIBCMT:_ctype.obj
 0001:000230a9       ___toascii                 100240a9 f i LIBCMT:_ctype.obj
 0001:000230b4       __isalnum_l                100240b4 f i LIBCMT:_ctype.obj
 0001:0002310c       __isalpha_l                1002410c f i LIBCMT:_ctype.obj
 0001:00023164       __isblank_l                10024164 f i LIBCMT:_ctype.obj
 0001:000231be       __iscntrl_l                100241be f i LIBCMT:_ctype.obj
 0001:00023210       __iscsym_l                 10024210 f i LIBCMT:_ctype.obj
 0001:00023231       __iscsymf_l                10024231 f i LIBCMT:_ctype.obj
 0001:00023252       __isdigit_l                10024252 f i LIBCMT:_ctype.obj
 0001:000232a4       __isgraph_l                100242a4 f i LIBCMT:_ctype.obj
 0001:000232fc       __islower_l                100242fc f i LIBCMT:_ctype.obj
 0001:0002334e       __isprint_l                1002434e f i LIBCMT:_ctype.obj
 0001:000233a6       __ispunct_l                100243a6 f i LIBCMT:_ctype.obj
 0001:000233f8       __isspace_l                100243f8 f i LIBCMT:_ctype.obj
 0001:0002344a       __isupper_l                1002444a f i LIBCMT:_ctype.obj
 0001:0002349c       __isxdigit_l               1002449c f i LIBCMT:_ctype.obj
 0001:000234f4       _isalnum                   100244f4 f i LIBCMT:_ctype.obj
 0001:00023521       _isalpha                   10024521 f i LIBCMT:_ctype.obj
 0001:0002354e       _isblank                   1002454e f i LIBCMT:_ctype.obj
 0001:00023583       _iscntrl                   10024583 f i LIBCMT:_ctype.obj
 0001:000235ae       _isdigit                   100245ae f i LIBCMT:_ctype.obj
 0001:000235d9       _isgraph                   100245d9 f i LIBCMT:_ctype.obj
 0001:00023606       _islower                   10024606 f i LIBCMT:_ctype.obj
 0001:00023631       _isprint                   10024631 f i LIBCMT:_ctype.obj
 0001:0002365e       _ispunct                   1002465e f i LIBCMT:_ctype.obj
 0001:00023689       _isspace                   10024689 f i LIBCMT:_ctype.obj
 0001:000236b4       _isupper                   100246b4 f i LIBCMT:_ctype.obj
 0001:000236df       _isxdigit                  100246df f i LIBCMT:_ctype.obj
 0001:0002370c       __tolower                  1002470c f   LIBCMT:tolower.obj
 0001:00023717       __tolower_l                10024717 f   LIBCMT:tolower.obj
 0001:0002385a       _tolower                   1002485a f   LIBCMT:tolower.obj
 0001:00023886       _strcpy_s                  10024886 f   LIBCMT:strcpy_s.obj
 0001:000238e0       _strrchr                   100248e0 f   LIBCMT:strrchr.obj
 0001:00023a17       __fptostr                  10024a17 f   LIBCMT:_fptostr.obj
 0001:00023ac7       ___crt_atoflt_l            10024ac7 f   LIBCMT:atodbl.obj
 0001:00023b6b       __atodbl                   10024b6b f   LIBCMT:atodbl.obj
 0001:00023b80       __atodbl_l                 10024b80 f   LIBCMT:atodbl.obj
 0001:00023c0e       __atoflt                   10024c0e f   LIBCMT:atodbl.obj
 0001:00023c23       __atoflt_l                 10024c23 f   LIBCMT:atodbl.obj
 0001:00023c3b       __atoldbl                  10024c3b f   LIBCMT:atodbl.obj
 0001:00023c50       __atoldbl_l                10024c50 f   LIBCMT:atodbl.obj
 0001:00023cdf       ___dtold                   10024cdf f   LIBCMT:cfout.obj
 0001:00023da7       __fltout2                  10024da7 f   LIBCMT:cfout.obj
 0001:00023e40       __alldvrm                  10024e40 f   LIBCMT:lldvrm.obj
 0001:00023f20       __aullshr                  10024f20 f   LIBCMT:ullshr.obj
 0001:00023f3f       __get_output_format        10024f3f f   LIBCMT:outputformat.obj
 0001:00023f45       __set_output_format        10024f45 f   LIBCMT:outputformat.obj
 0001:00023f77       __controlfp_s              10024f77 f   LIBCMT:contrlfp.obj
 0001:00023fd4       __fptrap                   10024fd4 f   LIBCMT:crt0fp.obj
 0001:00023fdd       __msize                    10024fdd f   LIBCMT:msize.obj
 0001:0002400e       __recalloc                 1002500e f   LIBCMT:recalloc.obj
 0001:00024077       _strncpy_s                 10025077 f   LIBCMT:strncpy_s.obj
 0001:000241ff       __MallocaIsSizeInRange     100251ff f i LIBCMT:a_loc.obj
 0001:00024210       __MarkAllocaS              10025210 f i LIBCMT:a_loc.obj
 0001:00024224       ___crtGetLocaleInfoA       10025224 f   LIBCMT:a_loc.obj
 0001:0002425e       __freea                    1002525e f i LIBCMT:a_loc.obj
 0001:0002427c       _GetTableIndexFromLcid     1002527c f   LIBCMT:winapinls.obj
 0001:000242b1       _GetTableIndexFromLocaleName 100252b1 f   LIBCMT:winapinls.obj
 0001:000242ff       ___crtCompareStringEx      100252ff f   LIBCMT:winapinls.obj
 0001:0002434b       ___crtDownlevelLCIDToLocaleName 1002534b f   LIBCMT:winapinls.obj
 0001:000243c7       ___crtDownlevelLocaleNameToLCID 100253c7 f   LIBCMT:winapinls.obj
 0001:00024405       ___crtEnumSystemLocalesEx  10025405 f   LIBCMT:winapinls.obj
 0001:00024442       ___crtGetDateFormatEx      10025442 f   LIBCMT:winapinls.obj
 0001:0002448b       ___crtGetLocaleInfoEx      1002548b f   LIBCMT:winapinls.obj
 0001:000244ba       ___crtGetTimeFormatEx      100254ba f   LIBCMT:winapinls.obj
 0001:000244ef       ___crtGetUserDefaultLocaleName 100254ef f   LIBCMT:winapinls.obj
 0001:0002451a       ___crtIsValidLocaleName    1002551a f   LIBCMT:winapinls.obj
 0001:00024545       ___crtLCMapStringEx        10025545 f   LIBCMT:winapinls.obj
 0001:00024591       ___wcsnicmp_ascii          10025591 f   LIBCMT:winapinls.obj
 0001:00024823       ___crtLCMapStringA         10025823 f   LIBCMT:a_map.obj
 0001:00024961       ___crtGetStringTypeA       10025961 f   LIBCMT:a_str.obj
 0001:000249a1       __commit                   100259a1 f   LIBCMT:commit.obj
 0001:00024a8a       ___lock_fhandle            10025a8a f   LIBCMT:osfinfo.obj
 0001:00024b18       __alloc_osfhnd             10025b18 f   LIBCMT:osfinfo.obj
 0001:00024cc1       __free_osfhnd              10025cc1 f   LIBCMT:osfinfo.obj
 0001:00024d47       __get_osfhandle            10025d47 f   LIBCMT:osfinfo.obj
 0001:00024dae       __open_osfhandle           10025dae f   LIBCMT:osfinfo.obj
 0001:00024ec4       __set_osfhnd               10025ec4 f   LIBCMT:osfinfo.obj
 0001:00024f46       __unlock_fhandle           10025f46 f   LIBCMT:osfinfo.obj
 0001:00024f6c       __open                     10025f6c f   LIBCMT:open.obj
 0001:0002501c       __sopen                    1002601c f   LIBCMT:open.obj
 0001:0002504f       __sopen_helper             1002604f f   LIBCMT:open.obj
 0001:00025118       __sopen_nolock             10026118 f   LIBCMT:open.obj
 0001:00025166       __sopen_s                  10026166 f   LIBCMT:open.obj
 0001:00025184       __mbsnbcmp                 10026184 f   LIBCMT:mbsnbcmp.obj
 0001:0002519c       __mbsnbcmp_l               1002619c f   LIBCMT:mbsnbcmp.obj
 0001:000252b3       __mbsnbicmp                100262b3 f   LIBCMT:mbsnbicm.obj
 0001:000252cb       __mbsnbicmp_l              100262cb f   LIBCMT:mbsnbicm.obj
 0001:00025490       __global_unwind2           10026490 f   LIBCMT:exsup.obj
 0001:000254f5       __local_unwind2            100264f5 f   LIBCMT:exsup.obj
 0001:00025579       __abnormal_termination     10026579 f   LIBCMT:exsup.obj
 0001:0002559c       __NLG_Notify1              1002659c f   LIBCMT:exsup.obj
 0001:000255a5       __NLG_Notify               100265a5 f   LIBCMT:exsup.obj
 0001:000255bc       __NLG_Dispatch             100265bc     LIBCMT:exsup.obj
 0001:000255bc       __NLG_Dispatch2            100265bc     LIBCMT:exsup.obj
 0001:000255c4       __NLG_Call                 100265c4 f   LIBCMT:exsup.obj
 0001:000255c6       __NLG_Return2              100265c6     LIBCMT:exsup.obj
 0001:000255c7       __getbuf                   100265c7 f   LIBCMT:_getbuf.obj
 0001:0002560d       __lseeki64                 1002660d f   LIBCMT:lseeki64.obj
 0001:00025709       __lseeki64_nolock          10026709 f   LIBCMT:lseeki64.obj
 0001:0002577c       __mbtowc_l                 1002677c f   LIBCMT:mbtowc.obj
 0001:00025871       _mbtowc                    10026871 f   LIBCMT:mbtowc.obj
 0001:00025889       __putwch                   10026889 f   LIBCMT:putwch.obj
 0001:000258d5       __putwch_nolock            100268d5 f   LIBCMT:putwch.obj
 0001:00025920       __chkstk                   10026920 f   LIBCMT:chkstk.obj
 0001:00025920       __alloca_probe             10026920 f   LIBCMT:chkstk.obj
 0001:0002594b       __vfwprintf_l              1002694b f   LIBCMT:vfwprint.obj
 0001:00025969       __vfwprintf_p              10026969 f   LIBCMT:vfwprint.obj
 0001:00025986       __vfwprintf_p_l            10026986 f   LIBCMT:vfwprint.obj
 0001:000259a4       __vfwprintf_s_l            100269a4 f   LIBCMT:vfwprint.obj
 0001:000259c2       _vfwprintf                 100269c2 f   LIBCMT:vfwprint.obj
 0001:000259df       _vfwprintf_helper          100269df f   LIBCMT:vfwprint.obj
 0001:00025a72       _vfwprintf_s               10026a72 f   LIBCMT:vfwprint.obj
 0001:00025a8f       __woutput_l                10026a8f f   LIBCMT:woutput.obj
 0001:0002676e       __woutput_s_l              1002776e f   LIBCMT:woutputs.obj
 0001:00027485       __validate_param_reuseW    10028485 f   LIBCMT:woutputp.obj
 0001:000275fd       __woutput_p_l              100285fd f   LIBCMT:woutputp.obj
 0001:00028a26       __ismbbalnum               10029a26 f   LIBCMT:ismbbyte.obj
 0001:00028a3f       __ismbbalnum_l             10029a3f f   LIBCMT:ismbbyte.obj
 0001:00028a59       __ismbbalpha               10029a59 f   LIBCMT:ismbbyte.obj
 0001:00028a72       __ismbbalpha_l             10029a72 f   LIBCMT:ismbbyte.obj
 0001:00028a8c       __ismbbblank               10029a8c f   LIBCMT:ismbbyte.obj
 0001:00028aad       __ismbbblank_l             10029aad f   LIBCMT:ismbbyte.obj
 0001:00028acf       __ismbbgraph               10029acf f   LIBCMT:ismbbyte.obj
 0001:00028ae8       __ismbbgraph_l             10029ae8 f   LIBCMT:ismbbyte.obj
 0001:00028b02       __ismbbkalnum              10029b02 f   LIBCMT:ismbbyte.obj
 0001:00028b18       __ismbbkalnum_l            10029b18 f   LIBCMT:ismbbyte.obj
 0001:00028b2f       __ismbbkana                10029b2f f   LIBCMT:ismbbyte.obj
 0001:00028b40       __ismbbkana_l              10029b40 f   LIBCMT:ismbbyte.obj
 0001:00028b8c       __ismbbkprint              10029b8c f   LIBCMT:ismbbyte.obj
 0001:00028ba2       __ismbbkprint_l            10029ba2 f   LIBCMT:ismbbyte.obj
 0001:00028bb9       __ismbbkpunct              10029bb9 f   LIBCMT:ismbbyte.obj
 0001:00028bcf       __ismbbkpunct_l            10029bcf f   LIBCMT:ismbbyte.obj
 0001:00028be6       __ismbblead                10029be6 f   LIBCMT:ismbbyte.obj
 0001:00028bfc       __ismbblead_l              10029bfc f   LIBCMT:ismbbyte.obj
 0001:00028c13       __ismbbprint               10029c13 f   LIBCMT:ismbbyte.obj
 0001:00028c2c       __ismbbprint_l             10029c2c f   LIBCMT:ismbbyte.obj
 0001:00028c46       __ismbbpunct               10029c46 f   LIBCMT:ismbbyte.obj
 0001:00028c5c       __ismbbpunct_l             10029c5c f   LIBCMT:ismbbyte.obj
 0001:00028c73       __ismbbtrail               10029c73 f   LIBCMT:ismbbyte.obj
 0001:00028c89       __ismbbtrail_l             10029c89 f   LIBCMT:ismbbyte.obj
 0001:00028ec6       __strtol_l                 10029ec6 f   LIBCMT:strtol.obj
 0001:00028ee1       __strtoul_l                10029ee1 f   LIBCMT:strtol.obj
 0001:00028efc       _strtol                    10029efc f   LIBCMT:strtol.obj
 0001:00028f26       _strtoul                   10029f26 f   LIBCMT:strtol.obj
 0001:00028f50       ___free_lconv_mon          10029f50 f   LIBCMT:initmon.obj
 0001:0002904c       ___init_monetary           1002a04c f   LIBCMT:initmon.obj
 0001:00029425       ___free_lconv_num          1002a425 f   LIBCMT:initnum.obj
 0001:0002948c       ___init_numeric            1002a48c f   LIBCMT:initnum.obj
 0001:000296ca       ___free_lc_time            1002a6ca f   LIBCMT:inittime.obj
 0001:00029a4a       ___init_time               1002aa4a f   LIBCMT:inittime.obj
 0001:0002a2b9       _localeconv                1002b2b9 f   LIBCMT:lconv.obj
 0001:0002a2df       __iswctype_l               1002b2df f   LIBCMT:iswctype.obj
 0001:0002a2f1       _is_wctype                 1002b2f1 f   LIBCMT:iswctype.obj
 0001:0002a2fa       _iswctype                  1002b2fa f   LIBCMT:iswctype.obj
 0001:0002a350       ____lc_codepage_func       1002b350 f   LIBCMT:initctyp.obj
 0001:0002a376       ____lc_collate_cp_func     1002b376 f   LIBCMT:initctyp.obj
 0001:0002a39c       ____lc_locale_name_func    1002b39c f   LIBCMT:initctyp.obj
 0001:0002a3c4       ____mb_cur_max_func        1002b3c4 f   LIBCMT:initctyp.obj
 0001:0002a3ea       ____mb_cur_max_l_func      1002b3ea f   LIBCMT:initctyp.obj
 0001:0002a401       ___init_ctype              1002b401 f   LIBCMT:initctyp.obj
 0001:0002a799       ___pctype_func             1002b799 f   LIBCMT:ctype.obj
 0001:0002a7c2       ___pwctype_func            1002b7c2 f   LIBCMT:ctype.obj
 0001:0002a7c8       __isctype                  1002b7c8 f   LIBCMT:isctype.obj
 0001:0002a7f7       __isctype_l                1002b7f7 f   LIBCMT:isctype.obj
 0001:0002a8a8       ___init_dummy              1002b8a8 f   LIBCMT:wsetloca.obj
 0001:0002a8ab       __locterm                  1002b8ab f   LIBCMT:wsetloca.obj
 0001:0002a8fd       ____setlc_active_func      1002b8fd f   LIBCMT:wsetloca.obj
 0001:0002a903       ____unguarded_readlc_active_add_func 1002b903 f   LIBCMT:wsetloca.obj
 0001:0002a909       ___copy_locale_name        1002b909 f   LIBCMT:wsetloca.obj
 0001:0002a96d       ___create_locale           1002b96d f   LIBCMT:wsetloca.obj
 0001:0002a976       ___free_locale             1002b976 f   LIBCMT:wsetloca.obj
 0001:0002a97b       ___get_current_locale      1002b97b f   LIBCMT:wsetloca.obj
 0001:0002a980       ___lc_lctowcs              1002b980 f   LIBCMT:wsetloca.obj
 0001:0002a9ee       ___lc_wcstolc              1002b9ee f   LIBCMT:wsetloca.obj
 0001:0002ab1a       __configthreadlocale       1002bb1a f   LIBCMT:wsetloca.obj
 0001:0002aba0       __create_locale            1002bba0 f   LIBCMT:wsetloca.obj
 0001:0002ac02       __expandlocale             1002bc02 f   LIBCMT:wsetloca.obj
 0001:0002aef9       __free_locale              1002bef9 f   LIBCMT:wsetloca.obj
 0001:0002afb0       __get_current_locale       1002bfb0 f   LIBCMT:wsetloca.obj
 0001:0002b05f       __wcreate_locale           1002c05f f   LIBCMT:wsetloca.obj
 0001:0002b136       __wcscats                  1002c136 f   LIBCMT:wsetloca.obj
 0001:0002b175       __wsetlocale               1002c175 f   LIBCMT:wsetloca.obj
 0001:0002bab7       __CopyMan                  1002cab7 f i LIBCMT:intrncvt.obj
 0001:0002bad4       __FillZeroMan              1002cad4 f i LIBCMT:intrncvt.obj
 0001:0002bae3       __IncMan                   1002cae3 f i LIBCMT:intrncvt.obj
 0001:0002bb45       __IsZeroMan                1002cb45 f i LIBCMT:intrncvt.obj
 0001:0002bb62       __RoundMan                 1002cb62 f i LIBCMT:intrncvt.obj
 0001:0002bc63       __ShrMan                   1002cc63 f i LIBCMT:intrncvt.obj
 0001:0002bcf1       __ZeroTail                 1002ccf1 f i LIBCMT:intrncvt.obj
 0001:0002bd39       ___addl                    1002cd39 f i LIBCMT:intrncvt.obj
 0001:0002bd5d       __ld12cvt                  1002cd5d f i LIBCMT:intrncvt.obj
 0001:0002c2c8       __ld12tod                  1002d2c8 f   LIBCMT:intrncvt.obj
 0001:0002c83a       __ld12tof                  1002d83a f   LIBCMT:intrncvt.obj
 0001:0002cdac       __ld12told                 1002ddac f   LIBCMT:intrncvt.obj
 0001:0002ce7b       ___STRINGTOLD_L            1002de7b f   LIBCMT:strgtold.obj
 0001:0002ced6       ___ld12mul                 1002ded6 f i LIBCMT:strgtold.obj
 0001:0002d1a2       ___multtenpow12            1002e1a2 f i LIBCMT:strgtold.obj
 0001:0002d4f5       ___shl_12                  1002e4f5 f i LIBCMT:strgtold.obj
 0001:0002d526       ___shr_12                  1002e526 f i LIBCMT:strgtold.obj
 0001:0002d556       ___strgtold12_l            1002e556 f   LIBCMT:strgtold.obj
 0001:0002dcfe       _$I10_OUTPUT               1002ecfe f   LIBCMT:x10fout.obj
 0001:0002e6d2       ___add_12                  1002f6d2 f i LIBCMT:x10fout.obj
 0001:0002e87e       ___control87_2             1002f87e f   LIBCMT:ieee87.obj
 0001:0002eef2       __clearfp                  1002fef2 f   LIBCMT:ieee87.obj
 0001:0002efd2       __control87                1002ffd2 f i LIBCMT:ieee87.obj
 0001:0002f2d4       __controlfp                100302d4 f   LIBCMT:ieee87.obj
 0001:0002f5df       __fpreset                  100305df f   LIBCMT:ieee87.obj
 0001:0002f6ac       __set_controlfp            100306ac f   LIBCMT:ieee87.obj
 0001:0002f71f       __statusfp                 1003071f f   LIBCMT:ieee87.obj
 0001:0002f7b9       __statusfp2                100307b9 f   LIBCMT:ieee87.obj
 0001:0002f820       __alloca_probe_16          10030820 f   LIBCMT:alloca16.obj
 0001:0002f836       __alloca_probe_8           10030836     LIBCMT:alloca16.obj
 0001:0002f84c       _wcsnlen                   1003084c f   LIBCMT:wcslen_s.obj
 0001:0002f8f3       __wopen                    100308f3 f   LIBCMT:wopen.obj
 0001:0002f9a3       __wsopen                   100309a3 f   LIBCMT:wopen.obj
 0001:0002f9d6       __wsopen_helper            100309d6 f   LIBCMT:wopen.obj
 0001:0002fa9f       __wsopen_nolock            10030a9f f   LIBCMT:wopen.obj
 0001:000301f2       __wsopen_s                 100311f2 f   LIBCMT:wopen.obj
 0001:00030210       _strncmp                   10031210 f   LIBCMT:strncmp.obj
 0001:00030288       __strnicmp                 10031288 f   LIBCMT:strnicmp.obj
 0001:000302f3       __strnicmp_l               100312f3 f   LIBCMT:strnicmp.obj
 0001:000303a4       ___termconout              100313a4 f   LIBCMT:initcon.obj
 0001:000303bb       ___initconout              100313bb f   LIBCMT:initcon.obj
 0001:000303da       __fputwc_nolock            100313da f   LIBCMT:fputwc.obj
 0001:00030560       _fputwc                    10031560 f   LIBCMT:fputwc.obj
 0001:000305d7       _putwc                     100315d7 f   LIBCMT:fputwc.obj
 0001:000307c1       __wcstol_l                 100317c1 f   LIBCMT:wcstol.obj
 0001:000307d9       __wcstoul_l                100317d9 f   LIBCMT:wcstol.obj
 0001:000307f1       _wcstol                    100317f1 f   LIBCMT:wcstol.obj
 0001:00030809       _wcstoul                   10031809 f   LIBCMT:wcstol.obj
 0001:00030821       ___init_collate            10031821 f   LIBCMT:initcoll.obj
 0001:00030941       _memcmp                    10031941 f   LIBCMT:memcmp.obj
 0001:00033855       _wcscmp                    10034855 f   LIBCMT:wcscmp.obj
 0001:00033893       _wcscspn                   10034893 f   LIBCMT:wcscspn.obj
 0001:000338de       _wcsncmp                   100348de f   LIBCMT:wcsncmp.obj
 0001:00033914       _wcspbrk                   10034914 f   LIBCMT:wcspbrk.obj
 0001:00033f18       ___get_qualified_locale    10034f18 f   LIBCMT:getqloc.obj
 0001:00034788       ___get_qualified_locale_downlevel 10035788 f   LIBCMT:getqloc_downlevel.obj
 0001:000349a4       ___mtold12                 100359a4 f   LIBCMT:mantold.obj
 0001:00034b84       __chsize                   10035b84 f   LIBCMT:chsize.obj
 0001:00034b9e       __chsize_nolock            10035b9e f   LIBCMT:chsize.obj
 0001:00034d54       __chsize_s                 10035d54 f   LIBCMT:chsize.obj
 0001:00034e42       __get_fmode                10035e42 f   LIBCMT:setmode.obj
 0001:00034e6c       __set_fmode                10035e6c f   LIBCMT:setmode.obj
 0001:00034ea7       __setmode                  10035ea7 f   LIBCMT:setmode.obj
 0001:00034fac       __setmode_nolock           10035fac f   LIBCMT:setmode.obj
 0001:00035080       ___ascii_strnicmp          10036080 f   LIBCMT:_strnicm.obj
 0001:000350e1       __flswbuf                  100360e1 f   LIBCMT:_flswbuf.obj
 0001:00035243       __wchartodigit             10036243 f   LIBCMT:wchtodig.obj
 0001:000353e2       __wtoi                     100363e2 f   LIBCMT:wtox.obj
 0001:000353eb       __wtoi64                   100363eb f   LIBCMT:wtox.obj
 0001:000353ff       __wtoi64_l                 100363ff f   LIBCMT:wtox.obj
 0001:00035416       __wtoi_l                   10036416 f   LIBCMT:wtox.obj
 0001:0003541f       __wtol                     1003641f f   LIBCMT:wtox.obj
 0001:00035433       __wtol_l                   10036433 f   LIBCMT:wtox.obj
 0001:0003544a       __wtoll                    1003644a f   LIBCMT:wtox.obj
 0001:0003545e       __wtoll_l                  1003645e f   LIBCMT:wtox.obj
 0001:00035475       _wcschr                    10036475 f   LIBCMT:wcschr.obj
 0001:00035523       __wcsicmp                  10036523 f   LIBCMT:wcsicmp.obj
 0001:000355b6       __wcsicmp_l                100365b6 f   LIBCMT:wcsicmp.obj
 0001:00035691       __wcsnicmp                 10036691 f   LIBCMT:wcsnicmp.obj
 0001:00035747       __wcsnicmp_l               10036747 f   LIBCMT:wcsnicmp.obj
 0001:00035b10       __wcstof_l                 10036b10 f   LIBCMT:wcstoq.obj
 0001:00035bc3       __wcstoi64                 10036bc3 f   LIBCMT:wcstoq.obj
 0001:00035bed       __wcstoi64_l               10036bed f   LIBCMT:wcstoq.obj
 0001:00035c08       __wcstoimax_l              10036c08 f   LIBCMT:wcstoq.obj
 0001:00035c11       __wcstold_l                10036c11 f   LIBCMT:wcstoq.obj
 0001:00035c1a       __wcstoll_l                10036c1a f   LIBCMT:wcstoq.obj
 0001:00035c23       __wcstoui64                10036c23 f   LIBCMT:wcstoq.obj
 0001:00035c4d       __wcstoui64_l              10036c4d f   LIBCMT:wcstoq.obj
 0001:00035c68       __wcstoull_l               10036c68 f   LIBCMT:wcstoq.obj
 0001:00035c71       __wcstoumax_l              10036c71 f   LIBCMT:wcstoq.obj
 0001:00035c7a       _wcstof                    10036c7a f   LIBCMT:wcstoq.obj
 0001:00035c8f       _wcstoimax                 10036c8f f   LIBCMT:wcstoq.obj
 0001:00035c98       _wcstold                   10036c98 f   LIBCMT:wcstoq.obj
 0001:00035ca1       _wcstoll                   10036ca1 f   LIBCMT:wcstoq.obj
 0001:00035caa       _wcstoull                  10036caa f   LIBCMT:wcstoq.obj
 0001:00035cb3       _wcstoumax                 10036cb3 f   LIBCMT:wcstoq.obj
 0001:00035cbc       __towlower_l               10036cbc f   LIBCMT:towlower.obj
 0001:00035d6d       _towlower                  10036d6d f   LIBCMT:towlower.obj
 0001:00035d7e       __wcstod_l                 10036d7e f   LIBCMT:wcstod.obj
 0001:00035e79       _wcstod                    10036e79 f   LIBCMT:wcstod.obj
 0001:00035e90       __allmul                   10036e90 f   LIBCMT:llmul.obj
 0001:00035ec4       ___crtLCMapStringW         10036ec4 f   LIBCMT:w_map.obj
 0001:00035ef3       __wfltin2                  10036ef3 f   LIBCMT:wcfin.obj
 0001:00035fa0       ___WSTRINGTOLD_L           10036fa0 f   LIBCMT:wstrgtold.obj
 0001:00035ffb       ___wstrgtold12_l           10036ffb f   LIBCMT:wstrgtold.obj
 0001:0003684c       _GetModuleHandleA@4        1003784c f   kernel32:KERNEL32.dll
 0001:00036852       _GetProcAddress@8          10037852 f   kernel32:KERNEL32.dll
 0001:00036858       _HeapAlloc@12              10037858 f   kernel32:KERNEL32.dll
 0001:0003685e       _IsDebuggerPresent@0       1003785e f   kernel32:KERNEL32.dll
 0001:00036864       _IsProcessorFeaturePresent@4 10037864 f   kernel32:KERNEL32.dll
 0001:0003686a       _EncodePointer@4           1003786a f   kernel32:KERNEL32.dll
 0001:00036870       _DecodePointer@4           10037870 f   kernel32:KERNEL32.dll
 0001:00036876       _GetLastError@0            10037876 f   kernel32:KERNEL32.dll
 0001:0003687c       _ExitProcess@4             1003787c f   kernel32:KERNEL32.dll
 0001:00036882       _GetModuleHandleExW@12     10037882 f   kernel32:KERNEL32.dll
 0001:00036888       _AreFileApisANSI@0         10037888 f   kernel32:KERNEL32.dll
 0001:0003688e       _MultiByteToWideChar@24    1003788e f   kernel32:KERNEL32.dll
 0001:00036894       _WideCharToMultiByte@32    10037894 f   kernel32:KERNEL32.dll
 0001:0003689a       _HeapFree@12               1003789a f   kernel32:KERNEL32.dll
 0001:000368a0       _HeapReAlloc@16            100378a0 f   kernel32:KERNEL32.dll
 0001:000368a6       _EnterCriticalSection@4    100378a6 f   kernel32:KERNEL32.dll
 0001:000368ac       _LeaveCriticalSection@4    100378ac f   kernel32:KERNEL32.dll
 0001:000368b2       _GetStdHandle@4            100378b2 f   kernel32:KERNEL32.dll
 0001:000368b8       _GetFileType@4             100378b8 f   kernel32:KERNEL32.dll
 0001:000368be       _GetModuleFileNameW@12     100378be f   kernel32:KERNEL32.dll
 0001:000368c4       _WriteConsoleW@20          100378c4 f   kernel32:KERNEL32.dll
 0001:000368ca       _GetCommandLineA@0         100378ca f   kernel32:KERNEL32.dll
 0001:000368d0       _GetCurrentThreadId@0      100378d0 f   kernel32:KERNEL32.dll
 0001:000368d6       _WriteFile@20              100378d6 f   kernel32:KERNEL32.dll
 0001:000368dc       _GetProcessHeap@0          100378dc f   kernel32:KERNEL32.dll
 0001:000368e2       _UnhandledExceptionFilter@4 100378e2 f   kernel32:KERNEL32.dll
 0001:000368e8       _SetUnhandledExceptionFilter@4 100378e8 f   kernel32:KERNEL32.dll
 0001:000368ee       _SetLastError@4            100378ee f   kernel32:KERNEL32.dll
 0001:000368f4       _InitializeCriticalSectionAndSpinCount@8 100378f4 f   kernel32:KERNEL32.dll
 0001:000368fa       _CreateEventW@16           100378fa f   kernel32:KERNEL32.dll
 0001:00036900       _Sleep@4                   10037900 f   kernel32:KERNEL32.dll
 0001:00036906       _GetCurrentProcess@0       10037906 f   kernel32:KERNEL32.dll
 0001:0003690c       _TerminateProcess@8        1003790c f   kernel32:KERNEL32.dll
 0001:00036912       _TlsAlloc@0                10037912 f   kernel32:KERNEL32.dll
 0001:00036918       _TlsGetValue@4             10037918 f   kernel32:KERNEL32.dll
 0001:0003691e       _TlsSetValue@8             1003791e f   kernel32:KERNEL32.dll
 0001:00036924       _TlsFree@4                 10037924 f   kernel32:KERNEL32.dll
 0001:0003692a       _GetStartupInfoW@4         1003792a f   kernel32:KERNEL32.dll
 0001:00036930       _GetTickCount@0            10037930 f   kernel32:KERNEL32.dll
 0001:00036936       _GetModuleHandleW@4        10037936 f   kernel32:KERNEL32.dll
 0001:0003693c       _CreateSemaphoreW@16       1003793c f   kernel32:KERNEL32.dll
 0001:00036942       _DeleteCriticalSection@4   10037942 f   kernel32:KERNEL32.dll
 0001:00036948       _FatalAppExitA@8           10037948 f   kernel32:KERNEL32.dll
 0001:0003694e       _SetConsoleCtrlHandler@8   1003794e f   kernel32:KERNEL32.dll
 0001:00036954       _FreeLibrary@4             10037954 f   kernel32:KERNEL32.dll
 0001:0003695a       _LoadLibraryExW@12         1003795a f   kernel32:KERNEL32.dll
 0001:00036960       _IsValidCodePage@4         10037960 f   kernel32:KERNEL32.dll
 0001:00036966       _GetACP@0                  10037966 f   kernel32:KERNEL32.dll
 0001:0003696c       _GetOEMCP@0                1003796c f   kernel32:KERNEL32.dll
 0001:00036972       _GetCPInfo@8               10037972 f   kernel32:KERNEL32.dll
 0001:00036978       _CloseHandle@4             10037978 f   kernel32:KERNEL32.dll
 0001:0003697e       _RtlUnwind@16              1003797e f   kernel32:KERNEL32.dll
 0001:00036984       _ReadFile@20               10037984 f   kernel32:KERNEL32.dll
 0001:0003698a       _GetConsoleMode@8          1003798a f   kernel32:KERNEL32.dll
 0001:00036990       _ReadConsoleW@20           10037990 f   kernel32:KERNEL32.dll
 0001:00036996       _GetConsoleCP@0            10037996 f   kernel32:KERNEL32.dll
 0001:0003699c       _DeleteFileW@4             1003799c f   kernel32:KERNEL32.dll
 0001:000369a2       _SetFilePointerEx@20       100379a2 f   kernel32:KERNEL32.dll
 0001:000369a8       _RaiseException@16         100379a8 f   kernel32:KERNEL32.dll
 0001:000369ae       _OutputDebugStringW@4      100379ae f   kernel32:KERNEL32.dll
 0001:000369b4       _GetCurrentThread@0        100379b4 f   kernel32:KERNEL32.dll
 0001:000369ba       _GetModuleFileNameA@12     100379ba f   kernel32:KERNEL32.dll
 0001:000369c0       _QueryPerformanceCounter@4 100379c0 f   kernel32:KERNEL32.dll
 0001:000369c6       _GetCurrentProcessId@0     100379c6 f   kernel32:KERNEL32.dll
 0001:000369cc       _GetSystemTimeAsFileTime@4 100379cc f   kernel32:KERNEL32.dll
 0001:000369d2       _GetEnvironmentStringsW@0  100379d2 f   kernel32:KERNEL32.dll
 0001:000369d8       _FreeEnvironmentStringsW@4 100379d8 f   kernel32:KERNEL32.dll
 0001:000369de       _HeapSize@12               100379de f   kernel32:KERNEL32.dll
 0001:000369e4       _GetDateFormatW@24         100379e4 f   kernel32:KERNEL32.dll
 0001:000369ea       _GetTimeFormatW@24         100379ea f   kernel32:KERNEL32.dll
 0001:000369f0       _CompareStringW@24         100379f0 f   kernel32:KERNEL32.dll
 0001:000369f6       _LCMapStringW@24           100379f6 f   kernel32:KERNEL32.dll
 0001:000369fc       _GetLocaleInfoW@16         100379fc f   kernel32:KERNEL32.dll
 0001:00036a02       _IsValidLocale@8           10037a02 f   kernel32:KERNEL32.dll
 0001:00036a08       _GetUserDefaultLCID@0      10037a08 f   kernel32:KERNEL32.dll
 0001:00036a0e       _EnumSystemLocalesW@8      10037a0e f   kernel32:KERNEL32.dll
 0001:00036a14       _GetStringTypeW@16         10037a14 f   kernel32:KERNEL32.dll
 0001:00036a1a       _FlushFileBuffers@4        10037a1a f   kernel32:KERNEL32.dll
 0001:00036a20       _SetStdHandle@8            10037a20 f   kernel32:KERNEL32.dll
 0001:00036a26       _CreateFileW@28            10037a26 f   kernel32:KERNEL32.dll
 0001:00036a2c       _SetEndOfFile@4            10037a2c f   kernel32:KERNEL32.dll
 0002:00000000       ___xc_a                    10042000     LIBCMT:crt0init.obj
 0002:00000104       ___xc_z                    10042104     LIBCMT:crt0init.obj
 0002:00000208       ___xi_a                    10042208     LIBCMT:crt0init.obj
 0002:00000424       ___xi_z                    10042424     LIBCMT:crt0init.obj
 0002:00000528       ___xp_a                    10042528     LIBCMT:crt0init.obj
 0002:0000083c       ___xp_z                    1004283c     LIBCMT:crt0init.obj
 0002:00000940       ___xt_a                    10042940     LIBCMT:crt0init.obj
 0002:00000a44       ___xt_z                    10042a44     LIBCMT:crt0init.obj
 0002:00000b88       _FingerStrokeAssistance_M  10042b88     FingerStrokeAssistance.obj
 0002:00000b8c       ??_C@_0BI@PBFPDHLE@Error?5creating?5scope?54?6?$AA@ 10042b8c     FingerStrokeAssistance.obj
 0002:00000ba8       ??_C@_0O@LGBPGFOL@signals?1Gain3?$AA@ 10042ba8     FingerStrokeAssistance.obj
 0002:00000bb8       ??_C@_0DB@ENPBKHPM@Robot?1account?5for?5handedness1?1MA@ 10042bb8     FingerStrokeAssistance.obj
 0002:00000bf4       ??_C@_0O@CAPLFIJB@Robot?1Gain?1s2?$AA@ 10042bf4     FingerStrokeAssistance.obj
 0002:00000c04       ??_C@_0BG@JDAHNDCJ@MATLAB?5Function?1p7?1s2?$AA@ 10042c04     FingerStrokeAssistance.obj
 0002:00000c20       ??_C@_0N@NDALLKN@Robot?1Sum?1s2?$AA@ 10042c20     FingerStrokeAssistance.obj
 0002:00000c30       ??_C@_0O@DNKOCOOP@f_ref2?3?$CF15?46f?$AA@ 10042c30     FingerStrokeAssistance.obj
 0002:00000c40       ??_C@_0BA@BAONOGED@enc_raw2?3?$CF15?46f?$AA@ 10042c40     FingerStrokeAssistance.obj
 0002:00000c54       ??_C@_0BB@NKMEAAFC@enc_norm2?3?$CF15?46f?$AA@ 10042c54     FingerStrokeAssistance.obj
 0002:00000c68       ??_C@_0BB@GFJCGJHB@pos_ref_2?3?$CF15?46f?$AA@ 10042c68     FingerStrokeAssistance.obj
[...]
 0003:00004108       __maxwait                  1005c108     LIBCMT:crtheap.obj
 0003:0000410c       ?__pInconsistency@@3P6AXXZA 1005c10c     LIBCMT:hooks.obj
 0003:00004110       ___pPurecall               1005c110     LIBCMT:inithelp.obj
 0003:0000412c       ___mbcodepage              1005c12c     LIBCMT:mbctype.obj
 0003:00004130       ___ismbcodepage            1005c130     LIBCMT:mbctype.obj
 0003:00004134       ___mbulinfo                1005c134     LIBCMT:mbctype.obj
 0003:00004140       ___mblocalename            1005c140     LIBCMT:mbctype.obj
 0003:00004148       ___pioinfo                 1005c148     LIBCMT:ioinit.obj
 0003:00004248       ___error_mode              1005c248     LIBCMT:errmode.obj
 0003:00004368       __outputformat             1005c368     LIBCMT:outputformat.obj
 0003:00004370       __commode                  1005c370     LIBCMT:ncommode.obj
 0003:00004374       ___lconv_static_null       1005c374     LIBCMT:lconv.obj
 0003:00004378       ___lconv_static_W_null     1005c378     LIBCMT:lconv.obj
 0003:0000437c       ___locale_changed          1005c37c     LIBCMT:wsetloca.obj
 0003:00004380       __fmode                    1005c380     LIBCMT:txtmode.obj
 0003:000043a0       _CANAC2_2_receiveindex_mb3 1005c3a0     <common>
 0003:00007474       _CANAC2_2_receivemaxindex_mb3 1005f474     <common>
 0003:00007480       _CANAC2_2_sendindex_mb3    1005f480     <common>
 0003:000077a0       _CANAC2_2_sendmaxindex_mb3 1005f7a0     <common>
 0003:000077c0       _CANAC2_1_receiveindex_mb3 1005f7c0     <common>
 0003:00007ae0       _CANAC2_1_receivemaxindex_mb3 1005fae0     <common>
 0003:00007b00       _CANAC2_1_sendindex_mb3    1005fb00     <common>
 0003:00007e20       _CANAC2_1_sendmaxindex_mb3 1005fe20     <common>
 0003:00007e40       _CANAC2_2_receive_mb3      1005fe40     <common>
 0003:00008160       _CANAC2_2_send_mb3         10060160     <common>
 0003:00008480       _CANAC2_1_receive_mb3      10060480     <common>
 0003:000087a0       _CANAC2_1_send_mb3         100607a0     <common>
 0003:00008ac0       _CANAC2_2_receiveindex_mb2 10060ac0     <common>
 0003:00008de0       _CANAC2_2_receivemaxindex_mb2 10060de0     <common>
 0003:00008e00       _CANAC2_2_sendindex_mb2    10060e00     <common>
 0003:00009120       _CANAC2_2_sendmaxindex_mb2 10061120     <common>
 0003:00009140       _CANAC2_1_receiveindex_mb2 10061140     <common>
 0003:00009460       _CANAC2_1_receivemaxindex_mb2 10061460     <common>
 0003:00009480       _CANAC2_1_sendindex_mb2    10061480     <common>
 0003:000097a0       _CANAC2_1_sendmaxindex_mb2 100617a0     <common>
 0003:000097c0       _CANAC2_2_receive_mb2      100617c0     <common>
 0003:00009ae0       _CANAC2_2_send_mb2         10061ae0     <common>
 0003:00009e00       _CANAC2_1_receive_mb2      10061e00     <common>
 0003:0000a120       _CANAC2_1_send_mb2         10062120     <common>
 0003:0000a440       _CANAC2_2_receiveindex_mb1 10062440     <common>
 0003:0000a760       _CANAC2_2_receivemaxindex_mb1 10062760     <common>
 0003:0000a780       _CANAC2_2_sendindex_mb1    10062780     <common>
 0003:0000aaa0       _CANAC2_2_sendmaxindex_mb1 10062aa0     <common>
 0003:0000aac0       _CANAC2_1_receiveindex_mb1 10062ac0     <common>
 0003:0000ade0       _CANAC2_1_receivemaxindex_mb1 10062de0     <common>
 0003:0000ae00       _CANAC2_1_sendindex_mb1    10062e00     <common>
 0003:0000b120       _CANAC2_1_sendmaxindex_mb1 10063120     <common>
 0003:0000b140       _CANAC2_2_receive_mb1      10063140     <common>
 0003:0000b460       _CANAC2_2_send_mb1         10063460     <common>
 0003:0000b780       _CANAC2_1_receive_mb1      10063780     <common>
 0003:0000baa0       _CANAC2_1_send_mb1         10063aa0     <common>
 0003:0000bdc0       _CANAC2_2_receiveindex     10063dc0     <common>
 0003:0000c0e0       _CANAC2_2_receivemaxindex  100640e0     <common>
 0003:0000c100       _CANAC2_2_sendindex        10064100     <common>
 0003:0000c420       _CANAC2_2_sendmaxindex     10064420     <common>
 0003:0000c440       _CANAC2_1_receiveindex     10064440     <common>
 0003:0000c760       _CANAC2_1_receivemaxindex  10064760     <common>
 0003:0000c780       _CANAC2_1_sendindex        10064780     <common>
 0003:0000caa0       _CANAC2_1_sendmaxindex     10064aa0     <common>
 0003:0000cac0       _CANAC2_2_receive          10064ac0     <common>
 0003:0000cde0       _CANAC2_2_send             10064de0     <common>
 0003:0000d100       _CANAC2_1_receive          10065100     <common>
 0003:0000d420       _CANAC2_1_send             10065420     <common>
 0003:0000d740       _siepowercan_can_object_buffer_port2 10065740     <common>
 0003:00011760       _siepowercan_can_object_buffer_port1 10069760     <common>
 0003:00015760       _rtNaNF                    1006d760     <common>
 0003:00015774       _rtMinusInfF               1006d774     <common>
 0003:00015778       _rtInfF                    1006d778     <common>
 0003:00015780       _rtNaN                     1006d780     <common>
 0003:00015788       _rtMinusInf                1006d788     <common>
 0003:00015790       _rtInf                     1006d790     <common>
 0003:000157a0       _FingerStrokeAssistance_M_ 1006d7a0     <common>
 0003:000173a9       _FingerStrokeAssistance_PrevZCX 1006f3a9     <common>
 0003:000173c0       _FingerStrokeAssistance_DW 1006f3c0     <common>
 0003:00017760       _FingerStrokeAssistance_B  1006f760     <common>
 0003:00017d88       _xpceaddEvent              1006fd88     <common>
 0003:00017dd8       _xpceDeRegisterISR         1006fdd8     <common>
 0003:00017ddc       _xpceRegisterISR           1006fddc     <common>
 0003:00017de0       _xpcIsModelInit            1006fde0     <common>
 0003:00017de4       _xpcGetElapsedTime         1006fde4     <common>
 0003:00017de8       _xpcBusyWait               1006fde8     <common>
 0003:00017dec       _xpcFreePhysicalMemory     1006fdec     <common>
 0003:00017df0       _xpcAllocPhysicalMemory    1006fdf0     <common>
 0003:00017df4       _xpcReserveMemoryRegion    1006fdf4     <common>
 0003:00017df8       _xpcOutpB                  1006fdf8     <common>
 0003:00017dfc       _xpcOutpW                  1006fdfc     <common>
 0003:00017e00       _xpcOutpDW                 1006fe00     <common>
 0003:00017e04       _xpcInpB                   1006fe04     <common>
 0003:00017e08       _xpcInpW                   1006fe08     <common>
 0003:00017e0c       _xpcInpDW                  1006fe0c     <common>
 0003:00017e10       _slTestRegAssessment       1006fe10     <common>
 0003:00017e14       _slTestTerminate           1006fe14     <common>
 0003:00017e18       _slTestEvalOnFail          1006fe18     <common>
 0003:00017e1c       _slTestLogAssessments      1006fe1c     <common>
 0003:00017e20       _slTestInitialize          1006fe20     <common>
 0003:00017e24       _unRegisterPTPTimeRead     1006fe24     <common>
 0003:00017e28       _registerPTPTimeRead       1006fe28     <common>
 0003:00017e2c       _slrteGetCurrentStepSize   1006fe2c     <common>
 0003:00017e30       _slrteSetStepSizeDelta     1006fe30     <common>
 0003:00017e34       _xpceGetIntTimerGranularityNS 1006fe34     <common>
 0003:00017e38       _sendToAsyncQueueTgtAppSvc 1006fe38     <common>
 0003:00017e3c       _terminateToAsyncQueueTgtAppSvc 1006fe3c     <common>
 0003:00017e40       _startToAsyncQueueTgtAppSvc 1006fe40     <common>
 0003:00017e44       _getStatusFlags            1006fe44     <common>
 0003:00017e48       _getCommService            1006fe48     <common>
 0003:00017e4c       _getMemoryService          1006fe4c     <common>
 0003:00017e50       _StreamVideo               1006fe50     <common>
 0003:00017e54       _StopVideoDisplay          1006fe54     <common>
 0003:00017e58       _StartVideoDisplay         1006fe58     <common>
 0003:00017e5c       _DestroyVideoDisplay       1006fe5c     <common>
 0003:00017e60       _CreateVideoDisplay        1006fe60     <common>
 0003:00017e64       _ConvertUImage             1006fe64     <common>
 0003:00017e68       _StopVideo                 1006fe68     <common>
 0003:00017e6c       _ReadFrameBuffer           1006fe6c     <common>
 0003:00017e70       _StartVideo                1006fe70     <common>
 0003:00017e74       _GetVideoConfigs           1006fe74     <common>
 0003:00017e78       _FindUsbVideoDevice        1006fe78     <common>
 0003:00017e7c       _xpceDeleteSemaphore       1006fe7c     <common>
 0003:00017e80       _xpceSignalSemaphore       1006fe80     <common>
 0003:00017e84       _xpceWaitSemaphore         1006fe84     <common>
 0003:00017e88       _xpceCreateSemaphore       1006fe88     <common>
 0003:00017e8c       _TBGiveSpinFast            1006fe8c     <common>
 0003:00017e90       _TBTakeSpinFast            1006fe90     <common>
 0003:00017e94       _TBDeleteSpin              1006fe94     <common>
 0003:00017e98       _TBCreateSpin              1006fe98     <common>
 0003:00017e9c       _xpceScopeAcqOK            1006fe9c     <common>
 0003:00017ea0       _rl32eRestartAcquisition   1006fea0     <common>
 0003:00017ea4       _rl32eSetTargetScopeSigFt  1006fea4     <common>
 0003:00017ea8       _rl32eSetTargetScope       1006fea8     <common>
 0003:00017eac       _xpceFSScopeSet            1006feac     <common>
 0003:00017eb0       _rl32eSetScope             1006feb0     <common>
 0003:00017eb4       _rl32eAddSignal            1006feb4     <common>
 0003:00017eb8       _rl32eGetSignalNo          1006feb8     <common>
 0003:00017ebc       _rl32eDefScope             1006febc     <common>
 0003:00017ec0       _rl32eScopeExists          1006fec0     <common>
 0003:00017ec4       _xpceUDPClose              1006fec4     <common>
 0003:00017ec8       _xpceUDPReceive            1006fec8     <common>
 0003:00017ecc       _xpceUDPSend               1006fecc     <common>
 0003:00017ed0       _xpceUDPOpenReceive        1006fed0     <common>
 0003:00017ed4       _xpceUDPOpenSend           1006fed4     <common>
 0003:00017ed8       _rl32eSendBlock            1006fed8     <common>
 0003:00017edc       _rl32eLineStatus           1006fedc     <common>
 0003:00017ee0       _rl32eReceiveBufferCount   1006fee0     <common>
 0003:00017ee4       _rl32eReceiveChar          1006fee4     <common>
 0003:00017ee8       _rl32eSendChar             1006fee8     <common>
 0003:00017eec       _rl32eCloseCOMPort         1006feec     <common>
 0003:00017ef0       _rl32eInitCOMPort          1006fef0     <common>
 0003:00017ef4       _xpceGetParamDims          1006fef4     <common>
 0003:00017ef8       _xpceGetParameter          1006fef8     <common>
 0003:00017efc       _xpceSetParameter          1006fefc     <common>
 0003:00017f00       _xpceGetSignalValue        1006ff00     <common>
 0003:00017f04       _xpceAssignPCIInterrupt    1006ff04     <common>
 0003:00017f08       _rl32eGetPCIInfoAtSlot     1006ff08     <common>
 0003:00017f0c       _rl32eGetPCIInfo           1006ff0c     <common>
 0003:00017f10       _rl32eShowPCIInfo          1006ff10     <common>
 0003:00017f14       _rl32eShowPCIDev           1006ff14     <common>
 0003:00017f18       _xpceGetTET                1006ff18     <common>
 0003:00017f1c       _xpceFTSubtract            1006ff1c     <common>
 0003:00017f20       _xpceFTAdd                 1006ff20     <common>
 0003:00017f24       _xpceFTReadTime            1006ff24     <common>
 0003:00017f28       ___unguarded_readlc_active 1006ff28     <common>
 0003:00017f38       ___setlc_active            1006ff38     <common>
 0003:00017f3c       __nhandle                  1006ff3c     <common>
 0003:00017f60       _encodedKERNEL32Functions  1006ff60     <common>
 0003:00018008       __debugger_hook_dummy      10070008     <common>
 0003:00018014       ___use_sse2_mathfcns       10070014     <common>
 0003:00018020       __pmatherr                 10070020     <common>
 0003:0001802c       __pDestructExceptionObject 1007002c     <common>
 0003:00018038       __acmdln                   10070038     <common>
 0003:00018060       __bufin                    10070060     <common>
 0003:0001939c       ___piob                    1007139c     <common>
 0003:000193a0       __nstream                  100713a0     <common>
 0003:000193a4       ___dyn_tls_init_callback   100713a4     <common>
 0003:000193b4       ___onexitend               100713b4     <common>
 0003:000193b8       ___onexitbegin             100713b8     <common>
 0003:000193bc       ___mbctype_initialized     100713bc     <common>
 0003:000193c0       ___env_initialized         100713c0     <common>
 0004:00000000       __imp__GetModuleHandleA@4  10072000     kernel32:KERNEL32.dll
 0004:00000004       __imp__GetProcAddress@8    10072004     kernel32:KERNEL32.dll
 0004:00000008       __imp__HeapAlloc@12        10072008     kernel32:KERNEL32.dll
 0004:0000000c       __imp__IsDebuggerPresent@0 1007200c     kernel32:KERNEL32.dll
 0004:00000010       __imp__IsProcessorFeaturePresent@4 10072010     kernel32:KERNEL32.dll
 0004:00000014       __imp__EncodePointer@4     10072014     kernel32:KERNEL32.dll
 0004:00000018       __imp__DecodePointer@4     10072018     kernel32:KERNEL32.dll
 0004:0000001c       __imp__GetLastError@0      1007201c     kernel32:KERNEL32.dll
 0004:00000020       __imp__ExitProcess@4       10072020     kernel32:KERNEL32.dll
 0004:00000024       __imp__GetModuleHandleExW@12 10072024     kernel32:KERNEL32.dll
 0004:00000028       __imp__AreFileApisANSI@0   10072028     kernel32:KERNEL32.dll
 0004:0000002c       __imp__MultiByteToWideChar@24 1007202c     kernel32:KERNEL32.dll
 0004:00000030       __imp__WideCharToMultiByte@32 10072030     kernel32:KERNEL32.dll
 0004:00000034       __imp__HeapFree@12         10072034     kernel32:KERNEL32.dll
 0004:00000038       __imp__HeapReAlloc@16      10072038     kernel32:KERNEL32.dll
 0004:0000003c       __imp__EnterCriticalSection@4 1007203c     kernel32:KERNEL32.dll
 0004:00000040       __imp__LeaveCriticalSection@4 10072040     kernel32:KERNEL32.dll
 0004:00000044       __imp__GetStdHandle@4      10072044     kernel32:KERNEL32.dll
 0004:00000048       __imp__GetFileType@4       10072048     kernel32:KERNEL32.dll
 0004:0000004c       __imp__GetModuleFileNameW@12 1007204c     kernel32:KERNEL32.dll
 0004:00000050       __imp__WriteConsoleW@20    10072050     kernel32:KERNEL32.dll
 0004:00000054       __imp__GetCommandLineA@0   10072054     kernel32:KERNEL32.dll
 0004:00000058       __imp__GetCurrentThreadId@0 10072058     kernel32:KERNEL32.dll
 0004:0000005c       __imp__WriteFile@20        1007205c     kernel32:KERNEL32.dll
 0004:00000060       __imp__GetProcessHeap@0    10072060     kernel32:KERNEL32.dll
 0004:00000064       __imp__UnhandledExceptionFilter@4 10072064     kernel32:KERNEL32.dll
 0004:00000068       __imp__SetUnhandledExceptionFilter@4 10072068     kernel32:KERNEL32.dll
 0004:0000006c       __imp__SetLastError@4      1007206c     kernel32:KERNEL32.dll
 0004:00000070       __imp__InitializeCriticalSectionAndSpinCount@8 10072070     kernel32:KERNEL32.dll
 0004:00000074       __imp__CreateEventW@16     10072074     kernel32:KERNEL32.dll
 0004:00000078       __imp__Sleep@4             10072078     kernel32:KERNEL32.dll
 0004:0000007c       __imp__GetCurrentProcess@0 1007207c     kernel32:KERNEL32.dll
 0004:00000080       __imp__TerminateProcess@8  10072080     kernel32:KERNEL32.dll
 0004:00000084       __imp__TlsAlloc@0          10072084     kernel32:KERNEL32.dll
 0004:00000088       __imp__TlsGetValue@4       10072088     kernel32:KERNEL32.dll
 0004:0000008c       __imp__TlsSetValue@8       1007208c     kernel32:KERNEL32.dll
 0004:00000090       __imp__TlsFree@4           10072090     kernel32:KERNEL32.dll
 0004:00000094       __imp__GetStartupInfoW@4   10072094     kernel32:KERNEL32.dll
 0004:00000098       __imp__GetTickCount@0      10072098     kernel32:KERNEL32.dll
 0004:0000009c       __imp__GetModuleHandleW@4  1007209c     kernel32:KERNEL32.dll
 0004:000000a0       __imp__CreateSemaphoreW@16 100720a0     kernel32:KERNEL32.dll
 0004:000000a4       __imp__DeleteCriticalSection@4 100720a4     kernel32:KERNEL32.dll
 0004:000000a8       __imp__FatalAppExitA@8     100720a8     kernel32:KERNEL32.dll
 0004:000000ac       __imp__SetConsoleCtrlHandler@8 100720ac     kernel32:KERNEL32.dll
 0004:000000b0       __imp__FreeLibrary@4       100720b0     kernel32:KERNEL32.dll
 0004:000000b4       __imp__LoadLibraryExW@12   100720b4     kernel32:KERNEL32.dll
 0004:000000b8       __imp__IsValidCodePage@4   100720b8     kernel32:KERNEL32.dll
 0004:000000bc       __imp__GetACP@0            100720bc     kernel32:KERNEL32.dll
 0004:000000c0       __imp__GetOEMCP@0          100720c0     kernel32:KERNEL32.dll
 0004:000000c4       __imp__GetCPInfo@8         100720c4     kernel32:KERNEL32.dll
 0004:000000c8       __imp__CloseHandle@4       100720c8     kernel32:KERNEL32.dll
 0004:000000cc       __imp__RtlUnwind@16        100720cc     kernel32:KERNEL32.dll
 0004:000000d0       __imp__ReadFile@20         100720d0     kernel32:KERNEL32.dll
 0004:000000d4       __imp__GetConsoleMode@8    100720d4     kernel32:KERNEL32.dll
 0004:000000d8       __imp__ReadConsoleW@20     100720d8     kernel32:KERNEL32.dll
 0004:000000dc       __imp__GetConsoleCP@0      100720dc     kernel32:KERNEL32.dll
 0004:000000e0       __imp__DeleteFileW@4       100720e0     kernel32:KERNEL32.dll
 0004:000000e4       __imp__SetFilePointerEx@20 100720e4     kernel32:KERNEL32.dll
 0004:000000e8       __imp__RaiseException@16   100720e8     kernel32:KERNEL32.dll
 0004:000000ec       __imp__OutputDebugStringW@4 100720ec     kernel32:KERNEL32.dll
 0004:000000f0       __imp__GetCurrentThread@0  100720f0     kernel32:KERNEL32.dll
 0004:000000f4       __imp__GetModuleFileNameA@12 100720f4     kernel32:KERNEL32.dll
 0004:000000f8       __imp__QueryPerformanceCounter@4 100720f8     kernel32:KERNEL32.dll
 0004:000000fc       __imp__GetCurrentProcessId@0 100720fc     kernel32:KERNEL32.dll
 0004:00000100       __imp__GetSystemTimeAsFileTime@4 10072100     kernel32:KERNEL32.dll
 0004:00000104       __imp__GetEnvironmentStringsW@0 10072104     kernel32:KERNEL32.dll
 0004:00000108       __imp__FreeEnvironmentStringsW@4 10072108     kernel32:KERNEL32.dll
 0004:0000010c       __imp__HeapSize@12         1007210c     kernel32:KERNEL32.dll
 0004:00000110       __imp__GetDateFormatW@24   10072110     kernel32:KERNEL32.dll
 0004:00000114       __imp__GetTimeFormatW@24   10072114     kernel32:KERNEL32.dll
 0004:00000118       __imp__CompareStringW@24   10072118     kernel32:KERNEL32.dll
 0004:0000011c       __imp__LCMapStringW@24     1007211c     kernel32:KERNEL32.dll
 0004:00000120       __imp__GetLocaleInfoW@16   10072120     kernel32:KERNEL32.dll
 0004:00000124       __imp__IsValidLocale@8     10072124     kernel32:KERNEL32.dll
 0004:00000128       __imp__GetUserDefaultLCID@0 10072128     kernel32:KERNEL32.dll
 0004:0000012c       __imp__EnumSystemLocalesW@8 1007212c     kernel32:KERNEL32.dll
 0004:00000130       __imp__GetStringTypeW@16   10072130     kernel32:KERNEL32.dll
 0004:00000134       __imp__FlushFileBuffers@4  10072134     kernel32:KERNEL32.dll
 0004:00000138       __imp__SetStdHandle@8      10072138     kernel32:KERNEL32.dll
 0004:0000013c       __imp__CreateFileW@28      1007213c     kernel32:KERNEL32.dll
 0004:00000140       __imp__SetEndOfFile@4      10072140     kernel32:KERNEL32.dll
 0004:00000144       \177KERNEL32_NULL_THUNK_DATA 10072144     kernel32:KERNEL32.dll
 0004:000001b0       __IMPORT_DESCRIPTOR_KERNEL32 100721b0     kernel32:KERNEL32.dll
 0004:000001c4       __NULL_IMPORT_DESCRIPTOR   100721c4     kernel32:KERNEL32.dll

 entry point at        0001:00016ed3

