 FingerStrokeAssistance_xpc

 Timestamp is 58bde0b2 (Mon Mar 06 14:20:34 2017)

 Preferred load address is 10000000

 Start         Length     Name                   Class
 0001:00000000 00040f4eH .text$mn                CODE
 0002:00000000 00000104H .CRT$XCA                DATA
 0002:00000104 00000104H .CRT$XCZ                DATA
 0002:00000208 00000104H .CRT$XIA                DATA
 0002:0000030c 00000118H .CRT$XIC                DATA
 0002:00000424 00000104H .CRT$XIZ                DATA
 0002:00000528 00000104H .CRT$XPA                DATA
 0002:0000062c 00000109H .CRT$XPX                DATA
 0002:00000738 00000104H .CRT$XPXA               DATA
 0002:0000083c 00000104H .CRT$XPZ                DATA
 0002:00000940 00000104H .CRT$XTA                DATA
 0002:00000a44 00000104H .CRT$XTZ                DATA
 0002:00000b50 00013b67H .rdata                  DATA
 0002:000146b8 000001bbH .rdata$debug            DATA
 0002:00014880 0000010eH .rdata$sxdata           DATA
 0002:00014990 00000104H .rtc$IAA                DATA
 0002:00014a94 00000104H .rtc$IZZ                DATA
 0002:00014b98 00000104H .rtc$TAA                DATA
 0002:00014c9c 00000104H .rtc$TZZ                DATA
 0002:00014da0 00000991H .xdata$x                DATA
 0002:00015740 00000226H .edata                  DATA
 0003:00000000 00002e4fH .data                   DATA
 0003:00002e60 00016584H .bss                    DATA
 0004:00000000 000001b0H .idata$5                DATA
 0004:000001b0 00000014H .idata$2                DATA
 0004:000001c4 00000014H .idata$3                DATA
 0004:000001d8 000001b0H .idata$4                DATA
 0004:00000388 0000076bH .idata$6                DATA

  Address         Publics by Value              Rva+Base       Lib:Object

 0000:00000000       ___guard_fids_table        00000000     <absolute>
 0000:00000000       ___guard_flags             00000000     <absolute>
 0000:00000000       __except_list              00000000     <absolute>
 0000:00000000       ___guard_fids_count        00000000     <absolute>
 0000:00000003       ___safe_se_handler_count   00000003     <absolute>
 0000:00000000       ___ImageBase               10000000     <linker-defined>
 0001:00000460       _FingerStrokeAssi_MATLABFunction 10001460 f   FingerStrokeAssistance.obj
 0001:000004c0       _FingerStrokeAssistance    100014c0 f   FingerStrokeAssistance.obj
 0001:00001680       _FingerStrokeAssistance_gainramp 10002680 f   FingerStrokeAssistance.obj
 0001:00004680       _MdlInitialize             10005680 f   FingerStrokeAssistance.obj
 0001:00004690       _MdlInitializeSampleTimes  10005690 f   FingerStrokeAssistance.obj
 0001:000046a0       _MdlInitializeSizes        100056a0 f   FingerStrokeAssistance.obj
 0001:000046b0       _MdlOutputs                100056b0 f   FingerStrokeAssistance.obj
 0001:000046c0       _MdlStart                  100056c0 f   FingerStrokeAssistance.obj
 0001:000046d0       _MdlTerminate              100056d0 f   FingerStrokeAssistance.obj
 0001:00004730       _MdlUpdate                 10005730 f   FingerStrokeAssistance.obj
 0001:00004740       _rt_powd_snf               10005740 f   FingerStrokeAssistance.obj
 0001:000049d0       _rt_roundd_snf             100059d0 f   FingerStrokeAssistance.obj
 0001:00004ad0       _FingerStrokeAssistance_GetCAPIStaticMap 10005ad0 f   FingerStrokeAssistance_capi.obj
 0001:00004ae0       _FingerStrokeAssistance_InitializeDataMapInfo 10005ae0 f   FingerStrokeAssistance_capi.obj
 0001:00004b70       _TgtConnBackgroundTask     10005b70 f   FingerStrokeAssistance_tgtconn.obj
 0001:00004b80       _TgtConnInit               10005b80 f   FingerStrokeAssistance_tgtconn.obj
 0001:00004ba0       _TgtConnPostStep           10005ba0 f   FingerStrokeAssistance_tgtconn.obj
 0001:00004bb0       _TgtConnPreStep            10005bb0 f   FingerStrokeAssistance_tgtconn.obj
 0001:00004bc0       _TgtConnTerm               10005bc0 f   FingerStrokeAssistance_tgtconn.obj
 0001:00004bd0       _rtGetInf                  10005bd0 f   rtGetInf.obj
 0001:00004c00       _rtGetInfF                 10005c00 f   rtGetInf.obj
 0001:00004c20       _rtGetMinusInf             10005c20 f   rtGetInf.obj
 0001:00004c50       _rtGetMinusInfF            10005c50 f   rtGetInf.obj
 0001:00004c70       _rtGetNaN                  10005c70 f   rtGetNaN.obj
 0001:00004ca0       _rtGetNaNF                 10005ca0 f   rtGetNaN.obj
 0001:000055d0       _rt_CreateLogVar           100065d0 f   rt_logging.obj
 0001:00005660       _rt_CreateLogVarWithConvert 10006660 f   rt_logging.obj
 0001:00005fe0       _rt_CreateStructLogVar     10006fe0 f   rt_logging.obj
 0001:00006d50       _rt_GetMxIdFromDTypeId     10007d50 f   rt_logging.obj
 0001:00006d80       _rt_GetMxIdFromDTypeIdForRSim 10007d80 f   rt_logging.obj
 0001:000096c0       _rt_StartDataLogging       1000a6c0 f   rt_logging.obj
 0001:00009b80       _rt_StartDataLoggingWithStartTime 1000ab80 f   rt_logging.obj
 0001:0000a4e0       _rt_StopDataLogging        1000b4e0 f   rt_logging.obj
 0001:0000a500       _rt_StopDataLoggingImpl    1000b500 f   rt_logging.obj
 0001:0000a820       _rt_UpdateLogVar           1000b820 f   rt_logging.obj
 0001:0000bbe0       _rt_UpdateStructLogVar     1000cbe0 f   rt_logging.obj
 0001:0000bc70       _rt_UpdateTXXFYLogVars     1000cc70 f   rt_logging.obj
 0001:0000bfb0       _rt_UpdateTXYLogVars       1000cfb0 f   rt_logging.obj
 0001:0000c200       _rt_CleanUpForStateLogWithMMI 1000d200 f   rt_logging_mmi.obj
 0001:0000c310       _rt_FillStateSigInfoFromMMI 1000d310 f   rt_logging_mmi.obj
 0001:0000c6c0       _rt_mxCreateCharMatrixFromStrings 1000d6c0 f   rt_matrx.obj
 0001:0000c810       _rt_mxCreateDoubleMatrix   1000d810 f   rt_matrx.obj
 0001:0000c870       _rt_mxCreateNumericArray   1000d870 f   rt_matrx.obj
 0001:0000c8f0       _rt_mxCreateString         1000d8f0 f   rt_matrx.obj
 0001:0000c980       _rt_mxDuplicateArray       1000d980 f   rt_matrx.obj
 0001:0000c9e0       _rt_mxGetDimensions        1000d9e0 f   rt_matrx.obj
 0001:0000ca20       _rt_mxGetEps               1000da20 f   rt_matrx.obj
 0001:0000ca30       _rt_mxGetString            1000da30 f   rt_matrx.obj
 0001:0000cab0       _rtIsInf                   1000dab0 f   rt_nonfinite.obj
 0001:0000caf0       _rtIsInfF                  1000daf0 f   rt_nonfinite.obj
 0001:0000cb30       _rtIsNaN                   1000db30 f   rt_nonfinite.obj
 0001:0000cb50       _rtIsNaNF                  1000db50 f   rt_nonfinite.obj
 0001:0000cb70       _rt_InitInfAndNaN          1000db70 f   rt_nonfinite.obj
 0001:0000cbd0       _rtPrintfNoOp              1000dbd0 f   rt_printf.obj
 0001:0000cbe0       _rt_ZCFcn                  1000dbe0 f   rt_zcfcn.obj
 0001:0000cca0       _rtwCAPI_CountSysRan       1000dca0 f   rtw_modelmap_utils.obj
 0001:0000cd40       _rtwCAPI_EncodePath        1000dd40 f   rtw_modelmap_utils.obj
 0001:0000ce30       _rtwCAPI_FillSysRan        1000de30 f   rtw_modelmap_utils.obj
 0001:0000cf20       _rtwCAPI_FreeFullPaths     1000df20 f   rtw_modelmap_utils.obj
 0001:0000cfb0       _rtwCAPI_GetFullStateBlockPath 1000dfb0 f   rtw_modelmap_utils.obj
 0001:0000d160       _rtwCAPI_GetNumContStateRecords 1000e160 f   rtw_modelmap_utils.obj
 0001:0000d220       _rtwCAPI_GetNumSigLogRecords 1000e220 f   rtw_modelmap_utils.obj
 0001:0000d270       _rtwCAPI_GetNumSigLogRecordsForRTWLogging 1000e270 f   rtw_modelmap_utils.obj
 0001:0000d300       _rtwCAPI_GetNumStateRecords 1000e300 f   rtw_modelmap_utils.obj
 0001:0000d350       _rtwCAPI_GetNumStateRecordsForRTWLogging 1000e350 f   rtw_modelmap_utils.obj
 0001:0000d3e0       _rtwCAPI_GetSigAddrFromMap 1000e3e0 f   rtw_modelmap_utils.obj
 0001:0000d4a0       _rtwCAPI_GetSigLogRecordInfo 1000e4a0 f   rtw_modelmap_utils.obj
 0001:0000d8d0       _rtwCAPI_GetStateRecordInfo 1000e8d0 f   rtw_modelmap_utils.obj
 0001:0000dd80       _rtwCAPI_GetStateWidth     1000ed80 f   rtw_modelmap_utils.obj
 0001:0000dde0       _rtwCAPI_HasStates         1000ede0 f   rtw_modelmap_utils.obj
 0001:0000de50       _rtwCAPI_UpdateFullPaths   1000ee50 f   rtw_modelmap_utils.obj
 0001:0000e030       _DllMain@12                1000f030 f   xpctarget.obj
 0001:0000e040       _FingerStrokeAssistance_ChangeStepSize 1000f040 f   xpctarget.obj
 0001:0000e090       _SLRTSetErrorStatus        1000f090 f   xpctarget.obj
 0001:0000e0b0       _changeStepSize            1000f0b0 f   xpctarget.obj
 0001:0000e100       _getDLMVersion             1000f100 f   xpctarget.obj
 0001:0000e110       _getRefMdlPath             1000f110 f   xpctarget.obj
 0001:0000e190       _getRefMdlSignalNumber     1000f190 f   xpctarget.obj
 0001:0000e240       _getrlmdlinfo              1000f240 f   xpctarget.obj
 0001:0000e420       _updateDiscreteEvents      1000f420 f   xpctarget.obj
 0001:0000e430       _getNumRef                 1000f430 f   appmappingData.obj
 0001:0000e440       _encnipcim                 1000f440 f   encnipcim.obj
 0001:0000ea70       _danipcim                  1000fa70 f   danipcim.obj
 0001:0000f210       _adnipcim                  10010210 f   adnipcim.obj
 0001:0000fc40       _niMIdentify               10010c40 f   xpcionim.obj
 0001:0000fdc0       _niM_AISetup               10010dc0 f   xpcionim.obj
 0001:000101d0       _niM_AO_Setup              100111d0 f   xpcionim.obj
 0001:00010360       _niM_Cont_Pulse_Train_Generation 10011360 f   xpcionim.obj
 0001:000104a0       _niM_Counter_Reset_All     100114a0 f   xpcionim.obj
 0001:00010550       _niM_CtrArm                10011550 f   xpcionim.obj
 0001:00010570       _niM_CtrDisarm             10011570 f   xpcionim.obj
 0001:00010590       _niM_CtrReadArm            10011590 f   xpcionim.obj
 0001:000105b0       _niM_CtrReadDisarm         100115b0 f   xpcionim.obj
 0001:000105d0       _niM_PeriodConfigure       100115d0 f   xpcionim.obj
 0001:00010740       _niM_Private_Data          10011740 f   xpcionim.obj
 0001:00010d20       _niM_SetPFIFilter          10011d20 f   xpcionim.obj
 0001:00010da0       _niM_SetPFI_DO             10011da0 f   xpcionim.obj
 0001:00010df0       _niM_SetPFI_Select         10011df0 f   xpcionim.obj
 0001:00010e70       _niM_aiConfigureChannel    10011e70 f   xpcionim.obj
 0001:00010ee0       _niM_aiGetScalingCoefficients 10011ee0 f   xpcionim.obj
 0001:000110c0       _niM_aiPolynomialScaler    100120c0 f   xpcionim.obj
 0001:000111e0       _niM_analogTriggerReset    100121e0 f   xpcionim.obj
 0001:00011230       _niM_aoConfigureDAC        10012230 f   xpcionim.obj
 0001:00011280       _niM_aoGetScalingCoefficients 10012280 f   xpcionim.obj
 0001:00011330       _niM_aoLinearScaler        10012330 f   xpcionim.obj
 0001:00011360       _niM_configureTimebase     10012360 f   xpcionim.obj
 0001:00011380       _niM_eepromReadMSeries     10012380 f   xpcionim.obj
 0001:00011450       _niM_pllReset              10012450 f   xpcionim.obj
 0001:00011480       _niM_resetCtr              10012480 f   xpcionim.obj
 0001:000114a0       _niM_whichBank             100124a0 f   xpcionim.obj
 0001:000114e0       _niMconfig                 100124e0 f   xpcionim.obj
 0001:00011580       _GetPCIDeviceFull          10012580 f   xpcruntime:xpcimports.obj
 0001:000115b0       _ShowPCIDevice             100125b0 f   xpcruntime:xpcimports.obj
 0001:00011c20       _xpcGetPciConfigAtSlot     10012c20 f   xpcruntime:xpcimports.obj
 0001:00011ea0       _xpcInitProcs              10012ea0 f   xpcruntime:xpcimports.obj
 0001:00012a00       _xpceuploadevent           10013a00 f   xpcruntime:xpcimports.obj
 0001:00012a01       __heap_alloc               10013a01 f i LIBCMT:malloc.obj
 0001:00012a3e       _malloc                    10013a3e f   LIBCMT:malloc.obj
 0001:00012ad0       __get_printf_count_output  10013ad0 f   LIBCMT:printf.obj
 0001:00012ae5       __printf_l                 10013ae5 f   LIBCMT:printf.obj
 0001:00012afc       __printf_p                 10013afc f   LIBCMT:printf.obj
 0001:00012b12       __printf_p_l               10013b12 f   LIBCMT:printf.obj
 0001:00012b29       __printf_s_l               10013b29 f   LIBCMT:printf.obj
 0001:00012b40       __set_printf_count_output  10013b40 f   LIBCMT:printf.obj
 0001:00012b68       _printf                    10013b68 f   LIBCMT:printf.obj
 0001:00012c17       _printf_s                  10013c17 f   LIBCMT:printf.obj
 0001:00012c2d       ___libm_sse2_pow           10013c2d f   LIBCMT:pow_sse2.obj
 0001:000136b0       _ceil                      100146b0 f   LIBCMT:ceil_pentium4.obj
 0001:000136f0       __ceil_pentium4            100146f0 f   LIBCMT:ceil_pentium4.obj
 0001:000137d0       _memset                    100147d0 f   LIBCMT:memset.obj
 0001:00013860       __fpmath                   10014860 f   LIBCMT:fpinit.obj
 0001:00013877       ___setfflag                10014877 f   LIBCMT:fpinit.obj
 0001:0001388a       __cfltcvt_init             1001488a f   LIBCMT:fpinit.obj
 0001:000138ea       ___raise_securityfailure   100148ea f   LIBCMT:gs_report.obj
 0001:00013927       ___report_gsfailure        10014927 f   LIBCMT:gs_report.obj
 0001:00013a22       ___report_rangecheckfailure 10014a22 f   LIBCMT:gs_report.obj
 0001:00013a2e       ___report_securityfailure  10014a2e f   LIBCMT:gs_report.obj
 0001:00013afe       ___report_securityfailureEx 10014afe f   LIBCMT:gs_report.obj
 0001:00013c14       ___copy_path_to_wide_string 10014c14 f   LIBCMT:crt0dat.obj
 0001:00013cc6       ___copy_to_char            10014cc6 f   LIBCMT:crt0dat.obj
 0001:00013d7b       ___crtCorExitProcess       10014d7b f   LIBCMT:crt0dat.obj
 0001:00013daf       ___crtExitProcess          10014daf f   LIBCMT:crt0dat.obj
 0001:00013dc5       ___freeCrtMemory           10014dc5 f   LIBCMT:crt0dat.obj
 0001:00013ed2       __amsg_exit                10014ed2 f   LIBCMT:crt0dat.obj
 0001:00013eee       __c_exit                   10014eee f   LIBCMT:crt0dat.obj
 0001:00013efd       __cexit                    10014efd f   LIBCMT:crt0dat.obj
 0001:00013f0c       __cinit                    10014f0c f   LIBCMT:crt0dat.obj
 0001:00013f90       __exit                     10014f90 f   LIBCMT:crt0dat.obj
 0001:00013fa4       __exit_app                 10014fa4 f   LIBCMT:crt0dat.obj
 0001:00013fb2       __get_pgmptr               10014fb2 f   LIBCMT:crt0dat.obj
 0001:00013fe1       __get_wpgmptr              10014fe1 f   LIBCMT:crt0dat.obj
 0001:00014010       __init_pointers            10015010 f   LIBCMT:crt0dat.obj
 0001:0001407e       __initterm_e               1001507e f   LIBCMT:crt0dat.obj
 0001:000140a0       __lockexit                 100150a0 f   LIBCMT:crt0dat.obj
 0001:000140a9       __unlockexit               100150a9 f   LIBCMT:crt0dat.obj
 0001:000141e1       _exit                      100151e1 f   LIBCMT:crt0dat.obj
 0001:000141f5       _calloc                    100151f5 f   LIBCMT:calloc.obj
 0001:00014235       _free                      10015235 f   LIBCMT:free.obj
 0001:0001426d       _realloc                   1001526d f   LIBCMT:realloc.obj
 0001:00014320       _memmove                   10015320 f   LIBCMT:memmove.obj
 0001:00014970       _strchr                    10015970 f   LIBCMT:strchr.obj
 0001:000149de       ___from_strstr_to_strchr   100159de     LIBCMT:strchr.obj
 0001:00014aa0       _strncat                   10015aa0 f   LIBCMT:strncat.obj
 0001:00014be0       _strncpy                   10015be0 f   LIBCMT:strncpy.obj
 0001:00014d04       ___initstdio               10015d04 f   LIBCMT:_file.obj
 0001:00014d77       ___endstdio                10015d77 f   LIBCMT:_file.obj
 0001:00014d9e       ___iob_func                10015d9e f   LIBCMT:_file.obj
 0001:00014da4       __lock_file                10015da4 f   LIBCMT:_file.obj
 0001:00014de3       __lock_file2               10015de3 f   LIBCMT:_file.obj
 0001:00014e13       __unlock_file              10015e13 f   LIBCMT:_file.obj
 0001:00014e4d       __unlock_file2             10015e4d f   LIBCMT:_file.obj
 0001:00014e7a       __fclose_nolock            10015e7a f   LIBCMT:fclose.obj
 0001:00014ee6       _fclose                    10015ee6 f   LIBCMT:fclose.obj
 0001:00014f5d       __fsopen                   10015f5d f   LIBCMT:fopen.obj
 0001:00015021       _fopen                     10016021 f   LIBCMT:fopen.obj
 0001:00015036       _fopen_s                   10016036 f   LIBCMT:fopen.obj
 0001:0001507b       __fprintf_l                1001607b f   LIBCMT:fprintf.obj
 0001:00015095       __fprintf_p                10016095 f   LIBCMT:fprintf.obj
 0001:000150ae       __fprintf_p_l              100160ae f   LIBCMT:fprintf.obj
 0001:000150c8       __fprintf_s_l              100160c8 f   LIBCMT:fprintf.obj
 0001:000150e2       _fprintf                   100160e2 f   LIBCMT:fprintf.obj
 0001:000151f4       _fprintf_s                 100161f4 f   LIBCMT:fprintf.obj
 0001:0001520d       __fread_nolock             1001620d f   LIBCMT:fread.obj
 0001:00015228       __fread_nolock_s           10016228 f   LIBCMT:fread.obj
 0001:000153ed       _fread                     100163ed f   LIBCMT:fread.obj
 0001:00015408       _fread_s                   10016408 f   LIBCMT:fread.obj
 0001:00015499       __fwrite_nolock            10016499 f   LIBCMT:fwrite.obj
 0001:000155f2       _fwrite                    100165f2 f   LIBCMT:fwrite.obj
 0001:00015674       __unlink                   10016674 f   LIBCMT:unlink.obj
 0001:0001567d       _remove                    1001667d f   LIBCMT:unlink.obj
 0001:000156bf       _rewind                    100166bf f   LIBCMT:rewind.obj
 0001:0001577e       __scprintf                 1001677e f   LIBCMT:sprintf.obj
 0001:00015791       __scprintf_l               10016791 f   LIBCMT:sprintf.obj
 0001:000157a8       __scprintf_p               100167a8 f   LIBCMT:sprintf.obj
 0001:000157bb       __scprintf_p_l             100167bb f   LIBCMT:sprintf.obj
 0001:000157d2       __snprintf_s               100167d2 f   LIBCMT:sprintf.obj
 0001:000157f1       __snprintf_s_l             100167f1 f   LIBCMT:sprintf.obj
 0001:00015811       __sprintf_l                10016811 f   LIBCMT:sprintf.obj
 0001:0001582b       __sprintf_p                1001682b f   LIBCMT:sprintf.obj
 0001:00015847       __sprintf_p_l              10016847 f   LIBCMT:sprintf.obj
 0001:00015864       __sprintf_s_l              10016864 f   LIBCMT:sprintf.obj
 0001:00015881       _sprintf                   10016881 f   LIBCMT:sprintf.obj
 0001:00015905       _sprintf_s                 10016905 f   LIBCMT:sprintf.obj
 0001:00015921       _ldexp                     10016921 f   LIBCMT:ldexp.obj
 0001:00015b0d       @__security_check_cookie@4 10016b0d f   LIBCMT:secchk.obj
 0001:00015b20       __ftoui3                   10016b20 f   LIBCMT:ftol3.obj
 0001:00015b2f       __ftoul3                   10016b2f f   LIBCMT:ftol3.obj
 0001:00015b3e       __ftol3                    10016b3e f   LIBCMT:ftol3.obj
 0001:00015b4b       __ftol3_NaN                10016b4b f   LIBCMT:ftol3.obj
 0001:00015b63       __ftol3_work               10016b63 f   LIBCMT:ftol3.obj
 0001:00015be9       __ftol3_common             10016be9 f   LIBCMT:ftol3.obj
 0001:00015cab       __ftol3_arg_error          10016cab f   LIBCMT:ftol3.obj
 0001:00015cbd       __ftol3_except             10016cbd f   LIBCMT:ftol3.obj
 0001:00015cff       __dtoui3                   10016cff f   LIBCMT:ftol3.obj
 0001:00015d0e       __dtoul3                   10016d0e f   LIBCMT:ftol3.obj
 0001:00015d1d       __dtol3                    10016d1d f   LIBCMT:ftol3.obj
 0001:00015d2a       __dtol3_NaN                10016d2a f   LIBCMT:ftol3.obj
 0001:00015d47       __dtol3_work               10016d47 f   LIBCMT:ftol3.obj
 0001:00015e2c       __ultod3                   10016e2c f   LIBCMT:ftol3.obj
 0001:00015ebd       __ltod3                    10016ebd f   LIBCMT:ftol3.obj
 0001:00015ef0       _memcpy                    10016ef0 f   LIBCMT:memcpy.obj
 0001:00016534       ___isa_available_init      10017534 f   LIBCMT:cpu_disp.obj
 0001:000166ad       __invoke_watson_if_error   100176ad f i LIBCMT:wassert.obj
 0001:000166cd       __wassert                  100176cd f   LIBCMT:wassert.obj
 0001:00016d71       __CRT_INIT@12              10017d71 f   LIBCMT:dllcrt0.obj
 0001:00016ee3       __DllMainCRTStartup@12     10017ee3 f   LIBCMT:dllcrt0.obj
 0001:00017014       ___DllXcptFilter           10018014 f   LIBCMT:dllcrt0.obj
 0001:00017039       ?_query_new_handler@@YAP6AHI@ZXZ 10018039 f   LIBCMT:handler.obj
 0001:00017046       ?_set_new_handler@@YAP6AHI@ZH@Z 10018046 f   LIBCMT:handler.obj
 0001:0001704f       ?_set_new_handler@@YAP6AHI@ZP6AHI@Z@Z 1001804f f   LIBCMT:handler.obj
 0001:00017084       __callnewh                 10018084 f   LIBCMT:handler.obj
 0001:000170aa       __initp_heap_handler       100180aa f   LIBCMT:handler.obj
 0001:000170b7       __FF_MSGBANNER             100180b7 f   LIBCMT:crt0msg.obj
 0001:000170f0       __GET_RTERRMSG             100180f0 f   LIBCMT:crt0msg.obj
 0001:00017114       __NMSG_WRITE               10018114 f   LIBCMT:crt0msg.obj
 0001:000172d1       ___doserrno                100182d1 f   LIBCMT:dosmap.obj
 0001:000172e4       __dosmaperr                100182e4 f   LIBCMT:dosmap.obj
 0001:00017305       __errno                    10018305 f   LIBCMT:dosmap.obj
 0001:00017318       __get_doserrno             10018318 f   LIBCMT:dosmap.obj
 0001:0001733b       __get_errno                1001833b f   LIBCMT:dosmap.obj
 0001:0001735e       __get_errno_from_oserr     1001835e f   LIBCMT:dosmap.obj
 0001:0001739f       __set_doserrno             1001839f f   LIBCMT:dosmap.obj
 0001:000173be       __set_errno                100183be f   LIBCMT:dosmap.obj
 0001:000173dd       __get_heap_handle          100183dd f   LIBCMT:heapinit.obj
 0001:000173e3       __heap_init                100183e3 f   LIBCMT:heapinit.obj
 0001:000173f8       __heap_term                100183f8 f   LIBCMT:heapinit.obj
 0001:00017400       ?_invalid_parameter@@YAXPBG00II@Z 10018400 f   LIBCMT:invarg.obj
 0001:00017405       ?_invoke_watson@@YAXPBG00II@Z 10018405 f   LIBCMT:invarg.obj
 0001:0001741d       __call_reportfault         1001841d f   LIBCMT:invarg.obj
 0001:00017542       __get_invalid_parameter_handler 10018542 f   LIBCMT:invarg.obj
 0001:0001754f       __initp_misc_invarg        1001854f f   LIBCMT:invarg.obj
 0001:0001755c       __invalid_parameter        1001855c f   LIBCMT:invarg.obj
 0001:00017587       __invalid_parameter_noinfo 10018587 f   LIBCMT:invarg.obj
 0001:00017597       __invalid_parameter_noinfo_noreturn 10018597 f   LIBCMT:invarg.obj
 0001:000175b2       __invoke_watson            100185b2 f   LIBCMT:invarg.obj
 0001:000175dd       __set_invalid_parameter_handler 100185dd f   LIBCMT:invarg.obj
 0001:00017602       __vprintf_l                10018602 f   LIBCMT:vprintf.obj
 0001:0001761d       __vprintf_p                1001861d f   LIBCMT:vprintf.obj
 0001:00017637       __vprintf_p_l              10018637 f   LIBCMT:vprintf.obj
 0001:00017652       __vprintf_s_l              10018652 f   LIBCMT:vprintf.obj
 0001:0001766d       _vprintf                   1001866d f   LIBCMT:vprintf.obj
 0001:00017687       _vprintf_helper            10018687 f   LIBCMT:vprintf.obj
 0001:00017714       _vprintf_s                 10018714 f   LIBCMT:vprintf.obj
 0001:0001772e       __ftbuf                    1001872e f   LIBCMT:_sftbuf.obj
 0001:0001775f       __stbuf                    1001875f f   LIBCMT:_sftbuf.obj
 0001:00017805       ??0_LocaleUpdate@@QAE@PAUlocaleinfo_struct@@@Z 10018805 f i LIBCMT:output.obj
 0001:0001788d       ??1_LocaleUpdate@@QAE@XZ   1001888d f i LIBCMT:output.obj
 0001:0001789b       ?GetLocaleT@_LocaleUpdate@@QAEPAUlocaleinfo_struct@@XZ 1001889b f i LIBCMT:output.obj
 0001:0001789e       __output_l                 1001889e f   LIBCMT:output.obj
 0001:0001841e       _get_int64_arg             1001941e f i LIBCMT:output.obj
 0001:00018431       _get_int_arg               10019431 f i LIBCMT:output.obj
 0001:00018441       _get_short_arg             10019441 f i LIBCMT:output.obj
 0001:00018540       __SEH_prolog4              10019540 f   LIBCMT:sehprolg4.obj
 0001:00018585       __SEH_epilog4              10019585 f   LIBCMT:sehprolg4.obj
 0001:000185e0       __except_handler4          100195e0 f   LIBCMT:chandler4.obj
 0001:00018774       ___libm_error_support      10019774 f   LIBCMT:libm_error.obj
 0001:00018a5c       ___libm_setusermatherr     10019a5c f   LIBCMT:libm_error.obj
 0001:00018a88       __sse2_mathfcns_init       10019a88 f   LIBCMT:mathfcns.obj
 0001:00018a97       __set_SSE2_enable          10019a97 f   LIBCMT:mathfcns.obj
 0001:00018ab6       __ceil_default             10019ab6 f   LIBCMT:ceil.obj
 0001:00018b8d       __VEC_memset               10019b8d f   LIBCMT:p4_memset.obj
 0001:00018c55       ?strrchr@@YAPADPADH@Z      10019c55 f i LIBCMT:cvt.obj
 0001:00018c5e       __cfltcvt                  10019c5e f   LIBCMT:cvt.obj
 0001:00018c7f       __cfltcvt_l                10019c7f f   LIBCMT:cvt.obj
 0001:00018d05       __cftoa                    10019d05 f   LIBCMT:cvt.obj
 0001:00018d23       __cftoa_l                  10019d23 f   LIBCMT:cvt.obj
 0001:0001907f       __cftoe                    1001a07f f   LIBCMT:cvt.obj
 0001:000191ee       __cftoe_l                  1001a1ee f   LIBCMT:cvt.obj
 0001:000192bc       __cftof                    1001a2bc f   LIBCMT:cvt.obj
 0001:000193c3       __cftof_l                  1001a3c3 f   LIBCMT:cvt.obj
 0001:00019484       __cftog                    1001a484 f   LIBCMT:cvt.obj
 0001:000194a2       __cftog_l                  1001a4a2 f   LIBCMT:cvt.obj
 0001:000195a1       __cropzeros                1001a5a1 f   LIBCMT:cvt.obj
 0001:000195b2       __cropzeros_l              1001a5b2 f   LIBCMT:cvt.obj
 0001:00019632       __fassign                  1001a632 f   LIBCMT:cvt.obj
 0001:0001964a       __fassign_l                1001a64a f   LIBCMT:cvt.obj
 0001:0001968c       __forcdecpt                1001a68c f   LIBCMT:cvt.obj
 0001:0001969d       __forcdecpt_l              1001a69d f   LIBCMT:cvt.obj
 0001:00019711       __positive                 1001a711 f   LIBCMT:cvt.obj
 0001:00019753       __setdefaultprecision      1001a753 f   LIBCMT:fp8.obj
 0001:0001977a       __initp_misc_cfltcvt_tab   1001a77a f   LIBCMT:cmiscdat.obj
 0001:00019799       __crt_debugger_hook        1001a799 f   LIBCMT:dbghook.obj
 0001:000197ce       ___crtCloseThreadpoolTimer 1001a7ce f   LIBCMT:winapisupp.obj
 0001:000197e5       ___crtCloseThreadpoolWait  1001a7e5 f   LIBCMT:winapisupp.obj
 0001:000197fc       ___crtCreateEventExW       1001a7fc f   LIBCMT:winapisupp.obj
 0001:00019837       ___crtCreateSemaphoreExW   1001a837 f   LIBCMT:winapisupp.obj
 0001:00019871       ___crtCreateSymbolicLinkW  1001a871 f   LIBCMT:winapisupp.obj
 0001:0001989a       ___crtCreateThreadpoolTimer 1001a89a f   LIBCMT:winapisupp.obj
 0001:000198bb       ___crtCreateThreadpoolWait 1001a8bb f   LIBCMT:winapisupp.obj
 0001:000198dc       ___crtFlsAlloc             1001a8dc f   LIBCMT:winapisupp.obj
 0001:000198fa       ___crtFlsFree              1001a8fa f   LIBCMT:winapisupp.obj
 0001:00019919       ___crtFlsGetValue          1001a919 f   LIBCMT:winapisupp.obj
 0001:00019938       ___crtFlsSetValue          1001a938 f   LIBCMT:winapisupp.obj
 0001:0001995a       ___crtFlushProcessWriteBuffers 1001a95a f   LIBCMT:winapisupp.obj
 0001:0001996a       ___crtFreeLibraryWhenCallbackReturns 1001a96a f   LIBCMT:winapisupp.obj
 0001:00019984       ___crtGetCurrentProcessorNumber 1001a984 f   LIBCMT:winapisupp.obj
 0001:00019996       ___crtGetFileInformationByHandleEx 1001a996 f   LIBCMT:winapisupp.obj
 0001:000199c2       ___crtGetLogicalProcessorInformation 1001a9c2 f   LIBCMT:winapisupp.obj
 0001:000199e8       ___crtGetShowWindowMode    1001a9e8 f   LIBCMT:winapisupp.obj
 0001:00019a0b       ___crtGetTickCount64       1001aa0b f   LIBCMT:winapisupp.obj
 0001:00019a23       ___crtInitializeCriticalSectionEx 1001aa23 f   LIBCMT:winapisupp.obj
 0001:00019a51       ___crtIsPackagedApp        1001aa51 f   LIBCMT:winapisupp.obj
 0001:00019a91       ___crtLoadWinApiPointers   1001aa91 f   LIBCMT:winapisupp.obj
 0001:00019d1c       ___crtSetFileInformationByHandle 1001ad1c f   LIBCMT:winapisupp.obj
 0001:00019d48       ___crtSetThreadStackGuarantee 1001ad48 f   LIBCMT:winapisupp.obj
 0001:00019d63       ___crtSetThreadpoolTimer   1001ad63 f   LIBCMT:winapisupp.obj
 0001:00019d83       ___crtSetThreadpoolWait    1001ad83 f   LIBCMT:winapisupp.obj
 0001:00019da0       ___crtSetUnhandledExceptionFilter 1001ada0 f   LIBCMT:winapisupp.obj
 0001:00019dae       ___crtSleep                1001adae f   LIBCMT:winapisupp.obj
 0001:00019dbc       ___crtTerminateProcess     1001adbc f   LIBCMT:winapisupp.obj
 0001:00019dd1       ___crtUnhandledException   1001add1 f   LIBCMT:winapisupp.obj
 0001:00019de7       ___crtWaitForThreadpoolTimerCallbacks 1001ade7 f   LIBCMT:winapisupp.obj
 0001:00019e01       __RTC_Initialize           1001ae01 f   LIBCMT:initsect.obj
 0001:00019e21       __RTC_Terminate            1001ae21 f   LIBCMT:initsect.obj
 0001:00019e41       __lock                     1001ae41 f   LIBCMT:mlock.obj
 0001:00019e75       __lockerr_exit             1001ae75 f   LIBCMT:mlock.obj
 0001:00019e95       __mtdeletelocks            1001ae95 f   LIBCMT:mlock.obj
 0001:00019ee9       __mtinitlocknum            1001aee9 f   LIBCMT:mlock.obj
 0001:00019f92       __mtinitlocks              1001af92 f   LIBCMT:mlock.obj
 0001:00019fcb       __unlock                   1001afcb f   LIBCMT:mlock.obj
 0001:00019fe0       __FindPESection            1001afe0 f   LIBCMT:pesect.obj
 0001:0001a030       __IsNonwritableInCurrentImage 1001b030 f   LIBCMT:pesect.obj
 0001:0001a0f0       __ValidateImageBase        1001b0f0 f   LIBCMT:pesect.obj
 0001:0001a121       ___onexitinit              1001b121 f   LIBCMT:onexit.obj
 0001:0001a150       __onexit                   1001b150 f   LIBCMT:onexit.obj
 0001:0001a24c       _atexit                    1001b24c f   LIBCMT:onexit.obj
 0001:0001a261       __calloc_crt               1001b261 f   LIBCMT:crtheap.obj
 0001:0001a2a9       __malloc_crt               1001b2a9 f   LIBCMT:crtheap.obj
 0001:0001a2f0       __realloc_crt              1001b2f0 f   LIBCMT:crtheap.obj
 0001:0001a33a       __recalloc_crt             1001b33a f   LIBCMT:crtheap.obj
 0001:0001a388       __set_malloc_crt_max_wait  1001b388 f   LIBCMT:crtheap.obj
 0001:0001a39b       _wait_a_bit                1001b39b f i LIBCMT:crtheap.obj
 0001:0001a3bf       ?_inconsistency@@YAXXZ     1001b3bf f   LIBCMT:hooks.obj
 0001:0001a3f7       ?terminate@@YAXXZ          1001b3f7 f   LIBCMT:hooks.obj
 0001:0001a42b       ?unexpected@@YAXXZ         1001b42b f   LIBCMT:hooks.obj
 0001:0001a43e       __initp_eh_hooks           1001b43e f   LIBCMT:hooks.obj
 0001:0001a44f       ___getlocaleinfo           1001b44f f   LIBCMT:inithelp.obj
 0001:0001a628       __initp_misc_purevirt      1001b628 f   LIBCMT:inithelp.obj
 0001:0001a635       ___fpecode                 1001b635 f   LIBCMT:winsig.obj
 0001:0001a63e       ___get_sigabrt             1001b63e f   LIBCMT:winsig.obj
 0001:0001a64b       ___pxcptinfoptrs           1001b64b f   LIBCMT:winsig.obj
 0001:0001a654       __initp_misc_winsig        1001b654 f   LIBCMT:winsig.obj
 0001:0001a715       _raise                     1001b715 f   LIBCMT:winsig.obj
 0001:0001a90a       _signal                    1001b90a f   LIBCMT:winsig.obj
 0001:0001ab61       __initp_misc_rand_s        1001bb61 f   LIBCMT:rand_s.obj
 0001:0001ab6e       _rand_s                    1001bb6e f   LIBCMT:rand_s.obj
 0001:0001ac74       ___initmbctable            1001bc74 f   LIBCMT:mbctype.obj
 0001:0001af2b       ___updatetmbcinfo          1001bf2b f   LIBCMT:mbctype.obj
 0001:0001afd1       __getmbcp                  1001bfd1 f   LIBCMT:mbctype.obj
 0001:0001b002       __setmbcp                  1001c002 f   LIBCMT:mbctype.obj
 0001:0001b1aa       __setmbcp_nolock           1001c1aa f   LIBCMT:mbctype.obj
 0001:0001b395       __calloc_impl              1001c395 f   LIBCMT:calloc_impl.obj
 0001:0001b40f       __fcloseall                1001c40f f   LIBCMT:closeall.obj
 0001:0001b4ac       __fflush_nolock            1001c4ac f   LIBCMT:fflush.obj
 0001:0001b4f2       __flush                    1001c4f2 f   LIBCMT:fflush.obj
 0001:0001b556       __flushall                 1001c556 f   LIBCMT:fflush.obj
 0001:0001b55f       _fflush                    1001c55f f   LIBCMT:fflush.obj
 0001:0001b69c       __fileno                   1001c69c f   LIBCMT:fileno.obj
 0001:0001b6c0       __close                    1001c6c0 f   LIBCMT:close.obj
 0001:0001b79b       __close_nolock             1001c79b f   LIBCMT:close.obj
 0001:0001b835       __freebuf                  1001c835 f   LIBCMT:_freebuf.obj
 0001:0001b865       __getstream                1001c865 f   LIBCMT:stream.obj
 0001:0001b984       __openfile                 1001c984 f   LIBCMT:_open.obj
 0001:0001bc00       __local_unwind4            1001cc00 f   LIBCMT:exsup4.obj
 0001:0001bcd6       __seh_longjmp_unwind4@4    1001ccd6 f   LIBCMT:exsup4.obj
 0001:0001bcf2       @_EH4_CallFilterFunc@8     1001ccf2 f   LIBCMT:exsup4.obj
 0001:0001bd09       @_EH4_TransferToHandler@8  1001cd09 f   LIBCMT:exsup4.obj
 0001:0001bd22       @_EH4_GlobalUnwind2@8      1001cd22 f   LIBCMT:exsup4.obj
 0001:0001bd3b       @_EH4_LocalUnwind@16       1001cd3b f   LIBCMT:exsup4.obj
 0001:0001bd52       __vfprintf_l               1001cd52 f   LIBCMT:vfprintf.obj
 0001:0001bd70       __vfprintf_p               1001cd70 f   LIBCMT:vfprintf.obj
 0001:0001bd8d       __vfprintf_p_l             1001cd8d f   LIBCMT:vfprintf.obj
 0001:0001bdab       __vfprintf_s_l             1001cdab f   LIBCMT:vfprintf.obj
 0001:0001bdc9       _vfprintf                  1001cdc9 f   LIBCMT:vfprintf.obj
 0001:0001bde6       _vfprintf_helper           1001cde6 f   LIBCMT:vfprintf.obj
 0001:0001bef7       _vfprintf_s                1001cef7 f   LIBCMT:vfprintf.obj
 0001:0001bf14       __ioinit                   1001cf14 f   LIBCMT:ioinit.obj
 0001:0001c1c8       __ioterm                   1001d1c8 f   LIBCMT:ioinit.obj
 0001:0001c21a       __filbuf                   1001d21a f   LIBCMT:_filbuf.obj
 0001:0001c33b       _memcpy_s                  1001d33b f   LIBCMT:memcpy_s.obj
 0001:0001c3ba       __read                     1001d3ba f   LIBCMT:read.obj
 0001:0001c4ce       __read_nolock              1001d4ce f   LIBCMT:read.obj
 0001:0001cc5f       __flsbuf                   1001dc5f f   LIBCMT:_flsbuf.obj
 0001:0001cdae       __write                    1001ddae f   LIBCMT:write.obj
 0001:0001ce9d       __write_nolock             1001de9d f   LIBCMT:write.obj
 0001:0001d702       __wremove                  1001e702 f   LIBCMT:wunlink.obj
 0001:0001d730       __wunlink                  1001e730 f   LIBCMT:wunlink.obj
 0001:0001d739       __lseek                    1001e739 f   LIBCMT:lseek.obj
 0001:0001d828       __lseek_nolock             1001e828 f   LIBCMT:lseek.obj
 0001:0001d8cf       __vscprintf                1001e8cf f   LIBCMT:vsprintf.obj
 0001:0001d8e9       __vscprintf_helper         1001e8e9 f   LIBCMT:vsprintf.obj
 0001:0001d945       __vscprintf_l              1001e945 f   LIBCMT:vsprintf.obj
 0001:0001d960       __vscprintf_p              1001e960 f   LIBCMT:vsprintf.obj
 0001:0001d97a       __vscprintf_p_l            1001e97a f   LIBCMT:vsprintf.obj
 0001:0001d995       __vsprintf_l               1001e995 f   LIBCMT:vsprintf.obj
 0001:0001da19       _vsprintf                  1001ea19 f   LIBCMT:vsprintf.obj
 0001:0001da31       __vsnprintf_c              1001ea31 f   LIBCMT:vsnprnc.obj
 0001:0001da58       __vsnprintf_c_l            1001ea58 f   LIBCMT:vsnprnc.obj
 0001:0001da80       __vsnprintf_helper         1001ea80 f   LIBCMT:vsnprnc.obj
 0001:0001db4a       __vsnprintf_s              1001eb4a f   LIBCMT:vsnprnc.obj
 0001:0001db68       __vsnprintf_s_l            1001eb68 f   LIBCMT:vsnprnc.obj
 0001:0001dc68       __vsprintf_p               1001ec68 f   LIBCMT:vsnprnc.obj
 0001:0001dc8f       __vsprintf_p_l             1001ec8f f   LIBCMT:vsnprnc.obj
 0001:0001dcb7       __vsprintf_s_l             1001ecb7 f   LIBCMT:vsnprnc.obj
 0001:0001dd2c       _vsprintf_s                1001ed2c f   LIBCMT:vsnprnc.obj
 0001:0001dd47       __chgsign                  1001ed47 f   LIBCMT:ieeemisc.obj
 0001:0001dd74       __chgsignf                 1001ed74 f   LIBCMT:ieeemisc.obj
 0001:0001dd95       __copysign                 1001ed95 f   LIBCMT:ieeemisc.obj
 0001:0001ddbd       __copysignf                1001edbd f   LIBCMT:ieeemisc.obj
 0001:0001ddd9       __finite                   1001edd9 f   LIBCMT:ieeemisc.obj
 0001:0001ddf1       __fpclass                  1001edf1 f   LIBCMT:ieeemisc.obj
 0001:0001de8d       __isnan                    1001ee8d f   LIBCMT:ieeemisc.obj
 0001:0001dec0       __logb                     1001eec0 f   LIBCMT:ieeemisc.obj
 0001:0001dfa1       __nextafter                1001efa1 f   LIBCMT:ieeemisc.obj
 0001:0001e241       __scalb                    1001f241 f   LIBCMT:ieeemisc.obj
 0001:0001e259       __add_exp                  1001f259 f   LIBCMT:util.obj
 0001:0001e288       __decomp                   1001f288 f   LIBCMT:util.obj
 0001:0001e35a       __get_exp                  1001f35a f   LIBCMT:util.obj
 0001:0001e373       __set_bexp                 1001f373 f   LIBCMT:util.obj
 0001:0001e39c       __set_exp                  1001f39c f   LIBCMT:util.obj
 0001:0001e3cb       __sptype                   1001f3cb f   LIBCMT:util.obj
 0001:0001e426       __errcode                  1001f426 f   LIBCMT:fpexcept.obj
 0001:0001e458       __except1                  1001f458 f   LIBCMT:fpexcept.obj
 0001:0001e520       __except2                  1001f520 f   LIBCMT:fpexcept.obj
 0001:0001e620       __handle_exc               1001f620 f   LIBCMT:fpexcept.obj
 0001:0001e7fe       __handle_qnan1             1001f7fe f   LIBCMT:fpexcept.obj
 0001:0001e84e       __handle_qnan2             1001f84e f   LIBCMT:fpexcept.obj
 0001:0001e8ae       __raise_exc                1001f8ae f   LIBCMT:fpexcept.obj
 0001:0001e8cf       __raise_exc_ex             1001f8cf f   LIBCMT:fpexcept.obj
 0001:0001ebb4       __raise_excf               1001fbb4 f   LIBCMT:fpexcept.obj
 0001:0001ebd5       __set_errno_from_matherr   1001fbd5 f   LIBCMT:fpexcept.obj
 0001:0001ec02       __umatherr                 1001fc02 f   LIBCMT:fpexcept.obj
 0001:0001eca2       ___clrfp_sse2              1001fca2 f   LIBCMT:fpctrl.obj
 0001:0001ecc3       ___ctrlfp_sse2             1001fcc3 f   LIBCMT:fpctrl.obj
 0001:0001ecfc       ___fclrf_sse2              1001fcfc f   LIBCMT:fpctrl.obj
 0001:0001ed19       ___get_fpsr_sse2           1001fd19 f   LIBCMT:fpctrl.obj
 0001:0001ed35       ___set_fpsr_sse2           1001fd35 f   LIBCMT:fpctrl.obj
 0001:0001edab       ___set_statfp_sse2         1001fdab f   LIBCMT:fpctrl.obj
 0001:0001edc4       ___statfp_sse2             1001fdc4 f   LIBCMT:fpctrl.obj
 0001:0001edd9       __clrfp                    1001fdd9 f   LIBCMT:fpctrl.obj
 0001:0001edea       __ctrlfp                   1001fdea f   LIBCMT:fpctrl.obj
 0001:0001ee15       __set_statfp               1001fe15 f   LIBCMT:fpctrl.obj
 0001:0001ee6d       __statfp                   1001fe6d f   LIBCMT:fpctrl.obj
 0001:0001ee7d       _wcscat_s                  1001fe7d f   LIBCMT:wcscat_s.obj
 0001:0001eee9       _wcscpy_s                  1001fee9 f   LIBCMT:wcscpy_s.obj
 0001:0001ef45       _wcslen                    1001ff45 f   LIBCMT:wcslen.obj
 0001:0001ef5e       _wcsncat_s                 1001ff5e f   LIBCMT:wcsncat_s.obj
 0001:0001f02c       __set_abort_behavior       1002002c f   LIBCMT:abort.obj
 0001:0001f04b       _abort                     1002004b f   LIBCMT:abort.obj
 0001:0001f08e       ___set_app_type            1002008e f   LIBCMT:errmode.obj
 0001:0001f09b       __set_error_mode           1002009b f   LIBCMT:errmode.obj
 0001:0001f1f7       __i64tow_s                 100201f7 f   LIBCMT:xtows.obj
 0001:0001f228       __itow_s                   10020228 f   LIBCMT:xtows.obj
 0001:0001f251       __ltow_s                   10020251 f   LIBCMT:xtows.obj
 0001:0001f27b       __ui64tow_s                1002027b f   LIBCMT:xtows.obj
 0001:0001f296       __ultow_s                  10020296 f   LIBCMT:xtows.obj
 0001:0001f3a1       _setvbuf                   100203a1 f   LIBCMT:setvbuf.obj
 0001:0001f4a7       __fwprintf_l               100204a7 f   LIBCMT:fwprintf.obj
 0001:0001f4c1       __fwprintf_p               100204c1 f   LIBCMT:fwprintf.obj
 0001:0001f4da       __fwprintf_p_l             100204da f   LIBCMT:fwprintf.obj
 0001:0001f4f4       __fwprintf_s_l             100204f4 f   LIBCMT:fwprintf.obj
 0001:0001f50e       _fwprintf                  1002050e f   LIBCMT:fwprintf.obj
 0001:0001f5a2       _fwprintf_s                100205a2 f   LIBCMT:fwprintf.obj
 0001:0001f5bb       __vsnwprintf_s             100205bb f   LIBCMT:vswprnc.obj
 0001:0001f5d9       __vsnwprintf_s_l           100205d9 f   LIBCMT:vswprnc.obj
 0001:0001f6dd       __vswprintf_c              100206dd f   LIBCMT:vswprnc.obj
 0001:0001f704       __vswprintf_c_l            10020704 f   LIBCMT:vswprnc.obj
 0001:0001f72c       __vswprintf_helper         1002072c f   LIBCMT:vswprnc.obj
 0001:0001f827       __vswprintf_p              10020827 f   LIBCMT:vswprnc.obj
 0001:0001f84e       __vswprintf_p_l            1002084e f   LIBCMT:vswprnc.obj
 0001:0001f876       __vswprintf_s_l            10020876 f   LIBCMT:vswprnc.obj
 0001:0001f8ed       _vswprintf_s               100208ed f   LIBCMT:vswprnc.obj
 0001:0001f908       ___crtMessageBoxW          10020908 f   LIBCMT:crtmboxw.obj
 0001:0001faee       ___crtMessageBoxWaitThreadW@4 10020aee f   LIBCMT:crtmboxw.obj
 0001:0001fb0c       __XcptFilter               10020b0c f   LIBCMT:winxfltr.obj
 0001:0001fc67       ___CppXcptFilter           10020c67 f   LIBCMT:winxfltr.obj
 0001:0001fcb9       ___get_flsindex            10020cb9 f   LIBCMT:tidtable.obj
 0001:0001fcbf       ___threadhandle            10020cbf f   LIBCMT:tidtable.obj
 0001:0001fcc5       ___threadid                10020cc5 f   LIBCMT:tidtable.obj
 0001:0001fccb       __freefls@4                10020ccb f   LIBCMT:tidtable.obj
 0001:0001fe00       __freeptd                  10020e00 f   LIBCMT:tidtable.obj
 0001:0001fe36       __getptd                   10020e36 f   LIBCMT:tidtable.obj
 0001:0001fe4e       __getptd_noexit            10020e4e f   LIBCMT:tidtable.obj
 0001:0001febd       __initptd                  10020ebd f   LIBCMT:tidtable.obj
 0001:0001ff70       __mtinit                   10020f70 f   LIBCMT:tidtable.obj
 0001:0001ffe6       __mtterm                   10020fe6 f   LIBCMT:tidtable.obj
 0001:00020003       __set_pgmptr               10021003 f i LIBCMT:stdargv.obj
 0001:00020010       __setargv                  10021010 f   LIBCMT:stdargv.obj
 0001:0002023f       __setenvp                  1002123f f   LIBCMT:stdenvp.obj
 0001:00020320       ___security_init_cookie    10021320 f   LIBCMT:gs_support.obj
 0001:000203bc       ___crtGetEnvironmentStringsA 100213bc f   LIBCMT:a_env.obj
 0001:00020450       _strlen                    10021450 f   LIBCMT:strlen.obj
 0001:000204db       _wcsncpy_s                 100214db f   LIBCMT:wcsncpy_s.obj
 0001:00020599       __output_s_l               10021599 f   LIBCMT:outputs.obj
 0001:00021221       __output_p_l               10022221 f   LIBCMT:outputp.obj
 0001:00022559       __validate_param_reuseA    10023559 f   LIBCMT:outputp.obj
 0001:0002268f       _get_crtdouble_arg         1002368f f i LIBCMT:outputp.obj
 0001:0002278e       __isatty                   1002378e f   LIBCMT:isatty.obj
 0001:000227e2       ___addlocaleref            100237e2 f   LIBCMT:localref.obj
 0001:00022877       ___freetlocinfo            10023877 f   LIBCMT:localref.obj
 0001:000229d1       ___removelocaleref         100239d1 f   LIBCMT:localref.obj
 0001:00022a71       ___updatetlocinfo          10023a71 f   LIBCMT:localref.obj
 0001:00022af1       __updatetlocinfoEx_nolock  10023af1 f   LIBCMT:localref.obj
 0001:00022b3c       ___iswcsym                 10023b3c f i LIBCMT:_wctype.obj
 0001:00022b60       ___iswcsymf                10023b60 f i LIBCMT:_wctype.obj
 0001:00022b84       __isleadbyte_l             10023b84 f i LIBCMT:_wctype.obj
 0001:00022bbe       __iswalnum_l               10023bbe f i LIBCMT:_wctype.obj
 0001:00022bd2       __iswalpha_l               10023bd2 f i LIBCMT:_wctype.obj
 0001:00022be6       __iswblank_l               10023be6 f i LIBCMT:_wctype.obj
 0001:00022c01       __iswcntrl_l               10023c01 f i LIBCMT:_wctype.obj
 0001:00022c12       __iswcsym_l                10023c12 f i LIBCMT:_wctype.obj
 0001:00022c36       __iswcsymf_l               10023c36 f i LIBCMT:_wctype.obj
 0001:00022c5a       __iswdigit_l               10023c5a f i LIBCMT:_wctype.obj
 0001:00022c6b       __iswgraph_l               10023c6b f i LIBCMT:_wctype.obj
 0001:00022c7f       __iswlower_l               10023c7f f i LIBCMT:_wctype.obj
 0001:00022c90       __iswprint_l               10023c90 f i LIBCMT:_wctype.obj
 0001:00022ca4       __iswpunct_l               10023ca4 f i LIBCMT:_wctype.obj
 0001:00022cb5       __iswspace_l               10023cb5 f i LIBCMT:_wctype.obj
 0001:00022cc6       __iswupper_l               10023cc6 f i LIBCMT:_wctype.obj
 0001:00022cd7       __iswxdigit_l              10023cd7 f i LIBCMT:_wctype.obj
 0001:00022ceb       _isleadbyte                10023ceb f i LIBCMT:_wctype.obj
 0001:00022cfc       _iswalnum                  10023cfc f i LIBCMT:_wctype.obj
 0001:00022d10       _iswalpha                  10023d10 f i LIBCMT:_wctype.obj
 0001:00022d24       _iswascii                  10023d24 f i LIBCMT:_wctype.obj
 0001:00022d36       _iswblank                  10023d36 f i LIBCMT:_wctype.obj
 0001:00022d51       _iswcntrl                  10023d51 f i LIBCMT:_wctype.obj
 0001:00022d62       _iswdigit                  10023d62 f i LIBCMT:_wctype.obj
 0001:00022d73       _iswgraph                  10023d73 f i LIBCMT:_wctype.obj
 0001:00022d87       _iswlower                  10023d87 f i LIBCMT:_wctype.obj
 0001:00022d98       _iswprint                  10023d98 f i LIBCMT:_wctype.obj
 0001:00022dac       _iswpunct                  10023dac f i LIBCMT:_wctype.obj
 0001:00022dbd       _iswspace                  10023dbd f i LIBCMT:_wctype.obj
 0001:00022dce       _iswupper                  10023dce f i LIBCMT:_wctype.obj
 0001:00022ddf       _iswxdigit                 10023ddf f i LIBCMT:_wctype.obj
 0001:00022df3       __wctomb_l                 10023df3 f   LIBCMT:wctomb.obj
 0001:00022e42       __wctomb_s_l               10023e42 f   LIBCMT:wctomb.obj
 0001:00022f66       _wctomb                    10023f66 f   LIBCMT:wctomb.obj
 0001:00022f99       _wctomb_s                  10023f99 f   LIBCMT:wctomb.obj
 0001:00022fc0       __aulldvrm                 10023fc0 f   LIBCMT:ulldvrm.obj
 0001:00023055       __matherr                  10024055 f   LIBCMT:matherr.obj
 0001:00023058       __frnd                     10024058 f   LIBCMT:frnd.obj
 0001:0002306c       ___isascii                 1002406c f i LIBCMT:_ctype.obj
 0001:0002307c       ___iscsym                  1002407c f i LIBCMT:_ctype.obj
 0001:0002309c       ___iscsymf                 1002409c f i LIBCMT:_ctype.obj
 0001:000230b9       ___toascii                 100240b9 f i LIBCMT:_ctype.obj
 0001:000230c4       __isalnum_l                100240c4 f i LIBCMT:_ctype.obj
 0001:0002311c       __isalpha_l                1002411c f i LIBCMT:_ctype.obj
 0001:00023174       __isblank_l                10024174 f i LIBCMT:_ctype.obj
 0001:000231ce       __iscntrl_l                100241ce f i LIBCMT:_ctype.obj
 0001:00023220       __iscsym_l                 10024220 f i LIBCMT:_ctype.obj
 0001:00023241       __iscsymf_l                10024241 f i LIBCMT:_ctype.obj
 0001:00023262       __isdigit_l                10024262 f i LIBCMT:_ctype.obj
 0001:000232b4       __isgraph_l                100242b4 f i LIBCMT:_ctype.obj
 0001:0002330c       __islower_l                1002430c f i LIBCMT:_ctype.obj
 0001:0002335e       __isprint_l                1002435e f i LIBCMT:_ctype.obj
 0001:000233b6       __ispunct_l                100243b6 f i LIBCMT:_ctype.obj
 0001:00023408       __isspace_l                10024408 f i LIBCMT:_ctype.obj
 0001:0002345a       __isupper_l                1002445a f i LIBCMT:_ctype.obj
 0001:000234ac       __isxdigit_l               100244ac f i LIBCMT:_ctype.obj
 0001:00023504       _isalnum                   10024504 f i LIBCMT:_ctype.obj
 0001:00023531       _isalpha                   10024531 f i LIBCMT:_ctype.obj
 0001:0002355e       _isblank                   1002455e f i LIBCMT:_ctype.obj
 0001:00023593       _iscntrl                   10024593 f i LIBCMT:_ctype.obj
 0001:000235be       _isdigit                   100245be f i LIBCMT:_ctype.obj
 0001:000235e9       _isgraph                   100245e9 f i LIBCMT:_ctype.obj
 0001:00023616       _islower                   10024616 f i LIBCMT:_ctype.obj
 0001:00023641       _isprint                   10024641 f i LIBCMT:_ctype.obj
 0001:0002366e       _ispunct                   1002466e f i LIBCMT:_ctype.obj
 0001:00023699       _isspace                   10024699 f i LIBCMT:_ctype.obj
 0001:000236c4       _isupper                   100246c4 f i LIBCMT:_ctype.obj
 0001:000236ef       _isxdigit                  100246ef f i LIBCMT:_ctype.obj
 0001:0002371c       __tolower                  1002471c f   LIBCMT:tolower.obj
 0001:00023727       __tolower_l                10024727 f   LIBCMT:tolower.obj
 0001:0002386a       _tolower                   1002486a f   LIBCMT:tolower.obj
 0001:00023896       _strcpy_s                  10024896 f   LIBCMT:strcpy_s.obj
 0001:000238f0       _strrchr                   100248f0 f   LIBCMT:strrchr.obj
 0001:00023a27       __fptostr                  10024a27 f   LIBCMT:_fptostr.obj
 0001:00023ad7       ___crt_atoflt_l            10024ad7 f   LIBCMT:atodbl.obj
 0001:00023b7b       __atodbl                   10024b7b f   LIBCMT:atodbl.obj
 0001:00023b90       __atodbl_l                 10024b90 f   LIBCMT:atodbl.obj
 0001:00023c1e       __atoflt                   10024c1e f   LIBCMT:atodbl.obj
 0001:00023c33       __atoflt_l                 10024c33 f   LIBCMT:atodbl.obj
 0001:00023c4b       __atoldbl                  10024c4b f   LIBCMT:atodbl.obj
 0001:00023c60       __atoldbl_l                10024c60 f   LIBCMT:atodbl.obj
 0001:00023cef       ___dtold                   10024cef f   LIBCMT:cfout.obj
 0001:00023db7       __fltout2                  10024db7 f   LIBCMT:cfout.obj
 0001:00023e50       __alldvrm                  10024e50 f   LIBCMT:lldvrm.obj
 0001:00023f30       __aullshr                  10024f30 f   LIBCMT:ullshr.obj
 0001:00023f4f       __get_output_format        10024f4f f   LIBCMT:outputformat.obj
 0001:00023f55       __set_output_format        10024f55 f   LIBCMT:outputformat.obj
 0001:00023f87       __controlfp_s              10024f87 f   LIBCMT:contrlfp.obj
 0001:00023fe4       __fptrap                   10024fe4 f   LIBCMT:crt0fp.obj
 0001:00023fed       __msize                    10024fed f   LIBCMT:msize.obj
 0001:0002401e       __recalloc                 1002501e f   LIBCMT:recalloc.obj
 0001:00024087       _strncpy_s                 10025087 f   LIBCMT:strncpy_s.obj
 0001:0002420f       __MallocaIsSizeInRange     1002520f f i LIBCMT:a_loc.obj
 0001:00024220       __MarkAllocaS              10025220 f i LIBCMT:a_loc.obj
 0001:00024234       ___crtGetLocaleInfoA       10025234 f   LIBCMT:a_loc.obj
 0001:0002426e       __freea                    1002526e f i LIBCMT:a_loc.obj
 0001:0002428c       _GetTableIndexFromLcid     1002528c f   LIBCMT:winapinls.obj
 0001:000242c1       _GetTableIndexFromLocaleName 100252c1 f   LIBCMT:winapinls.obj
 0001:0002430f       ___crtCompareStringEx      1002530f f   LIBCMT:winapinls.obj
 0001:0002435b       ___crtDownlevelLCIDToLocaleName 1002535b f   LIBCMT:winapinls.obj
 0001:000243d7       ___crtDownlevelLocaleNameToLCID 100253d7 f   LIBCMT:winapinls.obj
 0001:00024415       ___crtEnumSystemLocalesEx  10025415 f   LIBCMT:winapinls.obj
 0001:00024452       ___crtGetDateFormatEx      10025452 f   LIBCMT:winapinls.obj
 0001:0002449b       ___crtGetLocaleInfoEx      1002549b f   LIBCMT:winapinls.obj
 0001:000244ca       ___crtGetTimeFormatEx      100254ca f   LIBCMT:winapinls.obj
 0001:000244ff       ___crtGetUserDefaultLocaleName 100254ff f   LIBCMT:winapinls.obj
 0001:0002452a       ___crtIsValidLocaleName    1002552a f   LIBCMT:winapinls.obj
 0001:00024555       ___crtLCMapStringEx        10025555 f   LIBCMT:winapinls.obj
 0001:000245a1       ___wcsnicmp_ascii          100255a1 f   LIBCMT:winapinls.obj
 0001:00024833       ___crtLCMapStringA         10025833 f   LIBCMT:a_map.obj
 0001:00024971       ___crtGetStringTypeA       10025971 f   LIBCMT:a_str.obj
 0001:000249b1       __commit                   100259b1 f   LIBCMT:commit.obj
 0001:00024a9a       ___lock_fhandle            10025a9a f   LIBCMT:osfinfo.obj
 0001:00024b28       __alloc_osfhnd             10025b28 f   LIBCMT:osfinfo.obj
 0001:00024cd1       __free_osfhnd              10025cd1 f   LIBCMT:osfinfo.obj
 0001:00024d57       __get_osfhandle            10025d57 f   LIBCMT:osfinfo.obj
 0001:00024dbe       __open_osfhandle           10025dbe f   LIBCMT:osfinfo.obj
 0001:00024ed4       __set_osfhnd               10025ed4 f   LIBCMT:osfinfo.obj
 0001:00024f56       __unlock_fhandle           10025f56 f   LIBCMT:osfinfo.obj
 0001:00024f7c       __open                     10025f7c f   LIBCMT:open.obj
 0001:0002502c       __sopen                    1002602c f   LIBCMT:open.obj
 0001:0002505f       __sopen_helper             1002605f f   LIBCMT:open.obj
 0001:00025128       __sopen_nolock             10026128 f   LIBCMT:open.obj
 0001:00025176       __sopen_s                  10026176 f   LIBCMT:open.obj
 0001:00025194       __mbsnbcmp                 10026194 f   LIBCMT:mbsnbcmp.obj
 0001:000251ac       __mbsnbcmp_l               100261ac f   LIBCMT:mbsnbcmp.obj
 0001:000252c3       __mbsnbicmp                100262c3 f   LIBCMT:mbsnbicm.obj
 0001:000252db       __mbsnbicmp_l              100262db f   LIBCMT:mbsnbicm.obj
 0001:000254a0       __global_unwind2           100264a0 f   LIBCMT:exsup.obj
 0001:00025505       __local_unwind2            10026505 f   LIBCMT:exsup.obj
 0001:00025589       __abnormal_termination     10026589 f   LIBCMT:exsup.obj
 0001:000255ac       __NLG_Notify1              100265ac f   LIBCMT:exsup.obj
 0001:000255b5       __NLG_Notify               100265b5 f   LIBCMT:exsup.obj
 0001:000255cc       __NLG_Dispatch             100265cc     LIBCMT:exsup.obj
 0001:000255cc       __NLG_Dispatch2            100265cc     LIBCMT:exsup.obj
 0001:000255d4       __NLG_Call                 100265d4 f   LIBCMT:exsup.obj
 0001:000255d6       __NLG_Return2              100265d6     LIBCMT:exsup.obj
 0001:000255d7       __getbuf                   100265d7 f   LIBCMT:_getbuf.obj
 0001:0002561d       __lseeki64                 1002661d f   LIBCMT:lseeki64.obj
 0001:00025719       __lseeki64_nolock          10026719 f   LIBCMT:lseeki64.obj
 0001:0002578c       __mbtowc_l                 1002678c f   LIBCMT:mbtowc.obj
 0001:00025881       _mbtowc                    10026881 f   LIBCMT:mbtowc.obj
 0001:00025899       __putwch                   10026899 f   LIBCMT:putwch.obj
 0001:000258e5       __putwch_nolock            100268e5 f   LIBCMT:putwch.obj
 0001:00025930       __chkstk                   10026930 f   LIBCMT:chkstk.obj
 0001:00025930       __alloca_probe             10026930 f   LIBCMT:chkstk.obj
 0001:0002595b       __vfwprintf_l              1002695b f   LIBCMT:vfwprint.obj
 0001:00025979       __vfwprintf_p              10026979 f   LIBCMT:vfwprint.obj
 0001:00025996       __vfwprintf_p_l            10026996 f   LIBCMT:vfwprint.obj
 0001:000259b4       __vfwprintf_s_l            100269b4 f   LIBCMT:vfwprint.obj
 0001:000259d2       _vfwprintf                 100269d2 f   LIBCMT:vfwprint.obj
 0001:000259ef       _vfwprintf_helper          100269ef f   LIBCMT:vfwprint.obj
 0001:00025a82       _vfwprintf_s               10026a82 f   LIBCMT:vfwprint.obj
 0001:00025a9f       __woutput_l                10026a9f f   LIBCMT:woutput.obj
 0001:0002677e       __woutput_s_l              1002777e f   LIBCMT:woutputs.obj
 0001:00027495       __validate_param_reuseW    10028495 f   LIBCMT:woutputp.obj
 0001:0002760d       __woutput_p_l              1002860d f   LIBCMT:woutputp.obj
 0001:00028a36       __ismbbalnum               10029a36 f   LIBCMT:ismbbyte.obj
 0001:00028a4f       __ismbbalnum_l             10029a4f f   LIBCMT:ismbbyte.obj
 0001:00028a69       __ismbbalpha               10029a69 f   LIBCMT:ismbbyte.obj
 0001:00028a82       __ismbbalpha_l             10029a82 f   LIBCMT:ismbbyte.obj
 0001:00028a9c       __ismbbblank               10029a9c f   LIBCMT:ismbbyte.obj
 0001:00028abd       __ismbbblank_l             10029abd f   LIBCMT:ismbbyte.obj
 0001:00028adf       __ismbbgraph               10029adf f   LIBCMT:ismbbyte.obj
 0001:00028af8       __ismbbgraph_l             10029af8 f   LIBCMT:ismbbyte.obj
 0001:00028b12       __ismbbkalnum              10029b12 f   LIBCMT:ismbbyte.obj
 0001:00028b28       __ismbbkalnum_l            10029b28 f   LIBCMT:ismbbyte.obj
 0001:00028b3f       __ismbbkana                10029b3f f   LIBCMT:ismbbyte.obj
 0001:00028b50       __ismbbkana_l              10029b50 f   LIBCMT:ismbbyte.obj
 0001:00028b9c       __ismbbkprint              10029b9c f   LIBCMT:ismbbyte.obj
 0001:00028bb2       __ismbbkprint_l            10029bb2 f   LIBCMT:ismbbyte.obj
 0001:00028bc9       __ismbbkpunct              10029bc9 f   LIBCMT:ismbbyte.obj
 0001:00028bdf       __ismbbkpunct_l            10029bdf f   LIBCMT:ismbbyte.obj
 0001:00028bf6       __ismbblead                10029bf6 f   LIBCMT:ismbbyte.obj
 0001:00028c0c       __ismbblead_l              10029c0c f   LIBCMT:ismbbyte.obj
 0001:00028c23       __ismbbprint               10029c23 f   LIBCMT:ismbbyte.obj
 0001:00028c3c       __ismbbprint_l             10029c3c f   LIBCMT:ismbbyte.obj
 0001:00028c56       __ismbbpunct               10029c56 f   LIBCMT:ismbbyte.obj
 0001:00028c6c       __ismbbpunct_l             10029c6c f   LIBCMT:ismbbyte.obj
 0001:00028c83       __ismbbtrail               10029c83 f   LIBCMT:ismbbyte.obj
 0001:00028c99       __ismbbtrail_l             10029c99 f   LIBCMT:ismbbyte.obj
 0001:00028ed6       __strtol_l                 10029ed6 f   LIBCMT:strtol.obj
 0001:00028ef1       __strtoul_l                10029ef1 f   LIBCMT:strtol.obj
 0001:00028f0c       _strtol                    10029f0c f   LIBCMT:strtol.obj
 0001:00028f36       _strtoul                   10029f36 f   LIBCMT:strtol.obj
 0001:00028f60       ___free_lconv_mon          10029f60 f   LIBCMT:initmon.obj
 0001:0002905c       ___init_monetary           1002a05c f   LIBCMT:initmon.obj
 0001:00029435       ___free_lconv_num          1002a435 f   LIBCMT:initnum.obj
 0001:0002949c       ___init_numeric            1002a49c f   LIBCMT:initnum.obj
 0001:000296da       ___free_lc_time            1002a6da f   LIBCMT:inittime.obj
 0001:00029a5a       ___init_time               1002aa5a f   LIBCMT:inittime.obj
 0001:0002a2c9       _localeconv                1002b2c9 f   LIBCMT:lconv.obj
 0001:0002a2ef       __iswctype_l               1002b2ef f   LIBCMT:iswctype.obj
 0001:0002a301       _is_wctype                 1002b301 f   LIBCMT:iswctype.obj
 0001:0002a30a       _iswctype                  1002b30a f   LIBCMT:iswctype.obj
 0001:0002a360       ____lc_codepage_func       1002b360 f   LIBCMT:initctyp.obj
 0001:0002a386       ____lc_collate_cp_func     1002b386 f   LIBCMT:initctyp.obj
 0001:0002a3ac       ____lc_locale_name_func    1002b3ac f   LIBCMT:initctyp.obj
 0001:0002a3d4       ____mb_cur_max_func        1002b3d4 f   LIBCMT:initctyp.obj
 0001:0002a3fa       ____mb_cur_max_l_func      1002b3fa f   LIBCMT:initctyp.obj
 0001:0002a411       ___init_ctype              1002b411 f   LIBCMT:initctyp.obj
 0001:0002a7a9       ___pctype_func             1002b7a9 f   LIBCMT:ctype.obj
 0001:0002a7d2       ___pwctype_func            1002b7d2 f   LIBCMT:ctype.obj
 0001:0002a7d8       __isctype                  1002b7d8 f   LIBCMT:isctype.obj
 0001:0002a807       __isctype_l                1002b807 f   LIBCMT:isctype.obj
 0001:0002a8b8       ___init_dummy              1002b8b8 f   LIBCMT:wsetloca.obj
 0001:0002a8bb       __locterm                  1002b8bb f   LIBCMT:wsetloca.obj
 0001:0002a90d       ____setlc_active_func      1002b90d f   LIBCMT:wsetloca.obj
 0001:0002a913       ____unguarded_readlc_active_add_func 1002b913 f   LIBCMT:wsetloca.obj
 0001:0002a919       ___copy_locale_name        1002b919 f   LIBCMT:wsetloca.obj
 0001:0002a97d       ___create_locale           1002b97d f   LIBCMT:wsetloca.obj
 0001:0002a986       ___free_locale             1002b986 f   LIBCMT:wsetloca.obj
 0001:0002a98b       ___get_current_locale      1002b98b f   LIBCMT:wsetloca.obj
 0001:0002a990       ___lc_lctowcs              1002b990 f   LIBCMT:wsetloca.obj
 0001:0002a9fe       ___lc_wcstolc              1002b9fe f   LIBCMT:wsetloca.obj
 0001:0002ab2a       __configthreadlocale       1002bb2a f   LIBCMT:wsetloca.obj
 0001:0002abb0       __create_locale            1002bbb0 f   LIBCMT:wsetloca.obj
 0001:0002ac12       __expandlocale             1002bc12 f   LIBCMT:wsetloca.obj
 0001:0002af09       __free_locale              1002bf09 f   LIBCMT:wsetloca.obj
 0001:0002afc0       __get_current_locale       1002bfc0 f   LIBCMT:wsetloca.obj
 0001:0002b06f       __wcreate_locale           1002c06f f   LIBCMT:wsetloca.obj
 0001:0002b146       __wcscats                  1002c146 f   LIBCMT:wsetloca.obj
 0001:0002b185       __wsetlocale               1002c185 f   LIBCMT:wsetloca.obj
 0001:0002bac7       __CopyMan                  1002cac7 f i LIBCMT:intrncvt.obj
 0001:0002bae4       __FillZeroMan              1002cae4 f i LIBCMT:intrncvt.obj
 0001:0002baf3       __IncMan                   1002caf3 f i LIBCMT:intrncvt.obj
 0001:0002bb55       __IsZeroMan                1002cb55 f i LIBCMT:intrncvt.obj
 0001:0002bb72       __RoundMan                 1002cb72 f i LIBCMT:intrncvt.obj
 0001:0002bc73       __ShrMan                   1002cc73 f i LIBCMT:intrncvt.obj
 0001:0002bd01       __ZeroTail                 1002cd01 f i LIBCMT:intrncvt.obj
 0001:0002bd49       ___addl                    1002cd49 f i LIBCMT:intrncvt.obj
 0001:0002bd6d       __ld12cvt                  1002cd6d f i LIBCMT:intrncvt.obj
 0001:0002c2d8       __ld12tod                  1002d2d8 f   LIBCMT:intrncvt.obj
 0001:0002c84a       __ld12tof                  1002d84a f   LIBCMT:intrncvt.obj
 0001:0002cdbc       __ld12told                 1002ddbc f   LIBCMT:intrncvt.obj
 0001:0002ce8b       ___STRINGTOLD_L            1002de8b f   LIBCMT:strgtold.obj
 0001:0002cee6       ___ld12mul                 1002dee6 f i LIBCMT:strgtold.obj
 0001:0002d1b2       ___multtenpow12            1002e1b2 f i LIBCMT:strgtold.obj
 0001:0002d505       ___shl_12                  1002e505 f i LIBCMT:strgtold.obj
 0001:0002d536       ___shr_12                  1002e536 f i LIBCMT:strgtold.obj
 0001:0002d566       ___strgtold12_l            1002e566 f   LIBCMT:strgtold.obj
 0001:0002dd0e       _$I10_OUTPUT               1002ed0e f   LIBCMT:x10fout.obj
 0001:0002e6e2       ___add_12                  1002f6e2 f i LIBCMT:x10fout.obj
 0001:0002e88e       ___control87_2             1002f88e f   LIBCMT:ieee87.obj
 0001:0002ef02       __clearfp                  1002ff02 f   LIBCMT:ieee87.obj
 0001:0002efe2       __control87                1002ffe2 f i LIBCMT:ieee87.obj
 0001:0002f2e4       __controlfp                100302e4 f   LIBCMT:ieee87.obj
 0001:0002f5ef       __fpreset                  100305ef f   LIBCMT:ieee87.obj
 0001:0002f6bc       __set_controlfp            100306bc f   LIBCMT:ieee87.obj
 0001:0002f72f       __statusfp                 1003072f f   LIBCMT:ieee87.obj
 0001:0002f7c9       __statusfp2                100307c9 f   LIBCMT:ieee87.obj
 0001:0002f830       __alloca_probe_16          10030830 f   LIBCMT:alloca16.obj
 0001:0002f846       __alloca_probe_8           10030846     LIBCMT:alloca16.obj
 0001:0002f85c       _wcsnlen                   1003085c f   LIBCMT:wcslen_s.obj
 0001:0002f903       __wopen                    10030903 f   LIBCMT:wopen.obj
 0001:0002f9b3       __wsopen                   100309b3 f   LIBCMT:wopen.obj
 0001:0002f9e6       __wsopen_helper            100309e6 f   LIBCMT:wopen.obj
 0001:0002faaf       __wsopen_nolock            10030aaf f   LIBCMT:wopen.obj
 0001:00030202       __wsopen_s                 10031202 f   LIBCMT:wopen.obj
 0001:00030220       _strncmp                   10031220 f   LIBCMT:strncmp.obj
 0001:00030298       __strnicmp                 10031298 f   LIBCMT:strnicmp.obj
 0001:00030303       __strnicmp_l               10031303 f   LIBCMT:strnicmp.obj
 0001:000303b4       ___termconout              100313b4 f   LIBCMT:initcon.obj
 0001:000303cb       ___initconout              100313cb f   LIBCMT:initcon.obj
 0001:000303ea       __fputwc_nolock            100313ea f   LIBCMT:fputwc.obj
 0001:00030570       _fputwc                    10031570 f   LIBCMT:fputwc.obj
 0001:000305e7       _putwc                     100315e7 f   LIBCMT:fputwc.obj
 0001:000307d1       __wcstol_l                 100317d1 f   LIBCMT:wcstol.obj
 0001:000307e9       __wcstoul_l                100317e9 f   LIBCMT:wcstol.obj
 0001:00030801       _wcstol                    10031801 f   LIBCMT:wcstol.obj
 0001:00030819       _wcstoul                   10031819 f   LIBCMT:wcstol.obj
 0001:00030831       ___init_collate            10031831 f   LIBCMT:initcoll.obj
 0001:00030951       _memcmp                    10031951 f   LIBCMT:memcmp.obj
 0001:00033865       _wcscmp                    10034865 f   LIBCMT:wcscmp.obj
 0001:000338a3       _wcscspn                   100348a3 f   LIBCMT:wcscspn.obj
 0001:000338ee       _wcsncmp                   100348ee f   LIBCMT:wcsncmp.obj
 0001:00033924       _wcspbrk                   10034924 f   LIBCMT:wcspbrk.obj
 0001:00033f28       ___get_qualified_locale    10034f28 f   LIBCMT:getqloc.obj
 0001:00034798       ___get_qualified_locale_downlevel 10035798 f   LIBCMT:getqloc_downlevel.obj
 0001:000349b4       ___mtold12                 100359b4 f   LIBCMT:mantold.obj
 0001:00034b94       __chsize                   10035b94 f   LIBCMT:chsize.obj
 0001:00034bae       __chsize_nolock            10035bae f   LIBCMT:chsize.obj
 0001:00034d64       __chsize_s                 10035d64 f   LIBCMT:chsize.obj
 0001:00034e52       __get_fmode                10035e52 f   LIBCMT:setmode.obj
 0001:00034e7c       __set_fmode                10035e7c f   LIBCMT:setmode.obj
 0001:00034eb7       __setmode                  10035eb7 f   LIBCMT:setmode.obj
 0001:00034fbc       __setmode_nolock           10035fbc f   LIBCMT:setmode.obj
 0001:00035090       ___ascii_strnicmp          10036090 f   LIBCMT:_strnicm.obj
 0001:000350f1       __flswbuf                  100360f1 f   LIBCMT:_flswbuf.obj
 0001:00035253       __wchartodigit             10036253 f   LIBCMT:wchtodig.obj
 0001:000353f2       __wtoi                     100363f2 f   LIBCMT:wtox.obj
 0001:000353fb       __wtoi64                   100363fb f   LIBCMT:wtox.obj
 0001:0003540f       __wtoi64_l                 1003640f f   LIBCMT:wtox.obj
 0001:00035426       __wtoi_l                   10036426 f   LIBCMT:wtox.obj
 0001:0003542f       __wtol                     1003642f f   LIBCMT:wtox.obj
 0001:00035443       __wtol_l                   10036443 f   LIBCMT:wtox.obj
 0001:0003545a       __wtoll                    1003645a f   LIBCMT:wtox.obj
 0001:0003546e       __wtoll_l                  1003646e f   LIBCMT:wtox.obj
 0001:00035485       _wcschr                    10036485 f   LIBCMT:wcschr.obj
 0001:00035533       __wcsicmp                  10036533 f   LIBCMT:wcsicmp.obj
 0001:000355c6       __wcsicmp_l                100365c6 f   LIBCMT:wcsicmp.obj
 0001:000356a1       __wcsnicmp                 100366a1 f   LIBCMT:wcsnicmp.obj
 0001:00035757       __wcsnicmp_l               10036757 f   LIBCMT:wcsnicmp.obj
 0001:00035b20       __wcstof_l                 10036b20 f   LIBCMT:wcstoq.obj
 0001:00035bd3       __wcstoi64                 10036bd3 f   LIBCMT:wcstoq.obj
 0001:00035bfd       __wcstoi64_l               10036bfd f   LIBCMT:wcstoq.obj
 0001:00035c18       __wcstoimax_l              10036c18 f   LIBCMT:wcstoq.obj
 0001:00035c21       __wcstold_l                10036c21 f   LIBCMT:wcstoq.obj
 0001:00035c2a       __wcstoll_l                10036c2a f   LIBCMT:wcstoq.obj
 0001:00035c33       __wcstoui64                10036c33 f   LIBCMT:wcstoq.obj
 0001:00035c5d       __wcstoui64_l              10036c5d f   LIBCMT:wcstoq.obj
 0001:00035c78       __wcstoull_l               10036c78 f   LIBCMT:wcstoq.obj
 0001:00035c81       __wcstoumax_l              10036c81 f   LIBCMT:wcstoq.obj
 0001:00035c8a       _wcstof                    10036c8a f   LIBCMT:wcstoq.obj
 0001:00035c9f       _wcstoimax                 10036c9f f   LIBCMT:wcstoq.obj
 0001:00035ca8       _wcstold                   10036ca8 f   LIBCMT:wcstoq.obj
 0001:00035cb1       _wcstoll                   10036cb1 f   LIBCMT:wcstoq.obj
 0001:00035cba       _wcstoull                  10036cba f   LIBCMT:wcstoq.obj
 0001:00035cc3       _wcstoumax                 10036cc3 f   LIBCMT:wcstoq.obj
 0001:00035ccc       __towlower_l               10036ccc f   LIBCMT:towlower.obj
 0001:00035d7d       _towlower                  10036d7d f   LIBCMT:towlower.obj
 0001:00035d8e       __wcstod_l                 10036d8e f   LIBCMT:wcstod.obj
 0001:00035e89       _wcstod                    10036e89 f   LIBCMT:wcstod.obj
 0001:00035ea0       __allmul                   10036ea0 f   LIBCMT:llmul.obj
 0001:00035ed4       ___crtLCMapStringW         10036ed4 f   LIBCMT:w_map.obj
 0001:00035f03       __wfltin2                  10036f03 f   LIBCMT:wcfin.obj
 0001:00035fb0       ___WSTRINGTOLD_L           10036fb0 f   LIBCMT:wstrgtold.obj
 0001:0003600b       ___wstrgtold12_l           1003700b f   LIBCMT:wstrgtold.obj
 0001:0003685c       _GetModuleHandleA@4        1003785c f   kernel32:KERNEL32.dll
 0001:00036862       _GetProcAddress@8          10037862 f   kernel32:KERNEL32.dll
 0001:00036868       _HeapAlloc@12              10037868 f   kernel32:KERNEL32.dll
 0001:0003686e       _IsDebuggerPresent@0       1003786e f   kernel32:KERNEL32.dll
 0001:00036874       _IsProcessorFeaturePresent@4 10037874 f   kernel32:KERNEL32.dll
 0001:0003687a       _EncodePointer@4           1003787a f   kernel32:KERNEL32.dll
 0001:00036880       _DecodePointer@4           10037880 f   kernel32:KERNEL32.dll
 0001:00036886       _GetLastError@0            10037886 f   kernel32:KERNEL32.dll
 0001:0003688c       _ExitProcess@4             1003788c f   kernel32:KERNEL32.dll
 0001:00036892       _GetModuleHandleExW@12     10037892 f   kernel32:KERNEL32.dll
 0001:00036898       _AreFileApisANSI@0         10037898 f   kernel32:KERNEL32.dll
 0001:0003689e       _MultiByteToWideChar@24    1003789e f   kernel32:KERNEL32.dll
 0001:000368a4       _WideCharToMultiByte@32    100378a4 f   kernel32:KERNEL32.dll
 0001:000368aa       _HeapFree@12               100378aa f   kernel32:KERNEL32.dll
 0001:000368b0       _HeapReAlloc@16            100378b0 f   kernel32:KERNEL32.dll
 0001:000368b6       _EnterCriticalSection@4    100378b6 f   kernel32:KERNEL32.dll
 0001:000368bc       _LeaveCriticalSection@4    100378bc f   kernel32:KERNEL32.dll
 0001:000368c2       _GetStdHandle@4            100378c2 f   kernel32:KERNEL32.dll
 0001:000368c8       _GetFileType@4             100378c8 f   kernel32:KERNEL32.dll
 0001:000368ce       _GetModuleFileNameW@12     100378ce f   kernel32:KERNEL32.dll
 0001:000368d4       _WriteConsoleW@20          100378d4 f   kernel32:KERNEL32.dll
 0001:000368da       _GetCommandLineA@0         100378da f   kernel32:KERNEL32.dll
 0001:000368e0       _GetCurrentThreadId@0      100378e0 f   kernel32:KERNEL32.dll
 0001:000368e6       _WriteFile@20              100378e6 f   kernel32:KERNEL32.dll
 0001:000368ec       _GetProcessHeap@0          100378ec f   kernel32:KERNEL32.dll
 0001:000368f2       _UnhandledExceptionFilter@4 100378f2 f   kernel32:KERNEL32.dll
 0001:000368f8       _SetUnhandledExceptionFilter@4 100378f8 f   kernel32:KERNEL32.dll
 0001:000368fe       _SetLastError@4            100378fe f   kernel32:KERNEL32.dll
 0001:00036904       _InitializeCriticalSectionAndSpinCount@8 10037904 f   kernel32:KERNEL32.dll
 0001:0003690a       _CreateEventW@16           1003790a f   kernel32:KERNEL32.dll
 0001:00036910       _Sleep@4                   10037910 f   kernel32:KERNEL32.dll
 0001:00036916       _GetCurrentProcess@0       10037916 f   kernel32:KERNEL32.dll
 0001:0003691c       _TerminateProcess@8        1003791c f   kernel32:KERNEL32.dll
 0001:00036922       _TlsAlloc@0                10037922 f   kernel32:KERNEL32.dll
 0001:00036928       _TlsGetValue@4             10037928 f   kernel32:KERNEL32.dll
 0001:0003692e       _TlsSetValue@8             1003792e f   kernel32:KERNEL32.dll
 0001:00036934       _TlsFree@4                 10037934 f   kernel32:KERNEL32.dll
 0001:0003693a       _GetStartupInfoW@4         1003793a f   kernel32:KERNEL32.dll
 0001:00036940       _GetTickCount@0            10037940 f   kernel32:KERNEL32.dll
 0001:00036946       _GetModuleHandleW@4        10037946 f   kernel32:KERNEL32.dll
 0001:0003694c       _CreateSemaphoreW@16       1003794c f   kernel32:KERNEL32.dll
 0001:00036952       _DeleteCriticalSection@4   10037952 f   kernel32:KERNEL32.dll
 0001:00036958       _FatalAppExitA@8           10037958 f   kernel32:KERNEL32.dll
 0001:0003695e       _SetConsoleCtrlHandler@8   1003795e f   kernel32:KERNEL32.dll
 0001:00036964       _FreeLibrary@4             10037964 f   kernel32:KERNEL32.dll
 0001:0003696a       _LoadLibraryExW@12         1003796a f   kernel32:KERNEL32.dll
 0001:00036970       _IsValidCodePage@4         10037970 f   kernel32:KERNEL32.dll
 0001:00036976       _GetACP@0                  10037976 f   kernel32:KERNEL32.dll
 0001:0003697c       _GetOEMCP@0                1003797c f   kernel32:KERNEL32.dll
 0001:00036982       _GetCPInfo@8               10037982 f   kernel32:KERNEL32.dll
 0001:00036988       _CloseHandle@4             10037988 f   kernel32:KERNEL32.dll
 0001:0003698e       _RtlUnwind@16              1003798e f   kernel32:KERNEL32.dll
 0001:00036994       _ReadFile@20               10037994 f   kernel32:KERNEL32.dll
 0001:0003699a       _GetConsoleMode@8          1003799a f   kernel32:KERNEL32.dll
 0001:000369a0       _ReadConsoleW@20           100379a0 f   kernel32:KERNEL32.dll
 0001:000369a6       _GetConsoleCP@0            100379a6 f   kernel32:KERNEL32.dll
 0001:000369ac       _DeleteFileW@4             100379ac f   kernel32:KERNEL32.dll
 0001:000369b2       _SetFilePointerEx@20       100379b2 f   kernel32:KERNEL32.dll
 0001:000369b8       _RaiseException@16         100379b8 f   kernel32:KERNEL32.dll
 0001:000369be       _OutputDebugStringW@4      100379be f   kernel32:KERNEL32.dll
 0001:000369c4       _GetCurrentThread@0        100379c4 f   kernel32:KERNEL32.dll
 0001:000369ca       _GetModuleFileNameA@12     100379ca f   kernel32:KERNEL32.dll
 0001:000369d0       _QueryPerformanceCounter@4 100379d0 f   kernel32:KERNEL32.dll
 0001:000369d6       _GetCurrentProcessId@0     100379d6 f   kernel32:KERNEL32.dll
 0001:000369dc       _GetSystemTimeAsFileTime@4 100379dc f   kernel32:KERNEL32.dll
 0001:000369e2       _GetEnvironmentStringsW@0  100379e2 f   kernel32:KERNEL32.dll
 0001:000369e8       _FreeEnvironmentStringsW@4 100379e8 f   kernel32:KERNEL32.dll
 0001:000369ee       _HeapSize@12               100379ee f   kernel32:KERNEL32.dll
 0001:000369f4       _GetDateFormatW@24         100379f4 f   kernel32:KERNEL32.dll
 0001:000369fa       _GetTimeFormatW@24         100379fa f   kernel32:KERNEL32.dll
 0001:00036a00       _CompareStringW@24         10037a00 f   kernel32:KERNEL32.dll
 0001:00036a06       _LCMapStringW@24           10037a06 f   kernel32:KERNEL32.dll
 0001:00036a0c       _GetLocaleInfoW@16         10037a0c f   kernel32:KERNEL32.dll
 0001:00036a12       _IsValidLocale@8           10037a12 f   kernel32:KERNEL32.dll
 0001:00036a18       _GetUserDefaultLCID@0      10037a18 f   kernel32:KERNEL32.dll
 0001:00036a1e       _EnumSystemLocalesW@8      10037a1e f   kernel32:KERNEL32.dll
 0001:00036a24       _GetStringTypeW@16         10037a24 f   kernel32:KERNEL32.dll
 0001:00036a2a       _FlushFileBuffers@4        10037a2a f   kernel32:KERNEL32.dll
 0001:00036a30       _SetStdHandle@8            10037a30 f   kernel32:KERNEL32.dll
 0001:00036a36       _CreateFileW@28            10037a36 f   kernel32:KERNEL32.dll
 0001:00036a3c       _SetEndOfFile@4            10037a3c f   kernel32:KERNEL32.dll
 0002:00000000       ___xc_a                    10042000     LIBCMT:crt0init.obj
 0002:00000104       ___xc_z                    10042104     LIBCMT:crt0init.obj
 0002:00000208       ___xi_a                    10042208     LIBCMT:crt0init.obj
 0002:00000424       ___xi_z                    10042424     LIBCMT:crt0init.obj
 0002:00000528       ___xp_a                    10042528     LIBCMT:crt0init.obj
 0002:0000083c       ___xp_z                    1004283c     LIBCMT:crt0init.obj
 0002:00000940       ___xt_a                    10042940     LIBCMT:crt0init.obj
 0002:00000a44       ___xt_z                    10042a44     LIBCMT:crt0init.obj
 0002:00000b88       _FingerStrokeAssistance_M  10042b88     FingerStrokeAssistance.obj
 0002:00000b8c       ??_C@_0BI@PBFPDHLE@Error?5creating?5scope?54?6?$AA@ 10042b8c     FingerStrokeAssistance.obj
 0002:00000ba8       ??_C@_0O@LGBPGFOL@signals?1Gain3?$AA@ 10042ba8     FingerStrokeAssistance.obj
 0002:00000bb8       ??_C@_0DB@ENPBKHPM@Robot?1account?5for?5handedness1?1MA@ 10042bb8     FingerStrokeAssistance.obj
 0002:00000bf4       ??_C@_0O@CAPLFIJB@Robot?1Gain?1s2?$AA@ 10042bf4     FingerStrokeAssistance.obj
 0002:00000c04       ??_C@_0BG@JDAHNDCJ@MATLAB?5Function?1p7?1s2?$AA@ 10042c04     FingerStrokeAssistance.obj
 0002:00000c20       ??_C@_0N@NDALLKN@Robot?1Sum?1s2?$AA@ 10042c20     FingerStrokeAssistance.obj
 0002:00000c30       ??_C@_0O@DNKOCOOP@f_ref2?3?$CF15?46f?$AA@ 10042c30     FingerStrokeAssistance.obj
 0002:00000c40       ??_C@_0BA@BAONOGED@enc_raw2?3?$CF15?46f?$AA@ 10042c40     FingerStrokeAssistance.obj
 0002:00000c54       ??_C@_0BB@NKMEAAFC@enc_norm2?3?$CF15?46f?$AA@ 10042c54     FingerStrokeAssistance.obj
 0002:00000c68       ??_C@_0BB@GFJCGJHB@pos_ref_2?3?$CF15?46f?$AA@ 10042c68     FingerStrokeAssistance.obj
[...]
 0003:00004128       __maxwait                  1005c128     LIBCMT:crtheap.obj
 0003:0000412c       ?__pInconsistency@@3P6AXXZA 1005c12c     LIBCMT:hooks.obj
 0003:00004130       ___pPurecall               1005c130     LIBCMT:inithelp.obj
 0003:0000414c       ___mbcodepage              1005c14c     LIBCMT:mbctype.obj
 0003:00004150       ___ismbcodepage            1005c150     LIBCMT:mbctype.obj
 0003:00004154       ___mbulinfo                1005c154     LIBCMT:mbctype.obj
 0003:00004160       ___mblocalename            1005c160     LIBCMT:mbctype.obj
 0003:00004168       ___pioinfo                 1005c168     LIBCMT:ioinit.obj
 0003:00004268       ___error_mode              1005c268     LIBCMT:errmode.obj
 0003:00004388       __outputformat             1005c388     LIBCMT:outputformat.obj
 0003:00004390       __commode                  1005c390     LIBCMT:ncommode.obj
 0003:00004394       ___lconv_static_null       1005c394     LIBCMT:lconv.obj
 0003:00004398       ___lconv_static_W_null     1005c398     LIBCMT:lconv.obj
 0003:0000439c       ___locale_changed          1005c39c     LIBCMT:wsetloca.obj
 0003:000043a0       __fmode                    1005c3a0     LIBCMT:txtmode.obj
 0003:000043c0       _CANAC2_2_receiveindex_mb3 1005c3c0     <common>
 0003:00007494       _CANAC2_2_receivemaxindex_mb3 1005f494     <common>
 0003:000074a0       _CANAC2_2_sendindex_mb3    1005f4a0     <common>
 0003:000077c0       _CANAC2_2_sendmaxindex_mb3 1005f7c0     <common>
 0003:000077e0       _CANAC2_1_receiveindex_mb3 1005f7e0     <common>
 0003:00007b00       _CANAC2_1_receivemaxindex_mb3 1005fb00     <common>
 0003:00007b20       _CANAC2_1_sendindex_mb3    1005fb20     <common>
 0003:00007e40       _CANAC2_1_sendmaxindex_mb3 1005fe40     <common>
 0003:00007e60       _CANAC2_2_receive_mb3      1005fe60     <common>
 0003:00008180       _CANAC2_2_send_mb3         10060180     <common>
 0003:000084a0       _CANAC2_1_receive_mb3      100604a0     <common>
 0003:000087c0       _CANAC2_1_send_mb3         100607c0     <common>
 0003:00008ae0       _CANAC2_2_receiveindex_mb2 10060ae0     <common>
 0003:00008e00       _CANAC2_2_receivemaxindex_mb2 10060e00     <common>
 0003:00008e20       _CANAC2_2_sendindex_mb2    10060e20     <common>
 0003:00009140       _CANAC2_2_sendmaxindex_mb2 10061140     <common>
 0003:00009160       _CANAC2_1_receiveindex_mb2 10061160     <common>
 0003:00009480       _CANAC2_1_receivemaxindex_mb2 10061480     <common>
 0003:000094a0       _CANAC2_1_sendindex_mb2    100614a0     <common>
 0003:000097c0       _CANAC2_1_sendmaxindex_mb2 100617c0     <common>
 0003:000097e0       _CANAC2_2_receive_mb2      100617e0     <common>
 0003:00009b00       _CANAC2_2_send_mb2         10061b00     <common>
 0003:00009e20       _CANAC2_1_receive_mb2      10061e20     <common>
 0003:0000a140       _CANAC2_1_send_mb2         10062140     <common>
 0003:0000a460       _CANAC2_2_receiveindex_mb1 10062460     <common>
 0003:0000a780       _CANAC2_2_receivemaxindex_mb1 10062780     <common>
 0003:0000a7a0       _CANAC2_2_sendindex_mb1    100627a0     <common>
 0003:0000aac0       _CANAC2_2_sendmaxindex_mb1 10062ac0     <common>
 0003:0000aae0       _CANAC2_1_receiveindex_mb1 10062ae0     <common>
 0003:0000ae00       _CANAC2_1_receivemaxindex_mb1 10062e00     <common>
 0003:0000ae20       _CANAC2_1_sendindex_mb1    10062e20     <common>
 0003:0000b140       _CANAC2_1_sendmaxindex_mb1 10063140     <common>
 0003:0000b160       _CANAC2_2_receive_mb1      10063160     <common>
 0003:0000b480       _CANAC2_2_send_mb1         10063480     <common>
 0003:0000b7a0       _CANAC2_1_receive_mb1      100637a0     <common>
 0003:0000bac0       _CANAC2_1_send_mb1         10063ac0     <common>
 0003:0000bde0       _CANAC2_2_receiveindex     10063de0     <common>
 0003:0000c100       _CANAC2_2_receivemaxindex  10064100     <common>
 0003:0000c120       _CANAC2_2_sendindex        10064120     <common>
 0003:0000c440       _CANAC2_2_sendmaxindex     10064440     <common>
 0003:0000c460       _CANAC2_1_receiveindex     10064460     <common>
 0003:0000c780       _CANAC2_1_receivemaxindex  10064780     <common>
 0003:0000c7a0       _CANAC2_1_sendindex        100647a0     <common>
 0003:0000cac0       _CANAC2_1_sendmaxindex     10064ac0     <common>
 0003:0000cae0       _CANAC2_2_receive          10064ae0     <common>
 0003:0000ce00       _CANAC2_2_send             10064e00     <common>
 0003:0000d120       _CANAC2_1_receive          10065120     <common>
 0003:0000d440       _CANAC2_1_send             10065440     <common>
 0003:0000d760       _siepowercan_can_object_buffer_port2 10065760     <common>
 0003:00011780       _siepowercan_can_object_buffer_port1 10069780     <common>
 0003:00015780       _rtNaNF                    1006d780     <common>
 0003:00015794       _rtMinusInfF               1006d794     <common>
 0003:00015798       _rtInfF                    1006d798     <common>
 0003:000157a0       _rtNaN                     1006d7a0     <common>
 0003:000157a8       _rtMinusInf                1006d7a8     <common>
 0003:000157b0       _rtInf                     1006d7b0     <common>
 0003:000157c0       _FingerStrokeAssistance_M_ 1006d7c0     <common>
 0003:000173c9       _FingerStrokeAssistance_PrevZCX 1006f3c9     <common>
 0003:000173e0       _FingerStrokeAssistance_DW 1006f3e0     <common>
 0003:00017780       _FingerStrokeAssistance_B  1006f780     <common>
 0003:00017da8       _xpceaddEvent              1006fda8     <common>
 0003:00017df8       _xpceDeRegisterISR         1006fdf8     <common>
 0003:00017dfc       _xpceRegisterISR           1006fdfc     <common>
 0003:00017e00       _xpcIsModelInit            1006fe00     <common>
 0003:00017e04       _xpcGetElapsedTime         1006fe04     <common>
 0003:00017e08       _xpcBusyWait               1006fe08     <common>
 0003:00017e0c       _xpcFreePhysicalMemory     1006fe0c     <common>
 0003:00017e10       _xpcAllocPhysicalMemory    1006fe10     <common>
 0003:00017e14       _xpcReserveMemoryRegion    1006fe14     <common>
 0003:00017e18       _xpcOutpB                  1006fe18     <common>
 0003:00017e1c       _xpcOutpW                  1006fe1c     <common>
 0003:00017e20       _xpcOutpDW                 1006fe20     <common>
 0003:00017e24       _xpcInpB                   1006fe24     <common>
 0003:00017e28       _xpcInpW                   1006fe28     <common>
 0003:00017e2c       _xpcInpDW                  1006fe2c     <common>
 0003:00017e30       _slTestRegAssessment       1006fe30     <common>
 0003:00017e34       _slTestTerminate           1006fe34     <common>
 0003:00017e38       _slTestEvalOnFail          1006fe38     <common>
 0003:00017e3c       _slTestLogAssessments      1006fe3c     <common>
 0003:00017e40       _slTestInitialize          1006fe40     <common>
 0003:00017e44       _unRegisterPTPTimeRead     1006fe44     <common>
 0003:00017e48       _registerPTPTimeRead       1006fe48     <common>
 0003:00017e4c       _slrteGetCurrentStepSize   1006fe4c     <common>
 0003:00017e50       _slrteSetStepSizeDelta     1006fe50     <common>
 0003:00017e54       _xpceGetIntTimerGranularityNS 1006fe54     <common>
 0003:00017e58       _sendToAsyncQueueTgtAppSvc 1006fe58     <common>
 0003:00017e5c       _terminateToAsyncQueueTgtAppSvc 1006fe5c     <common>
 0003:00017e60       _startToAsyncQueueTgtAppSvc 1006fe60     <common>
 0003:00017e64       _getStatusFlags            1006fe64     <common>
 0003:00017e68       _getCommService            1006fe68     <common>
 0003:00017e6c       _getMemoryService          1006fe6c     <common>
 0003:00017e70       _StreamVideo               1006fe70     <common>
 0003:00017e74       _StopVideoDisplay          1006fe74     <common>
 0003:00017e78       _StartVideoDisplay         1006fe78     <common>
 0003:00017e7c       _DestroyVideoDisplay       1006fe7c     <common>
 0003:00017e80       _CreateVideoDisplay        1006fe80     <common>
 0003:00017e84       _ConvertUImage             1006fe84     <common>
 0003:00017e88       _StopVideo                 1006fe88     <common>
 0003:00017e8c       _ReadFrameBuffer           1006fe8c     <common>
 0003:00017e90       _StartVideo                1006fe90     <common>
 0003:00017e94       _GetVideoConfigs           1006fe94     <common>
 0003:00017e98       _FindUsbVideoDevice        1006fe98     <common>
 0003:00017e9c       _xpceDeleteSemaphore       1006fe9c     <common>
 0003:00017ea0       _xpceSignalSemaphore       1006fea0     <common>
 0003:00017ea4       _xpceWaitSemaphore         1006fea4     <common>
 0003:00017ea8       _xpceCreateSemaphore       1006fea8     <common>
 0003:00017eac       _TBGiveSpinFast            1006feac     <common>
 0003:00017eb0       _TBTakeSpinFast            1006feb0     <common>
 0003:00017eb4       _TBDeleteSpin              1006feb4     <common>
 0003:00017eb8       _TBCreateSpin              1006feb8     <common>
 0003:00017ebc       _xpceScopeAcqOK            1006febc     <common>
 0003:00017ec0       _rl32eRestartAcquisition   1006fec0     <common>
 0003:00017ec4       _rl32eSetTargetScopeSigFt  1006fec4     <common>
 0003:00017ec8       _rl32eSetTargetScope       1006fec8     <common>
 0003:00017ecc       _xpceFSScopeSet            1006fecc     <common>
 0003:00017ed0       _rl32eSetScope             1006fed0     <common>
 0003:00017ed4       _rl32eAddSignal            1006fed4     <common>
 0003:00017ed8       _rl32eGetSignalNo          1006fed8     <common>
 0003:00017edc       _rl32eDefScope             1006fedc     <common>
 0003:00017ee0       _rl32eScopeExists          1006fee0     <common>
 0003:00017ee4       _xpceUDPClose              1006fee4     <common>
 0003:00017ee8       _xpceUDPReceive            1006fee8     <common>
 0003:00017eec       _xpceUDPSend               1006feec     <common>
 0003:00017ef0       _xpceUDPOpenReceive        1006fef0     <common>
 0003:00017ef4       _xpceUDPOpenSend           1006fef4     <common>
 0003:00017ef8       _rl32eSendBlock            1006fef8     <common>
 0003:00017efc       _rl32eLineStatus           1006fefc     <common>
 0003:00017f00       _rl32eReceiveBufferCount   1006ff00     <common>
 0003:00017f04       _rl32eReceiveChar          1006ff04     <common>
 0003:00017f08       _rl32eSendChar             1006ff08     <common>
 0003:00017f0c       _rl32eCloseCOMPort         1006ff0c     <common>
 0003:00017f10       _rl32eInitCOMPort          1006ff10     <common>
 0003:00017f14       _xpceGetParamDims          1006ff14     <common>
 0003:00017f18       _xpceGetParameter          1006ff18     <common>
 0003:00017f1c       _xpceSetParameter          1006ff1c     <common>
 0003:00017f20       _xpceGetSignalValue        1006ff20     <common>
 0003:00017f24       _xpceAssignPCIInterrupt    1006ff24     <common>
 0003:00017f28       _rl32eGetPCIInfoAtSlot     1006ff28     <common>
 0003:00017f2c       _rl32eGetPCIInfo           1006ff2c     <common>
 0003:00017f30       _rl32eShowPCIInfo          1006ff30     <common>
 0003:00017f34       _rl32eShowPCIDev           1006ff34     <common>
 0003:00017f38       _xpceGetTET                1006ff38     <common>
 0003:00017f3c       _xpceFTSubtract            1006ff3c     <common>
 0003:00017f40       _xpceFTAdd                 1006ff40     <common>
 0003:00017f44       _xpceFTReadTime            1006ff44     <common>
 0003:00017f48       ___unguarded_readlc_active 1006ff48     <common>
 0003:00017f58       ___setlc_active            1006ff58     <common>
 0003:00017f5c       __nhandle                  1006ff5c     <common>
 0003:00017f80       _encodedKERNEL32Functions  1006ff80     <common>
 0003:00018028       __debugger_hook_dummy      10070028     <common>
 0003:00018034       ___use_sse2_mathfcns       10070034     <common>
 0003:00018040       __pmatherr                 10070040     <common>
 0003:0001804c       __pDestructExceptionObject 1007004c     <common>
 0003:00018058       __acmdln                   10070058     <common>
 0003:00018080       __bufin                    10070080     <common>
 0003:000193bc       ___piob                    100713bc     <common>
 0003:000193c0       __nstream                  100713c0     <common>
 0003:000193c4       ___dyn_tls_init_callback   100713c4     <common>
 0003:000193d4       ___onexitend               100713d4     <common>
 0003:000193d8       ___onexitbegin             100713d8     <common>
 0003:000193dc       ___mbctype_initialized     100713dc     <common>
 0003:000193e0       ___env_initialized         100713e0     <common>
 0004:00000000       __imp__GetModuleHandleA@4  10072000     kernel32:KERNEL32.dll
 0004:00000004       __imp__GetProcAddress@8    10072004     kernel32:KERNEL32.dll
 0004:00000008       __imp__HeapAlloc@12        10072008     kernel32:KERNEL32.dll
 0004:0000000c       __imp__IsDebuggerPresent@0 1007200c     kernel32:KERNEL32.dll
 0004:00000010       __imp__IsProcessorFeaturePresent@4 10072010     kernel32:KERNEL32.dll
 0004:00000014       __imp__EncodePointer@4     10072014     kernel32:KERNEL32.dll
 0004:00000018       __imp__DecodePointer@4     10072018     kernel32:KERNEL32.dll
 0004:0000001c       __imp__GetLastError@0      1007201c     kernel32:KERNEL32.dll
 0004:00000020       __imp__ExitProcess@4       10072020     kernel32:KERNEL32.dll
 0004:00000024       __imp__GetModuleHandleExW@12 10072024     kernel32:KERNEL32.dll
 0004:00000028       __imp__AreFileApisANSI@0   10072028     kernel32:KERNEL32.dll
 0004:0000002c       __imp__MultiByteToWideChar@24 1007202c     kernel32:KERNEL32.dll
 0004:00000030       __imp__WideCharToMultiByte@32 10072030     kernel32:KERNEL32.dll
 0004:00000034       __imp__HeapFree@12         10072034     kernel32:KERNEL32.dll
 0004:00000038       __imp__HeapReAlloc@16      10072038     kernel32:KERNEL32.dll
 0004:0000003c       __imp__EnterCriticalSection@4 1007203c     kernel32:KERNEL32.dll
 0004:00000040       __imp__LeaveCriticalSection@4 10072040     kernel32:KERNEL32.dll
 0004:00000044       __imp__GetStdHandle@4      10072044     kernel32:KERNEL32.dll
 0004:00000048       __imp__GetFileType@4       10072048     kernel32:KERNEL32.dll
 0004:0000004c       __imp__GetModuleFileNameW@12 1007204c     kernel32:KERNEL32.dll
 0004:00000050       __imp__WriteConsoleW@20    10072050     kernel32:KERNEL32.dll
 0004:00000054       __imp__GetCommandLineA@0   10072054     kernel32:KERNEL32.dll
 0004:00000058       __imp__GetCurrentThreadId@0 10072058     kernel32:KERNEL32.dll
 0004:0000005c       __imp__WriteFile@20        1007205c     kernel32:KERNEL32.dll
 0004:00000060       __imp__GetProcessHeap@0    10072060     kernel32:KERNEL32.dll
 0004:00000064       __imp__UnhandledExceptionFilter@4 10072064     kernel32:KERNEL32.dll
 0004:00000068       __imp__SetUnhandledExceptionFilter@4 10072068     kernel32:KERNEL32.dll
 0004:0000006c       __imp__SetLastError@4      1007206c     kernel32:KERNEL32.dll
 0004:00000070       __imp__InitializeCriticalSectionAndSpinCount@8 10072070     kernel32:KERNEL32.dll
 0004:00000074       __imp__CreateEventW@16     10072074     kernel32:KERNEL32.dll
 0004:00000078       __imp__Sleep@4             10072078     kernel32:KERNEL32.dll
 0004:0000007c       __imp__GetCurrentProcess@0 1007207c     kernel32:KERNEL32.dll
 0004:00000080       __imp__TerminateProcess@8  10072080     kernel32:KERNEL32.dll
 0004:00000084       __imp__TlsAlloc@0          10072084     kernel32:KERNEL32.dll
 0004:00000088       __imp__TlsGetValue@4       10072088     kernel32:KERNEL32.dll
 0004:0000008c       __imp__TlsSetValue@8       1007208c     kernel32:KERNEL32.dll
 0004:00000090       __imp__TlsFree@4           10072090     kernel32:KERNEL32.dll
 0004:00000094       __imp__GetStartupInfoW@4   10072094     kernel32:KERNEL32.dll
 0004:00000098       __imp__GetTickCount@0      10072098     kernel32:KERNEL32.dll
 0004:0000009c       __imp__GetModuleHandleW@4  1007209c     kernel32:KERNEL32.dll
 0004:000000a0       __imp__CreateSemaphoreW@16 100720a0     kernel32:KERNEL32.dll
 0004:000000a4       __imp__DeleteCriticalSection@4 100720a4     kernel32:KERNEL32.dll
 0004:000000a8       __imp__FatalAppExitA@8     100720a8     kernel32:KERNEL32.dll
 0004:000000ac       __imp__SetConsoleCtrlHandler@8 100720ac     kernel32:KERNEL32.dll
 0004:000000b0       __imp__FreeLibrary@4       100720b0     kernel32:KERNEL32.dll
 0004:000000b4       __imp__LoadLibraryExW@12   100720b4     kernel32:KERNEL32.dll
 0004:000000b8       __imp__IsValidCodePage@4   100720b8     kernel32:KERNEL32.dll
 0004:000000bc       __imp__GetACP@0            100720bc     kernel32:KERNEL32.dll
 0004:000000c0       __imp__GetOEMCP@0          100720c0     kernel32:KERNEL32.dll
 0004:000000c4       __imp__GetCPInfo@8         100720c4     kernel32:KERNEL32.dll
 0004:000000c8       __imp__CloseHandle@4       100720c8     kernel32:KERNEL32.dll
 0004:000000cc       __imp__RtlUnwind@16        100720cc     kernel32:KERNEL32.dll
 0004:000000d0       __imp__ReadFile@20         100720d0     kernel32:KERNEL32.dll
 0004:000000d4       __imp__GetConsoleMode@8    100720d4     kernel32:KERNEL32.dll
 0004:000000d8       __imp__ReadConsoleW@20     100720d8     kernel32:KERNEL32.dll
 0004:000000dc       __imp__GetConsoleCP@0      100720dc     kernel32:KERNEL32.dll
 0004:000000e0       __imp__DeleteFileW@4       100720e0     kernel32:KERNEL32.dll
 0004:000000e4       __imp__SetFilePointerEx@20 100720e4     kernel32:KERNEL32.dll
 0004:000000e8       __imp__RaiseException@16   100720e8     kernel32:KERNEL32.dll
 0004:000000ec       __imp__OutputDebugStringW@4 100720ec     kernel32:KERNEL32.dll
 0004:000000f0       __imp__GetCurrentThread@0  100720f0     kernel32:KERNEL32.dll
 0004:000000f4       __imp__GetModuleFileNameA@12 100720f4     kernel32:KERNEL32.dll
 0004:000000f8       __imp__QueryPerformanceCounter@4 100720f8     kernel32:KERNEL32.dll
 0004:000000fc       __imp__GetCurrentProcessId@0 100720fc     kernel32:KERNEL32.dll
 0004:00000100       __imp__GetSystemTimeAsFileTime@4 10072100     kernel32:KERNEL32.dll
 0004:00000104       __imp__GetEnvironmentStringsW@0 10072104     kernel32:KERNEL32.dll
 0004:00000108       __imp__FreeEnvironmentStringsW@4 10072108     kernel32:KERNEL32.dll
 0004:0000010c       __imp__HeapSize@12         1007210c     kernel32:KERNEL32.dll
 0004:00000110       __imp__GetDateFormatW@24   10072110     kernel32:KERNEL32.dll
 0004:00000114       __imp__GetTimeFormatW@24   10072114     kernel32:KERNEL32.dll
 0004:00000118       __imp__CompareStringW@24   10072118     kernel32:KERNEL32.dll
 0004:0000011c       __imp__LCMapStringW@24     1007211c     kernel32:KERNEL32.dll
 0004:00000120       __imp__GetLocaleInfoW@16   10072120     kernel32:KERNEL32.dll
 0004:00000124       __imp__IsValidLocale@8     10072124     kernel32:KERNEL32.dll
 0004:00000128       __imp__GetUserDefaultLCID@0 10072128     kernel32:KERNEL32.dll
 0004:0000012c       __imp__EnumSystemLocalesW@8 1007212c     kernel32:KERNEL32.dll
 0004:00000130       __imp__GetStringTypeW@16   10072130     kernel32:KERNEL32.dll
 0004:00000134       __imp__FlushFileBuffers@4  10072134     kernel32:KERNEL32.dll
 0004:00000138       __imp__SetStdHandle@8      10072138     kernel32:KERNEL32.dll
 0004:0000013c       __imp__CreateFileW@28      1007213c     kernel32:KERNEL32.dll
 0004:00000140       __imp__SetEndOfFile@4      10072140     kernel32:KERNEL32.dll
 0004:00000144       \177KERNEL32_NULL_THUNK_DATA 10072144     kernel32:KERNEL32.dll
 0004:000001b0       __IMPORT_DESCRIPTOR_KERNEL32 100721b0     kernel32:KERNEL32.dll
 0004:000001c4       __NULL_IMPORT_DESCRIPTOR   100721c4     kernel32:KERNEL32.dll

 entry point at        0001:00016ee3

